Component: ARM Compiler 5.06 update 6 (build 750) Tool: armlink [4d35ed]

==============================================================================

Section Cross References

    startup_stm32f103xe.o(STACK) refers (Special) to heapauxi.o(.text) for __use_two_region_memory
    startup_stm32f103xe.o(HEAP) refers (Special) to heapauxi.o(.text) for __use_two_region_memory
    startup_stm32f103xe.o(RESET) refers (Special) to heapauxi.o(.text) for __use_two_region_memory
    startup_stm32f103xe.o(RESET) refers to startup_stm32f103xe.o(STACK) for __initial_sp
    startup_stm32f103xe.o(RESET) refers to startup_stm32f103xe.o(.text) for Reset_Handler
    startup_stm32f103xe.o(RESET) refers to stm32f1xx_it.o(i.NMI_Handler) for NMI_Handler
    startup_stm32f103xe.o(RESET) refers to stm32f1xx_it.o(i.HardFault_Handler) for HardFault_Handler
    startup_stm32f103xe.o(RESET) refers to stm32f1xx_it.o(i.MemManage_Handler) for MemManage_Handler
    startup_stm32f103xe.o(RESET) refers to stm32f1xx_it.o(i.BusFault_Handler) for BusFault_Handler
    startup_stm32f103xe.o(RESET) refers to stm32f1xx_it.o(i.UsageFault_Handler) for UsageFault_Handler
    startup_stm32f103xe.o(RESET) refers to stm32f1xx_it.o(i.SVC_Handler) for SVC_Handler
    startup_stm32f103xe.o(RESET) refers to stm32f1xx_it.o(i.DebugMon_Handler) for DebugMon_Handler
    startup_stm32f103xe.o(RESET) refers to usart.o(i.USART1_IRQHandler) for USART1_IRQHandler
    startup_stm32f103xe.o(.text) refers (Special) to heapauxi.o(.text) for __use_two_region_memory
    startup_stm32f103xe.o(.text) refers to system_stm32f1xx.o(i.SystemInit) for SystemInit
    startup_stm32f103xe.o(.text) refers to __main.o(!!!main) for __main
    startup_stm32f103xe.o(.text) refers to startup_stm32f103xe.o(HEAP) for Heap_Mem
    startup_stm32f103xe.o(.text) refers to startup_stm32f103xe.o(STACK) for Stack_Mem
    main.o(i.main) refers to stm32f1xx_hal.o(i.HAL_Init) for HAL_Init
    main.o(i.main) refers to sys.o(i.sys_stm32_clock_init) for sys_stm32_clock_init
    main.o(i.main) refers to delay.o(i.delay_init) for delay_init
    main.o(i.main) refers to usart.o(i.usart_init) for usart_init
    main.o(i.main) refers to led.o(i.led_init) for led_init
    main.o(i.main) refers to key.o(i.key_init) for key_init
    main.o(i.main) refers to lcd.o(i.lcd_init) for lcd_init
    main.o(i.main) refers to main.o(i.show_mesg) for show_mesg
    main.o(i.main) refers to demo.o(i.demo_run) for demo_run
    main.o(i.show_mesg) refers to lcd.o(i.lcd_show_string) for lcd_show_string
    main.o(i.show_mesg) refers to noretval__2printf.o(.text) for __2printf
    system_stm32f1xx.o(i.SystemCoreClockUpdate) refers to system_stm32f1xx.o(.data) for SystemCoreClock
    system_stm32f1xx.o(i.SystemCoreClockUpdate) refers to system_stm32f1xx.o(.constdata) for AHBPrescTable
    demo.o(i.demo_run) refers to atk_ms7620.o(i.atk_ms7620_init) for atk_ms7620_init
    demo.o(i.demo_run) refers to noretval__2printf.o(.text) for __2printf
    demo.o(i.demo_run) refers to stm32f1xx_hal_gpio.o(i.HAL_GPIO_TogglePin) for HAL_GPIO_TogglePin
    demo.o(i.demo_run) refers to delay.o(i.delay_ms) for delay_ms
    demo.o(i.demo_run) refers to atk_ms7620.o(i.atk_ms7620_mode_config) for atk_ms7620_mode_config
    demo.o(i.demo_run) refers to atk_ms7620.o(i.atk_ms7620_get_gesture) for atk_ms7620_get_gesture
    delay.o(i.HAL_Delay) refers to delay.o(i.delay_ms) for delay_ms
    delay.o(i.delay_init) refers to stm32f1xx_hal_cortex.o(i.HAL_SYSTICK_CLKSourceConfig) for HAL_SYSTICK_CLKSourceConfig
    delay.o(i.delay_init) refers to delay.o(.data) for g_fac_us
    delay.o(i.delay_ms) refers to delay.o(i.delay_us) for delay_us
    delay.o(i.delay_us) refers to delay.o(.data) for g_fac_us
    sys.o(i.sys_stm32_clock_init) refers to stm32f1xx_hal_rcc.o(i.HAL_RCC_OscConfig) for HAL_RCC_OscConfig
    sys.o(i.sys_stm32_clock_init) refers to stm32f1xx_hal_rcc.o(i.HAL_RCC_ClockConfig) for HAL_RCC_ClockConfig
    usart.o(.rev16_text) refers (Special) to use_no_semi_2.o(.text) for __use_no_semihosting
    usart.o(.revsh_text) refers (Special) to use_no_semi_2.o(.text) for __use_no_semihosting
    usart.o(.rrx_text) refers (Special) to use_no_semi_2.o(.text) for __use_no_semihosting
    usart.o(i.HAL_UART_MspInit) refers (Special) to use_no_semi_2.o(.text) for __use_no_semihosting
    usart.o(i.HAL_UART_MspInit) refers to stm32f1xx_hal_gpio.o(i.HAL_GPIO_Init) for HAL_GPIO_Init
    usart.o(i.HAL_UART_MspInit) refers to stm32f1xx_hal_cortex.o(i.HAL_NVIC_EnableIRQ) for HAL_NVIC_EnableIRQ
    usart.o(i.HAL_UART_MspInit) refers to stm32f1xx_hal_cortex.o(i.HAL_NVIC_SetPriority) for HAL_NVIC_SetPriority
    usart.o(i.HAL_UART_RxCpltCallback) refers (Special) to use_no_semi_2.o(.text) for __use_no_semihosting
    usart.o(i.HAL_UART_RxCpltCallback) refers to stm32f1xx_hal_uart.o(i.HAL_UART_Receive_IT) for HAL_UART_Receive_IT
    usart.o(i.HAL_UART_RxCpltCallback) refers to usart.o(.data) for g_usart_rx_sta
[...]
    ../clib/armsys.c                         0x00000000   Number         0  no_argv.o ABSOLUTE
    ../clib/armsys.c                         0x00000000   Number         0  _get_argv_nomalloc.o ABSOLUTE
    ../clib/armsys.c                         0x00000000   Number         0  argv_veneer.o ABSOLUTE
    ../clib/armsys.c                         0x00000000   Number         0  argv_veneer.o ABSOLUTE
    ../clib/heapalloc.c                      0x00000000   Number         0  hrguard.o ABSOLUTE
    ../clib/heapaux.c                        0x00000000   Number         0  heapauxi.o ABSOLUTE
    ../clib/libinit.s                        0x00000000   Number         0  libinit2.o ABSOLUTE
    ../clib/libinit.s                        0x00000000   Number         0  libinit.o ABSOLUTE
    ../clib/libinit.s                        0x00000000   Number         0  libshutdown2.o ABSOLUTE
    ../clib/libinit.s                        0x00000000   Number         0  libshutdown.o ABSOLUTE
    ../clib/printf.c                         0x00000000   Number         0  _printf_hex_int_ptr.o ABSOLUTE
    ../clib/printf.c                         0x00000000   Number         0  _printf_char_file.o ABSOLUTE
    ../clib/printf.c                         0x00000000   Number         0  _printf_hex_ptr.o ABSOLUTE
    ../clib/printf.c                         0x00000000   Number         0  _printf_hex_int_ll.o ABSOLUTE
    ../clib/printf.c                         0x00000000   Number         0  _printf_hex_int.o ABSOLUTE
    ../clib/printf.c                         0x00000000   Number         0  _printf_hex_ll.o ABSOLUTE
    ../clib/printf.c                         0x00000000   Number         0  __printf_flags.o ABSOLUTE
    ../clib/printf.c                         0x00000000   Number         0  __printf.o ABSOLUTE
    ../clib/printf.c                         0x00000000   Number         0  noretval__2printf.o ABSOLUTE
    ../clib/printf.c                         0x00000000   Number         0  __2printf.o ABSOLUTE
    ../clib/printf.c                         0x00000000   Number         0  _printf_hex_int_ll_ptr.o ABSOLUTE
    ../clib/printf.c                         0x00000000   Number         0  __printf_flags_ss.o ABSOLUTE
    ../clib/printf.c                         0x00000000   Number         0  __printf_wp.o ABSOLUTE
    ../clib/printf.c                         0x00000000   Number         0  __printf_flags_wp.o ABSOLUTE
    ../clib/printf.c                         0x00000000   Number         0  __printf_ss_wp.o ABSOLUTE
    ../clib/printf.c                         0x00000000   Number         0  __printf_flags_ss_wp.o ABSOLUTE
    ../clib/printf.c                         0x00000000   Number         0  _printf_hex_ll_ptr.o ABSOLUTE
    ../clib/printf.c                         0x00000000   Number         0  __printf_ss.o ABSOLUTE
    ../clib/printf.c                         0x00000000   Number         0  _printf_char_common.o ABSOLUTE
    ../clib/printf.c                         0x00000000   Number         0  __printf_nopercent.o ABSOLUTE
    ../clib/printf.c                         0x00000000   Number         0  _printf_intcommon.o ABSOLUTE
    ../clib/printf_percent.s                 0x00000000   Number         0  _printf_x.o ABSOLUTE
    ../clib/printf_percent.s                 0x00000000   Number         0  _printf_percent.o ABSOLUTE
    ../clib/printf_percent.s                 0x00000000   Number         0  _printf_percent_end.o ABSOLUTE
    ../clib/signal.c                         0x00000000   Number         0  __raise.o ABSOLUTE
    ../clib/signal.c                         0x00000000   Number         0  defsig_general.o ABSOLUTE
    ../clib/signal.c                         0x00000000   Number         0  defsig_exit.o ABSOLUTE
    ../clib/signal.c                         0x00000000   Number         0  defsig_rtmem_outer.o ABSOLUTE
    ../clib/signal.c                         0x00000000   Number         0  defsig_abrt_inner.o ABSOLUTE
    ../clib/signal.c                         0x00000000   Number         0  defsig_rtmem_formal.o ABSOLUTE
    ../clib/signal.c                         0x00000000   Number         0  defsig_rtmem_inner.o ABSOLUTE
    ../clib/signal.c                         0x00000000   Number         0  defsig_segv_inner.o ABSOLUTE
    ../clib/signal.c                         0x00000000   Number         0  defsig_other.o ABSOLUTE
    ../clib/signal.c                         0x00000000   Number         0  defsig_fpe_inner.o ABSOLUTE
    ../clib/signal.c                         0x00000000   Number         0  defsig_rtred_inner.o ABSOLUTE
    ../clib/signal.c                         0x00000000   Number         0  defsig_stak_inner.o ABSOLUTE
    ../clib/signal.c                         0x00000000   Number         0  defsig_pvfn_inner.o ABSOLUTE
    ../clib/signal.c                         0x00000000   Number         0  defsig_cppl_inner.o ABSOLUTE
    ../clib/signal.s                         0x00000000   Number         0  defsig.o ABSOLUTE
    ../clib/stdio.c                          0x00000000   Number         0  ferror_locked.o ABSOLUTE
    ../clib/stdio.c                          0x00000000   Number         0  ferror.o ABSOLUTE
    ../clib/stdlib.c                         0x00000000   Number         0  exit.o ABSOLUTE
    ../fplib/dfixu.s                         0x00000000   Number         0  dfixu.o ABSOLUTE
    ../fplib/dflt.s                          0x00000000   Number         0  dflt_clz.o ABSOLUTE
    ../fplib/dmul.s                          0x00000000   Number         0  dmul.o ABSOLUTE
    ../fplib/dnaninf.s                       0x00000000   Number         0  dnaninf.o ABSOLUTE
    ../fplib/dretinf.s                       0x00000000   Number         0  dretinf.o ABSOLUTE
    ../fplib/fpinit.s                        0x00000000   Number         0  fpinit.o ABSOLUTE
    ../fplib/usenofp.s                       0x00000000   Number         0  usenofp.o ABSOLUTE
    ..\..\Drivers\BSP\ATK_MS7620\atk_ms7620.c 0x00000000   Number         0  atk_ms7620.o ABSOLUTE
    ..\..\Drivers\BSP\ATK_MS7620\atk_ms7620_iic.c 0x00000000   Number         0  atk_ms7620_iic.o ABSOLUTE
    ..\..\Drivers\BSP\KEY\key.c              0x00000000   Number         0  key.o ABSOLUTE
    ..\..\Drivers\BSP\LCD\lcd.c              0x00000000   Number         0  lcd.o ABSOLUTE
    ..\..\Drivers\BSP\LED\led.c              0x00000000   Number         0  led.o ABSOLUTE
    ..\..\Drivers\CMSIS\Device\ST\STM32F1xx\Source\Templates\arm\startup_stm32f103xe.s 0x00000000   Number         0  startup_stm32f103xe.o ABSOLUTE
    ..\..\Drivers\CMSIS\Device\ST\STM32F1xx\Source\Templates\system_stm32f1xx.c 0x00000000   Number         0  system_stm32f1xx.o ABSOLUTE
    ..\..\Drivers\STM32F1xx_HAL_Driver\Src\stm32f1xx_hal.c 0x00000000   Number         0  stm32f1xx_hal.o ABSOLUTE
    ..\..\Drivers\STM32F1xx_HAL_Driver\Src\stm32f1xx_hal_cortex.c 0x00000000   Number         0  stm32f1xx_hal_cortex.o ABSOLUTE
    ..\..\Drivers\STM32F1xx_HAL_Driver\Src\stm32f1xx_hal_dma.c 0x00000000   Number         0  stm32f1xx_hal_dma.o ABSOLUTE
    ..\..\Drivers\STM32F1xx_HAL_Driver\Src\stm32f1xx_hal_gpio.c 0x00000000   Number         0  stm32f1xx_hal_gpio.o ABSOLUTE
    ..\..\Drivers\STM32F1xx_HAL_Driver\Src\stm32f1xx_hal_gpio_ex.c 0x00000000   Number         0  stm32f1xx_hal_gpio_ex.o ABSOLUTE
    ..\..\Drivers\STM32F1xx_HAL_Driver\Src\stm32f1xx_hal_pwr.c 0x00000000   Number         0  stm32f1xx_hal_pwr.o ABSOLUTE
    ..\..\Drivers\STM32F1xx_HAL_Driver\Src\stm32f1xx_hal_rcc.c 0x00000000   Number         0  stm32f1xx_hal_rcc.o ABSOLUTE
    ..\..\Drivers\STM32F1xx_HAL_Driver\Src\stm32f1xx_hal_rcc_ex.c 0x00000000   Number         0  stm32f1xx_hal_rcc_ex.o ABSOLUTE
    ..\..\Drivers\STM32F1xx_HAL_Driver\Src\stm32f1xx_hal_sram.c 0x00000000   Number         0  stm32f1xx_hal_sram.o ABSOLUTE
    ..\..\Drivers\STM32F1xx_HAL_Driver\Src\stm32f1xx_hal_tim.c 0x00000000   Number         0  stm32f1xx_hal_tim.o ABSOLUTE
    ..\..\Drivers\STM32F1xx_HAL_Driver\Src\stm32f1xx_hal_tim_ex.c 0x00000000   Number         0  stm32f1xx_hal_tim_ex.o ABSOLUTE
    ..\..\Drivers\STM32F1xx_HAL_Driver\Src\stm32f1xx_hal_uart.c 0x00000000   Number         0  stm32f1xx_hal_uart.o ABSOLUTE
    ..\..\Drivers\STM32F1xx_HAL_Driver\Src\stm32f1xx_hal_usart.c 0x00000000   Number         0  stm32f1xx_hal_usart.o ABSOLUTE
    ..\..\Drivers\STM32F1xx_HAL_Driver\Src\stm32f1xx_ll_fsmc.c 0x00000000   Number         0  stm32f1xx_ll_fsmc.o ABSOLUTE
    ..\..\Drivers\SYSTEM\delay\delay.c       0x00000000   Number         0  delay.o ABSOLUTE
    ..\..\Drivers\SYSTEM\sys\sys.c           0x00000000   Number         0  sys.o ABSOLUTE
    ..\..\Drivers\SYSTEM\usart\usart.c       0x00000000   Number         0  usart.o ABSOLUTE
    ..\..\User\demo.c                        0x00000000   Number         0  demo.o ABSOLUTE
    ..\..\User\main.c                        0x00000000   Number         0  main.o ABSOLUTE
    ..\..\User\stm32f1xx_it.c                0x00000000   Number         0  stm32f1xx_it.o ABSOLUTE
    ..\\..\\Drivers\\BSP\\ATK_MS7620\\atk_ms7620.c 0x00000000   Number         0  atk_ms7620.o ABSOLUTE
    ..\\..\\Drivers\\BSP\\ATK_MS7620\\atk_ms7620_iic.c 0x00000000   Number         0  atk_ms7620_iic.o ABSOLUTE
    ..\\..\\Drivers\\BSP\\KEY\\key.c         0x00000000   Number         0  key.o ABSOLUTE
    ..\\..\\Drivers\\BSP\\LCD\\lcd.c         0x00000000   Number         0  lcd.o ABSOLUTE
    ..\\..\\Drivers\\BSP\\LED\\led.c         0x00000000   Number         0  led.o ABSOLUTE
    ..\\..\\Drivers\\CMSIS\\Device\\ST\\STM32F1xx\\Source\\Templates\\system_stm32f1xx.c 0x00000000   Number         0  system_stm32f1xx.o ABSOLUTE
    ..\\..\\Drivers\\STM32F1xx_HAL_Driver\\Src\\stm32f1xx_hal.c 0x00000000   Number         0  stm32f1xx_hal.o ABSOLUTE
    ..\\..\\Drivers\\STM32F1xx_HAL_Driver\\Src\\stm32f1xx_hal_cortex.c 0x00000000   Number         0  stm32f1xx_hal_cortex.o ABSOLUTE
    ..\\..\\Drivers\\STM32F1xx_HAL_Driver\\Src\\stm32f1xx_hal_dma.c 0x00000000   Number         0  stm32f1xx_hal_dma.o ABSOLUTE
    ..\\..\\Drivers\\STM32F1xx_HAL_Driver\\Src\\stm32f1xx_hal_gpio.c 0x00000000   Number         0  stm32f1xx_hal_gpio.o ABSOLUTE
    ..\\..\\Drivers\\STM32F1xx_HAL_Driver\\Src\\stm32f1xx_hal_gpio_ex.c 0x00000000   Number         0  stm32f1xx_hal_gpio_ex.o ABSOLUTE
    ..\\..\\Drivers\\STM32F1xx_HAL_Driver\\Src\\stm32f1xx_hal_pwr.c 0x00000000   Number         0  stm32f1xx_hal_pwr.o ABSOLUTE
    ..\\..\\Drivers\\STM32F1xx_HAL_Driver\\Src\\stm32f1xx_hal_rcc.c 0x00000000   Number         0  stm32f1xx_hal_rcc.o ABSOLUTE
    ..\\..\\Drivers\\STM32F1xx_HAL_Driver\\Src\\stm32f1xx_hal_rcc_ex.c 0x00000000   Number         0  stm32f1xx_hal_rcc_ex.o ABSOLUTE
    ..\\..\\Drivers\\STM32F1xx_HAL_Driver\\Src\\stm32f1xx_hal_sram.c 0x00000000   Number         0  stm32f1xx_hal_sram.o ABSOLUTE
    ..\\..\\Drivers\\STM32F1xx_HAL_Driver\\Src\\stm32f1xx_hal_tim.c 0x00000000   Number         0  stm32f1xx_hal_tim.o ABSOLUTE
    ..\\..\\Drivers\\STM32F1xx_HAL_Driver\\Src\\stm32f1xx_hal_tim_ex.c 0x00000000   Number         0  stm32f1xx_hal_tim_ex.o ABSOLUTE
    ..\\..\\Drivers\\STM32F1xx_HAL_Driver\\Src\\stm32f1xx_hal_uart.c 0x00000000   Number         0  stm32f1xx_hal_uart.o ABSOLUTE
    ..\\..\\Drivers\\STM32F1xx_HAL_Driver\\Src\\stm32f1xx_hal_usart.c 0x00000000   Number         0  stm32f1xx_hal_usart.o ABSOLUTE
    ..\\..\\Drivers\\STM32F1xx_HAL_Driver\\Src\\stm32f1xx_ll_fsmc.c 0x00000000   Number         0  stm32f1xx_ll_fsmc.o ABSOLUTE
    ..\\..\\Drivers\\SYSTEM\\delay\\delay.c  0x00000000   Number         0  delay.o ABSOLUTE
    ..\\..\\Drivers\\SYSTEM\\sys\\sys.c      0x00000000   Number         0  sys.o ABSOLUTE
    ..\\..\\Drivers\\SYSTEM\\usart\\usart.c  0x00000000   Number         0  usart.o ABSOLUTE
    ..\\..\\User\\demo.c                     0x00000000   Number         0  demo.o ABSOLUTE
    ..\\..\\User\\main.c                     0x00000000   Number         0  main.o ABSOLUTE
    ..\\..\\User\\stm32f1xx_it.c             0x00000000   Number         0  stm32f1xx_it.o ABSOLUTE
    dc.s                                     0x00000000   Number         0  dc.o ABSOLUTE
    RESET                                    0x08000000   Section      304  startup_stm32f103xe.o(RESET)
    !!!main                                  0x08000130   Section        8  __main.o(!!!main)
    !!!scatter                               0x08000138   Section       52  __scatter.o(!!!scatter)
    !!handler_copy                           0x0800016c   Section       26  __scatter_copy.o(!!handler_copy)
    !!handler_zi                             0x08000188   Section       28  __scatter_zi.o(!!handler_zi)
    .ARM.Collect$$_printf_percent$$00000000  0x080001a4   Section        0  _printf_percent.o(.ARM.Collect$$_printf_percent$$00000000)
    .ARM.Collect$$_printf_percent$$0000000C  0x080001a4   Section        6  _printf_x.o(.ARM.Collect$$_printf_percent$$0000000C)
    .ARM.Collect$$_printf_percent$$00000017  0x080001aa   Section        4  _printf_percent_end.o(.ARM.Collect$$_printf_percent$$00000017)
    .ARM.Collect$$libinit$$00000000          0x080001ae   Section        2  libinit.o(.ARM.Collect$$libinit$$00000000)
    .ARM.Collect$$libinit$$00000002          0x080001b0   Section        0  libinit2.o(.ARM.Collect$$libinit$$00000002)
    .ARM.Collect$$libinit$$00000004          0x080001b0   Section        0  libinit2.o(.ARM.Collect$$libinit$$00000004)
    .ARM.Collect$$libinit$$0000000A          0x080001b0   Section        0  libinit2.o(.ARM.Collect$$libinit$$0000000A)
    .ARM.Collect$$libinit$$0000000C          0x080001b0   Section        0  libinit2.o(.ARM.Collect$$libinit$$0000000C)
    .ARM.Collect$$libinit$$0000000E          0x080001b0   Section        0  libinit2.o(.ARM.Collect$$libinit$$0000000E)
    .ARM.Collect$$libinit$$00000011          0x080001b0   Section        0  libinit2.o(.ARM.Collect$$libinit$$00000011)
    .ARM.Collect$$libinit$$00000013          0x080001b0   Section        0  libinit2.o(.ARM.Collect$$libinit$$00000013)
    .ARM.Collect$$libinit$$00000015          0x080001b0   Section        0  libinit2.o(.ARM.Collect$$libinit$$00000015)
    .ARM.Collect$$libinit$$00000017          0x080001b0   Section        0  libinit2.o(.ARM.Collect$$libinit$$00000017)
    .ARM.Collect$$libinit$$00000019          0x080001b0   Section        0  libinit2.o(.ARM.Collect$$libinit$$00000019)
    .ARM.Collect$$libinit$$0000001B          0x080001b0   Section        0  libinit2.o(.ARM.Collect$$libinit$$0000001B)
    .ARM.Collect$$libinit$$0000001D          0x080001b0   Section        0  libinit2.o(.ARM.Collect$$libinit$$0000001D)
    .ARM.Collect$$libinit$$0000001F          0x080001b0   Section        0  libinit2.o(.ARM.Collect$$libinit$$0000001F)
    .ARM.Collect$$libinit$$00000021          0x080001b0   Section        0  libinit2.o(.ARM.Collect$$libinit$$00000021)
    .ARM.Collect$$libinit$$00000023          0x080001b0   Section        0  libinit2.o(.ARM.Collect$$libinit$$00000023)
    .ARM.Collect$$libinit$$00000025          0x080001b0   Section        0  libinit2.o(.ARM.Collect$$libinit$$00000025)
    .ARM.Collect$$libinit$$0000002C          0x080001b0   Section        0  libinit2.o(.ARM.Collect$$libinit$$0000002C)
    .ARM.Collect$$libinit$$0000002E          0x080001b0   Section        0  libinit2.o(.ARM.Collect$$libinit$$0000002E)
    .ARM.Collect$$libinit$$00000030          0x080001b0   Section        0  libinit2.o(.ARM.Collect$$libinit$$00000030)
    .ARM.Collect$$libinit$$00000032          0x080001b0   Section        0  libinit2.o(.ARM.Collect$$libinit$$00000032)
    .ARM.Collect$$libinit$$00000033          0x080001b0   Section        2  libinit2.o(.ARM.Collect$$libinit$$00000033)
    .ARM.Collect$$libshutdown$$00000000      0x080001b2   Section        2  libshutdown.o(.ARM.Collect$$libshutdown$$00000000)
    .ARM.Collect$$libshutdown$$00000002      0x080001b4   Section        0  libshutdown2.o(.ARM.Collect$$libshutdown$$00000002)
    .ARM.Collect$$libshutdown$$00000004      0x080001b4   Section        0  libshutdown2.o(.ARM.Collect$$libshutdown$$00000004)
    .ARM.Collect$$libshutdown$$00000007      0x080001b4   Section        0  libshutdown2.o(.ARM.Collect$$libshutdown$$00000007)
    .ARM.Collect$$libshutdown$$0000000A      0x080001b4   Section        0  libshutdown2.o(.ARM.Collect$$libshutdown$$0000000A)
    .ARM.Collect$$libshutdown$$0000000C      0x080001b4   Section        0  libshutdown2.o(.ARM.Collect$$libshutdown$$0000000C)
    .ARM.Collect$$libshutdown$$0000000F      0x080001b4   Section        0  libshutdown2.o(.ARM.Collect$$libshutdown$$0000000F)
    .ARM.Collect$$libshutdown$$00000010      0x080001b4   Section        2  libshutdown2.o(.ARM.Collect$$libshutdown$$00000010)
    .ARM.Collect$$rtentry$$00000000          0x080001b6   Section        0  __rtentry.o(.ARM.Collect$$rtentry$$00000000)
    .ARM.Collect$$rtentry$$00000002          0x080001b6   Section        0  __rtentry2.o(.ARM.Collect$$rtentry$$00000002)
    .ARM.Collect$$rtentry$$00000004          0x080001b6   Section        6  __rtentry4.o(.ARM.Collect$$rtentry$$00000004)
    .ARM.Collect$$rtentry$$00000009          0x080001bc   Section        0  __rtentry2.o(.ARM.Collect$$rtentry$$00000009)
    .ARM.Collect$$rtentry$$0000000A          0x080001bc   Section        4  __rtentry2.o(.ARM.Collect$$rtentry$$0000000A)
    .ARM.Collect$$rtentry$$0000000C          0x080001c0   Section        0  __rtentry2.o(.ARM.Collect$$rtentry$$0000000C)
    .ARM.Collect$$rtentry$$0000000D          0x080001c0   Section        8  __rtentry2.o(.ARM.Collect$$rtentry$$0000000D)
    .ARM.Collect$$rtexit$$00000000           0x080001c8   Section        2  rtexit.o(.ARM.Collect$$rtexit$$00000000)
    .ARM.Collect$$rtexit$$00000002           0x080001ca   Section        0  rtexit2.o(.ARM.Collect$$rtexit$$00000002)
    .ARM.Collect$$rtexit$$00000003           0x080001ca   Section        4  rtexit2.o(.ARM.Collect$$rtexit$$00000003)
    .ARM.Collect$$rtexit$$00000004           0x080001ce   Section        6  rtexit2.o(.ARM.Collect$$rtexit$$00000004)
    .text                                    0x080001d4   Section       64  startup_stm32f103xe.o(.text)
    .text                                    0x08000214   Section        2  use_no_semi_2.o(.text)
    .text                                    0x08000218   Section        0  noretval__2printf.o(.text)
    .text                                    0x08000230   Section        0  __printf.o(.text)
    .text                                    0x08000298   Section        0  _printf_hex_int.o(.text)
    .text                                    0x080002f0   Section        0  heapauxi.o(.text)
    .text                                    0x080002f6   Section        2  use_no_semi.o(.text)
    .text                                    0x080002f8   Section        0  _printf_intcommon.o(.text)
    .text                                    0x080003ac   Section        0  _printf_char_file.o(.text)
    .text                                    0x080003d0   Section        0  _printf_char_common.o(.text)
    _printf_input_char                       0x080003d1   Thumb Code    10  _printf_char_common.o(.text)
    .text                                    0x08000400   Section        0  ferror.o(.text)
    .text                                    0x08000408   Section       74  sys_stackheap_outer.o(.text)
    .text                                    0x08000452   Section        0  exit.o(.text)
    .text                                    0x08000464   Section        8  libspace.o(.text)
    i.BusFault_Handler                       0x0800046c   Section        0  stm32f1xx_it.o(i.BusFault_Handler)
    i.DebugMon_Handler                       0x08000470   Section        0  stm32f1xx_it.o(i.DebugMon_Handler)
    i.FSMC_NORSRAM_Extended_Timing_Init      0x08000474   Section        0  stm32f1xx_ll_fsmc.o(i.FSMC_NORSRAM_Extended_Timing_Init)
    i.FSMC_NORSRAM_Init                      0x080004b8   Section        0  stm32f1xx_ll_fsmc.o(i.FSMC_NORSRAM_Init)
    i.FSMC_NORSRAM_Timing_Init               0x08000530   Section        0  stm32f1xx_ll_fsmc.o(i.FSMC_NORSRAM_Timing_Init)
    i.HAL_DMA_Abort_IT                       0x08000574   Section        0  stm32f1xx_hal_dma.o(i.HAL_DMA_Abort_IT)
    i.HAL_GPIO_Init                          0x0800071c   Section        0  stm32f1xx_hal_gpio.o(i.HAL_GPIO_Init)
    i.HAL_GPIO_ReadPin                       0x08000a5c   Section        0  stm32f1xx_hal_gpio.o(i.HAL_GPIO_ReadPin)
    i.HAL_GPIO_TogglePin                     0x08000a6c   Section        0  stm32f1xx_hal_gpio.o(i.HAL_GPIO_TogglePin)
    i.HAL_GPIO_WritePin                      0x08000a80   Section        0  stm32f1xx_hal_gpio.o(i.HAL_GPIO_WritePin)
    i.HAL_GetTick                            0x08000a8c   Section        0  stm32f1xx_hal.o(i.HAL_GetTick)
    i.HAL_Init                               0x08000a98   Section        0  stm32f1xx_hal.o(i.HAL_Init)
    i.HAL_InitTick                           0x08000ac0   Section        0  stm32f1xx_hal.o(i.HAL_InitTick)
    i.HAL_MspInit                            0x08000b0c   Section        0  stm32f1xx_hal.o(i.HAL_MspInit)
    i.HAL_NVIC_EnableIRQ                     0x08000b0e   Section        0  stm32f1xx_hal_cortex.o(i.HAL_NVIC_EnableIRQ)
    i.HAL_NVIC_SetPriority                   0x08000b2e   Section        0  stm32f1xx_hal_cortex.o(i.HAL_NVIC_SetPriority)
    i.HAL_NVIC_SetPriorityGrouping           0x08000bac   Section        0  stm32f1xx_hal_cortex.o(i.HAL_NVIC_SetPriorityGrouping)
    i.HAL_RCC_ClockConfig                    0x08000bd4   Section        0  stm32f1xx_hal_rcc.o(i.HAL_RCC_ClockConfig)
    i.HAL_RCC_GetHCLKFreq                    0x08000d60   Section        0  stm32f1xx_hal_rcc.o(i.HAL_RCC_GetHCLKFreq)
    i.HAL_RCC_GetPCLK1Freq                   0x08000d6c   Section        0  stm32f1xx_hal_rcc.o(i.HAL_RCC_GetPCLK1Freq)
    i.HAL_RCC_GetPCLK2Freq                   0x08000d8c   Section        0  stm32f1xx_hal_rcc.o(i.HAL_RCC_GetPCLK2Freq)
    i.HAL_RCC_GetSysClockFreq                0x08000dac   Section        0  stm32f1xx_hal_rcc.o(i.HAL_RCC_GetSysClockFreq)
    i.HAL_RCC_OscConfig                      0x08000e40   Section        0  stm32f1xx_hal_rcc.o(i.HAL_RCC_OscConfig)
    i.HAL_SRAM_Init                          0x080012a4   Section        0  stm32f1xx_hal_sram.o(i.HAL_SRAM_Init)
    i.HAL_SRAM_MspInit                       0x0800130c   Section        0  lcd.o(i.HAL_SRAM_MspInit)
    i.HAL_SYSTICK_CLKSourceConfig            0x0800139c   Section        0  stm32f1xx_hal_cortex.o(i.HAL_SYSTICK_CLKSourceConfig)
    i.HAL_SYSTICK_Config                     0x080013c4   Section        0  stm32f1xx_hal_cortex.o(i.HAL_SYSTICK_Config)
    i.HAL_UART_ErrorCallback                 0x080013f8   Section        0  stm32f1xx_hal_uart.o(i.HAL_UART_ErrorCallback)
    i.HAL_UART_IRQHandler                    0x080013fc   Section        0  stm32f1xx_hal_uart.o(i.HAL_UART_IRQHandler)
    i.HAL_UART_Init                          0x08001550   Section        0  stm32f1xx_hal_uart.o(i.HAL_UART_Init)
    i.HAL_UART_MspInit                       0x080015c4   Section        0  usart.o(i.HAL_UART_MspInit)
    i.HAL_UART_Receive_IT                    0x08001678   Section        0  stm32f1xx_hal_uart.o(i.HAL_UART_Receive_IT)
    i.HAL_UART_RxCpltCallback                0x080016e8   Section        0  usart.o(i.HAL_UART_RxCpltCallback)
    i.HAL_UART_TxCpltCallback                0x08001784   Section        0  stm32f1xx_hal_uart.o(i.HAL_UART_TxCpltCallback)
    i.HardFault_Handler                      0x08001786   Section        0  stm32f1xx_it.o(i.HardFault_Handler)
    i.MemManage_Handler                      0x0800178a   Section        0  stm32f1xx_it.o(i.MemManage_Handler)
    i.NMI_Handler                            0x0800178e   Section        0  stm32f1xx_it.o(i.NMI_Handler)
    i.RCC_Delay                              0x08001790   Section        0  stm32f1xx_hal_rcc.o(i.RCC_Delay)
    RCC_Delay                                0x08001791   Thumb Code    36  stm32f1xx_hal_rcc.o(i.RCC_Delay)
    i.SVC_Handler                            0x080017b8   Section        0  stm32f1xx_it.o(i.SVC_Handler)
    i.SystemInit                             0x080017ba   Section        0  system_stm32f1xx.o(i.SystemInit)
    i.UART_DMAAbortOnError                   0x080017bc   Section        0  stm32f1xx_hal_uart.o(i.UART_DMAAbortOnError)
    UART_DMAAbortOnError                     0x080017bd   Thumb Code    20  stm32f1xx_hal_uart.o(i.UART_DMAAbortOnError)
    i.UART_EndRxTransfer                     0x080017d0   Section        0  stm32f1xx_hal_uart.o(i.UART_EndRxTransfer)
    UART_EndRxTransfer                       0x080017d1   Thumb Code    32  stm32f1xx_hal_uart.o(i.UART_EndRxTransfer)
    i.UART_EndTransmit_IT                    0x080017f0   Section        0  stm32f1xx_hal_uart.o(i.UART_EndTransmit_IT)
    UART_EndTransmit_IT                      0x080017f1   Thumb Code    32  stm32f1xx_hal_uart.o(i.UART_EndTransmit_IT)
    i.UART_Receive_IT                        0x08001810   Section        0  stm32f1xx_hal_uart.o(i.UART_Receive_IT)
    UART_Receive_IT                          0x08001811   Thumb Code   160  stm32f1xx_hal_uart.o(i.UART_Receive_IT)
    i.UART_SetConfig                         0x080018b0   Section        0  stm32f1xx_hal_uart.o(i.UART_SetConfig)
    UART_SetConfig                           0x080018b1   Thumb Code   248  stm32f1xx_hal_uart.o(i.UART_SetConfig)
    i.UART_Transmit_IT                       0x080019ac   Section        0  stm32f1xx_hal_uart.o(i.UART_Transmit_IT)
    UART_Transmit_IT                         0x080019ad   Thumb Code    96  stm32f1xx_hal_uart.o(i.UART_Transmit_IT)
    i.USART1_IRQHandler                      0x08001a0c   Section        0  usart.o(i.USART1_IRQHandler)
    i.UsageFault_Handler                     0x08001a1c   Section        0  stm32f1xx_it.o(i.UsageFault_Handler)
    i.__NVIC_GetPriorityGrouping             0x08001a20   Section        0  stm32f1xx_hal_cortex.o(i.__NVIC_GetPriorityGrouping)
    __NVIC_GetPriorityGrouping               0x08001a21   Thumb Code    10  stm32f1xx_hal_cortex.o(i.__NVIC_GetPriorityGrouping)
    i.__NVIC_SetPriority                     0x08001a30   Section        0  stm32f1xx_hal_cortex.o(i.__NVIC_SetPriority)
    __NVIC_SetPriority                       0x08001a31   Thumb Code    32  stm32f1xx_hal_cortex.o(i.__NVIC_SetPriority)
    i._sys_exit                              0x08001a58   Section        0  usart.o(i._sys_exit)
    i.atk_ms7620_get_gesture                 0x08001a5c   Section        0  atk_ms7620.o(i.atk_ms7620_get_gesture)
    i.atk_ms7620_get_wakeup_status           0x08001afe   Section        0  atk_ms7620.o(i.atk_ms7620_get_wakeup_status)
    atk_ms7620_get_wakeup_status             0x08001aff   Thumb Code    34  atk_ms7620.o(i.atk_ms7620_get_wakeup_status)
    i.atk_ms7620_iic_ack                     0x08001b20   Section        0  atk_ms7620_iic.o(i.atk_ms7620_iic_ack)
    i.atk_ms7620_iic_delay                   0x08001b74   Section        0  atk_ms7620_iic.o(i.atk_ms7620_iic_delay)
    atk_ms7620_iic_delay                     0x08001b75   Thumb Code    10  atk_ms7620_iic.o(i.atk_ms7620_iic_delay)
    i.atk_ms7620_iic_init                    0x08001b80   Section        0  atk_ms7620_iic.o(i.atk_ms7620_iic_init)
    i.atk_ms7620_iic_nack                    0x08001c04   Section        0  atk_ms7620_iic.o(i.atk_ms7620_iic_nack)
    i.atk_ms7620_iic_read_byte               0x08001c44   Section        0  atk_ms7620_iic.o(i.atk_ms7620_iic_read_byte)
    i.atk_ms7620_iic_send_byte               0x08001ca4   Section        0  atk_ms7620_iic.o(i.atk_ms7620_iic_send_byte)
    i.atk_ms7620_iic_start                   0x08001d14   Section        0  atk_ms7620_iic.o(i.atk_ms7620_iic_start)
    i.atk_ms7620_iic_stop                    0x08001d64   Section        0  atk_ms7620_iic.o(i.atk_ms7620_iic_stop)
    i.atk_ms7620_iic_wait_ack                0x08001da4   Section        0  atk_ms7620_iic.o(i.atk_ms7620_iic_wait_ack)
    i.atk_ms7620_init                        0x08001e0c   Section        0  atk_ms7620.o(i.atk_ms7620_init)
    i.atk_ms7620_initial_register            0x08001e2c   Section        0  atk_ms7620.o(i.atk_ms7620_initial_register)
    atk_ms7620_initial_register              0x08001e2d   Thumb Code    36  atk_ms7620.o(i.atk_ms7620_initial_register)
    i.atk_ms7620_mode_config                 0x08001e54   Section        0  atk_ms7620.o(i.atk_ms7620_mode_config)
    i.atk_ms7620_read                        0x08001ea0   Section        0  atk_ms7620.o(i.atk_ms7620_read)
    atk_ms7620_read                          0x08001ea1   Thumb Code   138  atk_ms7620.o(i.atk_ms7620_read)
    i.atk_ms7620_read_byte                   0x08001f2a   Section        0  atk_ms7620.o(i.atk_ms7620_read_byte)
    atk_ms7620_read_byte                     0x08001f2b   Thumb Code    22  atk_ms7620.o(i.atk_ms7620_read_byte)
    i.atk_ms7620_switch_reg_bank             0x08001f40   Section        0  atk_ms7620.o(i.atk_ms7620_switch_reg_bank)
    atk_ms7620_switch_reg_bank               0x08001f41   Thumb Code    34  atk_ms7620.o(i.atk_ms7620_switch_reg_bank)
    i.atk_ms7620_write                       0x08001f62   Section        0  atk_ms7620.o(i.atk_ms7620_write)
    atk_ms7620_write                         0x08001f63   Thumb Code   112  atk_ms7620.o(i.atk_ms7620_write)
    i.atk_ms7620_write_byte                  0x08001fd2   Section        0  atk_ms7620.o(i.atk_ms7620_write_byte)
    atk_ms7620_write_byte                    0x08001fd3   Thumb Code    20  atk_ms7620.o(i.atk_ms7620_write_byte)
    i.delay_init                             0x08001fe8   Section        0  delay.o(i.delay_init)
    i.delay_ms                               0x08002010   Section        0  delay.o(i.delay_ms)
    i.delay_us                               0x08002048   Section        0  delay.o(i.delay_us)
    i.demo_run                               0x08002094   Section        0  demo.o(i.demo_run)
    i.fputc                                  0x08002264   Section        0  usart.o(i.fputc)
    i.key_init                               0x08002280   Section        0  key.o(i.key_init)
    i.lcd_clear                              0x08002370   Section        0  lcd.o(i.lcd_clear)
    i.lcd_display_dir                        0x080023a4   Section        0  lcd.o(i.lcd_display_dir)
    i.lcd_draw_point                         0x08002510   Section        0  lcd.o(i.lcd_draw_point)
    i.lcd_ex_ili9341_reginit                 0x08002530   Section        0  lcd.o(i.lcd_ex_ili9341_reginit)
    i.lcd_ex_ili9806_reginit                 0x0800275c   Section        0  lcd.o(i.lcd_ex_ili9806_reginit)
    i.lcd_ex_nt35310_reginit                 0x08002a9c   Section        0  lcd.o(i.lcd_ex_nt35310_reginit)
    i.lcd_ex_nt35510_reginit                 0x0800398e   Section        0  lcd.o(i.lcd_ex_nt35510_reginit)
    i.lcd_ex_ssd1963_reginit                 0x0800488a   Section        0  lcd.o(i.lcd_ex_ssd1963_reginit)
    i.lcd_ex_st7789_reginit                  0x080049f8   Section        0  lcd.o(i.lcd_ex_st7789_reginit)
    i.lcd_ex_st7796_reginit                  0x08004ba0   Section        0  lcd.o(i.lcd_ex_st7796_reginit)
    i.lcd_init                               0x08004d68   Section        0  lcd.o(i.lcd_init)
    i.lcd_opt_delay                          0x080051d0   Section        0  lcd.o(i.lcd_opt_delay)
    lcd_opt_delay                            0x080051d1   Thumb Code    12  lcd.o(i.lcd_opt_delay)
    i.lcd_rd_data                            0x080051dc   Section        0  lcd.o(i.lcd_rd_data)
    lcd_rd_data                              0x080051dd   Thumb Code    20  lcd.o(i.lcd_rd_data)
    i.lcd_scan_dir                           0x080051f4   Section        0  lcd.o(i.lcd_scan_dir)
    i.lcd_set_cursor                         0x08005430   Section        0  lcd.o(i.lcd_set_cursor)
    i.lcd_show_char                          0x08005550   Section        0  lcd.o(i.lcd_show_char)
    i.lcd_show_string                        0x08005690   Section        0  lcd.o(i.lcd_show_string)
    i.lcd_ssd_backlight_set                  0x080056fc   Section        0  lcd.o(i.lcd_ssd_backlight_set)
    i.lcd_wr_data                            0x08005750   Section        0  lcd.o(i.lcd_wr_data)
    i.lcd_wr_regno                           0x08005768   Section        0  lcd.o(i.lcd_wr_regno)
    i.lcd_write_ram_prepare                  0x08005780   Section        0  lcd.o(i.lcd_write_ram_prepare)
    i.lcd_write_reg                          0x08005794   Section        0  lcd.o(i.lcd_write_reg)
    i.led_init                               0x080057a4   Section        0  led.o(i.led_init)
    i.main                                   0x08005834   Section        0  main.o(i.main)
    i.show_mesg                              0x08005868   Section        0  main.o(i.show_mesg)
    i.sys_stm32_clock_init                   0x08005958   Section        0  sys.o(i.sys_stm32_clock_init)
    i.usart_init                             0x080059b0   Section        0  usart.o(i.usart_init)
    x$fpl$dfixu                              0x080059e8   Section       90  dfixu.o(x$fpl$dfixu)
    x$fpl$dfltu                              0x08005a42   Section       38  dflt_clz.o(x$fpl$dfltu)
    x$fpl$dmul                               0x08005a68   Section      340  dmul.o(x$fpl$dmul)
    x$fpl$dnaninf                            0x08005bbc   Section      156  dnaninf.o(x$fpl$dnaninf)
    x$fpl$dretinf                            0x08005c58   Section       12  dretinf.o(x$fpl$dretinf)
    .constdata                               0x08005c64   Section       24  system_stm32f1xx.o(.constdata)
    x$fpl$usenofp                            0x08005c64   Section        0  usenofp.o(x$fpl$usenofp)
    .constdata                               0x08005c7c   Section    12160  lcd.o(.constdata)
    .constdata                               0x08008bfc   Section       40  _printf_hex_int.o(.constdata)
    uc_hextab                                0x08008bfc   Data          20  _printf_hex_int.o(.constdata)
    lc_hextab                                0x08008c10   Data          20  _printf_hex_int.o(.constdata)
    .data                                    0x20000000   Section        4  system_stm32f1xx.o(.data)
    .data                                    0x20000004   Section        2  delay.o(.data)
    g_fac_us                                 0x20000004   Data           2  delay.o(.data)
    .data                                    0x20000008   Section        7  usart.o(.data)
    .data                                    0x20000010   Section        9  stm32f1xx_hal.o(.data)
    .data                                    0x2000001c   Section        8  lcd.o(.data)
    .data                                    0x20000024   Section      232  atk_ms7620.o(.data)
    initial_register_array                   0x20000024   Data         102  atk_ms7620.o(.data)
    change_to_proximity_register_array       0x2000008a   Data          70  atk_ms7620.o(.data)
    change_to_gesture_register_array         0x200000d0   Data          60  atk_ms7620.o(.data)
    .bss                                     0x2000010c   Section      264  usart.o(.bss)
    .bss                                     0x20000214   Section       86  lcd.o(.bss)
    .bss                                     0x2000026c   Section       96  libspace.o(.bss)
    HEAP                                     0x200002d0   Section      512  startup_stm32f103xe.o(HEAP)
    Heap_Mem                                 0x200002d0   Data         512  startup_stm32f103xe.o(HEAP)
    STACK                                    0x200004d0   Section     1024  startup_stm32f103xe.o(STACK)
    Stack_Mem                                0x200004d0   Data        1024  startup_stm32f103xe.o(STACK)
    __initial_sp                             0x200008d0   Data           0  startup_stm32f103xe.o(STACK)

    Global Symbols

    Symbol Name                              Value     Ov Type        Size  Object(Section)

    BuildAttributes$$THM_ISAv4$P$D$K$B$S$PE$A:L22UL41UL21$X:L11$S22US41US21$IEEE1$IW$USESV6$~STKCKD$USESV7$~SHL$OSPACE$ROPI$EBA8$UX$STANDARDLIB$REQ8$PRES8$EABIv2 0x00000000   Number         0  anon$$obj.o ABSOLUTE
    __ARM_use_no_argv                        0x00000000   Number         0  main.o ABSOLUTE
    __ARM_exceptions_init                     - Undefined Weak Reference
    __alloca_initialize                       - Undefined Weak Reference
    __arm_preinit_                            - Undefined Weak Reference
    __cpp_initialize__aeabi_                  - Undefined Weak Reference
    __cxa_finalize                            - Undefined Weak Reference
    __rt_locale                               - Undefined Weak Reference
    __sigvec_lookup                           - Undefined Weak Reference
    _atexit_init                              - Undefined Weak Reference
    _call_atexit_fns                          - Undefined Weak Reference
    _clock_init                               - Undefined Weak Reference
    _fp_trap_init                             - Undefined Weak Reference
    _fp_trap_shutdown                         - Undefined Weak Reference
    _get_lc_collate                           - Undefined Weak Reference
    _get_lc_ctype                             - Undefined Weak Reference
    _get_lc_monetary                          - Undefined Weak Reference
    _get_lc_numeric                           - Undefined Weak Reference
    _get_lc_time                              - Undefined Weak Reference
    _getenv_init                              - Undefined Weak Reference
    _handle_redirection                       - Undefined Weak Reference
    _init_alloc                               - Undefined Weak Reference
    _init_user_alloc                          - Undefined Weak Reference
    _initio                                   - Undefined Weak Reference
    _mutex_acquire                            - Undefined Weak Reference
    _mutex_release                            - Undefined Weak Reference
    _printf_post_padding                      - Undefined Weak Reference
    _printf_pre_padding                       - Undefined Weak Reference
    _printf_truncate_unsigned                 - Undefined Weak Reference
    _rand_init                                - Undefined Weak Reference
    _signal_finish                            - Undefined Weak Reference
    _signal_init                              - Undefined Weak Reference
    _terminate_alloc                          - Undefined Weak Reference
    _terminate_user_alloc                     - Undefined Weak Reference
    _terminateio                              - Undefined Weak Reference
    __Vectors_Size                           0x00000130   Number         0  startup_stm32f103xe.o ABSOLUTE
    __Vectors                                0x08000000   Data           4  startup_stm32f103xe.o(RESET)
    __Vectors_End                            0x08000130   Data           0  startup_stm32f103xe.o(RESET)
    __main                                   0x08000131   Thumb Code     8  __main.o(!!!main)
    __scatterload                            0x08000139   Thumb Code     0  __scatter.o(!!!scatter)
    __scatterload_rt2                        0x08000139   Thumb Code    44  __scatter.o(!!!scatter)
    __scatterload_rt2_thumb_only             0x08000139   Thumb Code     0  __scatter.o(!!!scatter)
    __scatterload_null                       0x08000147   Thumb Code     0  __scatter.o(!!!scatter)
    __scatterload_copy                       0x0800016d   Thumb Code    26  __scatter_copy.o(!!handler_copy)
    __scatterload_zeroinit                   0x08000189   Thumb Code    28  __scatter_zi.o(!!handler_zi)
    _printf_percent                          0x080001a5   Thumb Code     0  _printf_percent.o(.ARM.Collect$$_printf_percent$$00000000)
    _printf_x                                0x080001a5   Thumb Code     0  _printf_x.o(.ARM.Collect$$_printf_percent$$0000000C)
    _printf_percent_end                      0x080001ab   Thumb Code     0  _printf_percent_end.o(.ARM.Collect$$_printf_percent$$00000017)
    __rt_lib_init                            0x080001af   Thumb Code     0  libinit.o(.ARM.Collect$$libinit$$00000000)
    __rt_lib_init_alloca_1                   0x080001b1   Thumb Code     0  libinit2.o(.ARM.Collect$$libinit$$0000002E)
    __rt_lib_init_argv_1                     0x080001b1   Thumb Code     0  libinit2.o(.ARM.Collect$$libinit$$0000002C)
    __rt_lib_init_atexit_1                   0x080001b1   Thumb Code     0  libinit2.o(.ARM.Collect$$libinit$$0000001B)
    __rt_lib_init_clock_1                    0x080001b1   Thumb Code     0  libinit2.o(.ARM.Collect$$libinit$$00000021)
    __rt_lib_init_cpp_1                      0x080001b1   Thumb Code     0  libinit2.o(.ARM.Collect$$libinit$$00000032)
    __rt_lib_init_exceptions_1               0x080001b1   Thumb Code     0  libinit2.o(.ARM.Collect$$libinit$$00000030)
    __rt_lib_init_fp_1                       0x080001b1   Thumb Code     0  libinit2.o(.ARM.Collect$$libinit$$00000002)
    __rt_lib_init_fp_trap_1                  0x080001b1   Thumb Code     0  libinit2.o(.ARM.Collect$$libinit$$0000001F)
    __rt_lib_init_getenv_1                   0x080001b1   Thumb Code     0  libinit2.o(.ARM.Collect$$libinit$$00000023)
    __rt_lib_init_heap_1                     0x080001b1   Thumb Code     0  libinit2.o(.ARM.Collect$$libinit$$0000000A)
    __rt_lib_init_lc_collate_1               0x080001b1   Thumb Code     0  libinit2.o(.ARM.Collect$$libinit$$00000011)
    __rt_lib_init_lc_ctype_1                 0x080001b1   Thumb Code     0  libinit2.o(.ARM.Collect$$libinit$$00000013)
    __rt_lib_init_lc_monetary_1              0x080001b1   Thumb Code     0  libinit2.o(.ARM.Collect$$libinit$$00000015)
    __rt_lib_init_lc_numeric_1               0x080001b1   Thumb Code     0  libinit2.o(.ARM.Collect$$libinit$$00000017)
    __rt_lib_init_lc_time_1                  0x080001b1   Thumb Code     0  libinit2.o(.ARM.Collect$$libinit$$00000019)
    __rt_lib_init_preinit_1                  0x080001b1   Thumb Code     0  libinit2.o(.ARM.Collect$$libinit$$00000004)
    __rt_lib_init_rand_1                     0x080001b1   Thumb Code     0  libinit2.o(.ARM.Collect$$libinit$$0000000E)
    __rt_lib_init_return                     0x080001b1   Thumb Code     0  libinit2.o(.ARM.Collect$$libinit$$00000033)
    __rt_lib_init_signal_1                   0x080001b1   Thumb Code     0  libinit2.o(.ARM.Collect$$libinit$$0000001D)
    __rt_lib_init_stdio_1                    0x080001b1   Thumb Code     0  libinit2.o(.ARM.Collect$$libinit$$00000025)
    __rt_lib_init_user_alloc_1               0x080001b1   Thumb Code     0  libinit2.o(.ARM.Collect$$libinit$$0000000C)
    __rt_lib_shutdown                        0x080001b3   Thumb Code     0  libshutdown.o(.ARM.Collect$$libshutdown$$00000000)
    __rt_lib_shutdown_cpp_1                  0x080001b5   Thumb Code     0  libshutdown2.o(.ARM.Collect$$libshutdown$$00000002)
    __rt_lib_shutdown_fp_trap_1              0x080001b5   Thumb Code     0  libshutdown2.o(.ARM.Collect$$libshutdown$$00000007)
    __rt_lib_shutdown_heap_1                 0x080001b5   Thumb Code     0  libshutdown2.o(.ARM.Collect$$libshutdown$$0000000F)
    __rt_lib_shutdown_return                 0x080001b5   Thumb Code     0  libshutdown2.o(.ARM.Collect$$libshutdown$$00000010)
    __rt_lib_shutdown_signal_1               0x080001b5   Thumb Code     0  libshutdown2.o(.ARM.Collect$$libshutdown$$0000000A)
    __rt_lib_shutdown_stdio_1                0x080001b5   Thumb Code     0  libshutdown2.o(.ARM.Collect$$libshutdown$$00000004)
    __rt_lib_shutdown_user_alloc_1           0x080001b5   Thumb Code     0  libshutdown2.o(.ARM.Collect$$libshutdown$$0000000C)
    __rt_entry                               0x080001b7   Thumb Code     0  __rtentry.o(.ARM.Collect$$rtentry$$00000000)
    __rt_entry_presh_1                       0x080001b7   Thumb Code     0  __rtentry2.o(.ARM.Collect$$rtentry$$00000002)
    __rt_entry_sh                            0x080001b7   Thumb Code     0  __rtentry4.o(.ARM.Collect$$rtentry$$00000004)
    __rt_entry_li                            0x080001bd   Thumb Code     0  __rtentry2.o(.ARM.Collect$$rtentry$$0000000A)
    __rt_entry_postsh_1                      0x080001bd   Thumb Code     0  __rtentry2.o(.ARM.Collect$$rtentry$$00000009)
    __rt_entry_main                          0x080001c1   Thumb Code     0  __rtentry2.o(.ARM.Collect$$rtentry$$0000000D)
    __rt_entry_postli_1                      0x080001c1   Thumb Code     0  __rtentry2.o(.ARM.Collect$$rtentry$$0000000C)
    __rt_exit                                0x080001c9   Thumb Code     0  rtexit.o(.ARM.Collect$$rtexit$$00000000)
    __rt_exit_ls                             0x080001cb   Thumb Code     0  rtexit2.o(.ARM.Collect$$rtexit$$00000003)
    __rt_exit_prels_1                        0x080001cb   Thumb Code     0  rtexit2.o(.ARM.Collect$$rtexit$$00000002)
    __rt_exit_exit                           0x080001cf   Thumb Code     0  rtexit2.o(.ARM.Collect$$rtexit$$00000004)
    Reset_Handler                            0x080001d5   Thumb Code     8  startup_stm32f103xe.o(.text)
    PendSV_Handler                           0x080001eb   Thumb Code     2  startup_stm32f103xe.o(.text)
    SysTick_Handler                          0x080001ed   Thumb Code     2  startup_stm32f103xe.o(.text)
    ADC1_2_IRQHandler                        0x080001ef   Thumb Code     0  startup_stm32f103xe.o(.text)
    ADC3_IRQHandler                          0x080001ef   Thumb Code     0  startup_stm32f103xe.o(.text)
    CAN1_RX1_IRQHandler                      0x080001ef   Thumb Code     0  startup_stm32f103xe.o(.text)
    CAN1_SCE_IRQHandler                      0x080001ef   Thumb Code     0  startup_stm32f103xe.o(.text)
    DMA1_Channel1_IRQHandler                 0x080001ef   Thumb Code     0  startup_stm32f103xe.o(.text)
    DMA1_Channel2_IRQHandler                 0x080001ef   Thumb Code     0  startup_stm32f103xe.o(.text)
    DMA1_Channel3_IRQHandler                 0x080001ef   Thumb Code     0  startup_stm32f103xe.o(.text)
    DMA1_Channel4_IRQHandler                 0x080001ef   Thumb Code     0  startup_stm32f103xe.o(.text)
    DMA1_Channel5_IRQHandler                 0x080001ef   Thumb Code     0  startup_stm32f103xe.o(.text)
    DMA1_Channel6_IRQHandler                 0x080001ef   Thumb Code     0  startup_stm32f103xe.o(.text)
    DMA1_Channel7_IRQHandler                 0x080001ef   Thumb Code     0  startup_stm32f103xe.o(.text)
    DMA2_Channel1_IRQHandler                 0x080001ef   Thumb Code     0  startup_stm32f103xe.o(.text)
    DMA2_Channel2_IRQHandler                 0x080001ef   Thumb Code     0  startup_stm32f103xe.o(.text)
    DMA2_Channel3_IRQHandler                 0x080001ef   Thumb Code     0  startup_stm32f103xe.o(.text)
    DMA2_Channel4_5_IRQHandler               0x080001ef   Thumb Code     0  startup_stm32f103xe.o(.text)
    EXTI0_IRQHandler                         0x080001ef   Thumb Code     0  startup_stm32f103xe.o(.text)
    EXTI15_10_IRQHandler                     0x080001ef   Thumb Code     0  startup_stm32f103xe.o(.text)
    EXTI1_IRQHandler                         0x080001ef   Thumb Code     0  startup_stm32f103xe.o(.text)
    EXTI2_IRQHandler                         0x080001ef   Thumb Code     0  startup_stm32f103xe.o(.text)
    EXTI3_IRQHandler                         0x080001ef   Thumb Code     0  startup_stm32f103xe.o(.text)
    EXTI4_IRQHandler                         0x080001ef   Thumb Code     0  startup_stm32f103xe.o(.text)
    EXTI9_5_IRQHandler                       0x080001ef   Thumb Code     0  startup_stm32f103xe.o(.text)
    FLASH_IRQHandler                         0x080001ef   Thumb Code     0  startup_stm32f103xe.o(.text)
    FSMC_IRQHandler                          0x080001ef   Thumb Code     0  startup_stm32f103xe.o(.text)
    I2C1_ER_IRQHandler                       0x080001ef   Thumb Code     0  startup_stm32f103xe.o(.text)
    I2C1_EV_IRQHandler                       0x080001ef   Thumb Code     0  startup_stm32f103xe.o(.text)
    I2C2_ER_IRQHandler                       0x080001ef   Thumb Code     0  startup_stm32f103xe.o(.text)
    I2C2_EV_IRQHandler                       0x080001ef   Thumb Code     0  startup_stm32f103xe.o(.text)
    PVD_IRQHandler                           0x080001ef   Thumb Code     0  startup_stm32f103xe.o(.text)
    RCC_IRQHandler                           0x080001ef   Thumb Code     0  startup_stm32f103xe.o(.text)
    RTC_Alarm_IRQHandler                     0x080001ef   Thumb Code     0  startup_stm32f103xe.o(.text)
    RTC_IRQHandler                           0x080001ef   Thumb Code     0  startup_stm32f103xe.o(.text)
    SDIO_IRQHandler                          0x080001ef   Thumb Code     0  startup_stm32f103xe.o(.text)
    SPI1_IRQHandler                          0x080001ef   Thumb Code     0  startup_stm32f103xe.o(.text)
    SPI2_IRQHandler                          0x080001ef   Thumb Code     0  startup_stm32f103xe.o(.text)
    SPI3_IRQHandler                          0x080001ef   Thumb Code     0  startup_stm32f103xe.o(.text)
    TAMPER_IRQHandler                        0x080001ef   Thumb Code     0  startup_stm32f103xe.o(.text)
    TIM1_BRK_IRQHandler                      0x080001ef   Thumb Code     0  startup_stm32f103xe.o(.text)
    TIM1_CC_IRQHandler                       0x080001ef   Thumb Code     0  startup_stm32f103xe.o(.text)
    TIM1_TRG_COM_IRQHandler                  0x080001ef   Thumb Code     0  startup_stm32f103xe.o(.text)
    TIM1_UP_IRQHandler                       0x080001ef   Thumb Code     0  startup_stm32f103xe.o(.text)
    TIM2_IRQHandler                          0x080001ef   Thumb Code     0  startup_stm32f103xe.o(.text)
    TIM3_IRQHandler                          0x080001ef   Thumb Code     0  startup_stm32f103xe.o(.text)
    TIM4_IRQHandler                          0x080001ef   Thumb Code     0  startup_stm32f103xe.o(.text)
    TIM5_IRQHandler                          0x080001ef   Thumb Code     0  startup_stm32f103xe.o(.text)
    TIM6_IRQHandler                          0x080001ef   Thumb Code     0  startup_stm32f103xe.o(.text)
    TIM7_IRQHandler                          0x080001ef   Thumb Code     0  startup_stm32f103xe.o(.text)
    TIM8_BRK_IRQHandler                      0x080001ef   Thumb Code     0  startup_stm32f103xe.o(.text)
    TIM8_CC_IRQHandler                       0x080001ef   Thumb Code     0  startup_stm32f103xe.o(.text)
    TIM8_TRG_COM_IRQHandler                  0x080001ef   Thumb Code     0  startup_stm32f103xe.o(.text)
    TIM8_UP_IRQHandler                       0x080001ef   Thumb Code     0  startup_stm32f103xe.o(.text)
    UART4_IRQHandler                         0x080001ef   Thumb Code     0  startup_stm32f103xe.o(.text)
    UART5_IRQHandler                         0x080001ef   Thumb Code     0  startup_stm32f103xe.o(.text)
    USART2_IRQHandler                        0x080001ef   Thumb Code     0  startup_stm32f103xe.o(.text)
    USART3_IRQHandler                        0x080001ef   Thumb Code     0  startup_stm32f103xe.o(.text)
    USBWakeUp_IRQHandler                     0x080001ef   Thumb Code     0  startup_stm32f103xe.o(.text)
    USB_HP_CAN1_TX_IRQHandler                0x080001ef   Thumb Code     0  startup_stm32f103xe.o(.text)
    USB_LP_CAN1_RX0_IRQHandler               0x080001ef   Thumb Code     0  startup_stm32f103xe.o(.text)
    WWDG_IRQHandler                          0x080001ef   Thumb Code     0  startup_stm32f103xe.o(.text)
    __user_initial_stackheap                 0x080001f1   Thumb Code     0  startup_stm32f103xe.o(.text)
    __use_no_semihosting                     0x08000215   Thumb Code     2  use_no_semi_2.o(.text)
    __2printf                                0x08000219   Thumb Code    20  noretval__2printf.o(.text)
    __printf                                 0x08000231   Thumb Code   104  __printf.o(.text)
    _printf_int_hex                          0x08000299   Thumb Code    84  _printf_hex_int.o(.text)
    _printf_longlong_hex                     0x08000299   Thumb Code     0  _printf_hex_int.o(.text)
    __use_two_region_memory                  0x080002f1   Thumb Code     2  heapauxi.o(.text)
    __rt_heap_escrow$2region                 0x080002f3   Thumb Code     2  heapauxi.o(.text)
    __rt_heap_expand$2region                 0x080002f5   Thumb Code     2  heapauxi.o(.text)
    __semihosting$guard                      0x080002f7   Thumb Code     0  use_no_semi.o(.text)
    __use_no_semihosting_swi                 0x080002f7   Thumb Code     2  use_no_semi.o(.text)
    _printf_int_common                       0x080002f9   Thumb Code   178  _printf_intcommon.o(.text)
    _printf_char_file                        0x080003ad   Thumb Code    32  _printf_char_file.o(.text)
    _printf_char_common                      0x080003db   Thumb Code    32  _printf_char_common.o(.text)
    ferror                                   0x08000401   Thumb Code     8  ferror.o(.text)
    __user_setup_stackheap                   0x08000409   Thumb Code    74  sys_stackheap_outer.o(.text)
    exit                                     0x08000453   Thumb Code    18  exit.o(.text)
    __user_libspace                          0x08000465   Thumb Code     8  libspace.o(.text)
    __user_perproc_libspace                  0x08000465   Thumb Code     0  libspace.o(.text)
    __user_perthread_libspace                0x08000465   Thumb Code     0  libspace.o(.text)
    BusFault_Handler                         0x0800046d   Thumb Code     4  stm32f1xx_it.o(i.BusFault_Handler)
    DebugMon_Handler                         0x08000471   Thumb Code     2  stm32f1xx_it.o(i.DebugMon_Handler)
    FSMC_NORSRAM_Extended_Timing_Init        0x08000475   Thumb Code    62  stm32f1xx_ll_fsmc.o(i.FSMC_NORSRAM_Extended_Timing_Init)
    FSMC_NORSRAM_Init                        0x080004b9   Thumb Code   116  stm32f1xx_ll_fsmc.o(i.FSMC_NORSRAM_Init)
    FSMC_NORSRAM_Timing_Init                 0x08000531   Thumb Code    66  stm32f1xx_ll_fsmc.o(i.FSMC_NORSRAM_Timing_Init)
    HAL_DMA_Abort_IT                         0x08000575   Thumb Code   414  stm32f1xx_hal_dma.o(i.HAL_DMA_Abort_IT)
    HAL_GPIO_Init                            0x0800071d   Thumb Code   792  stm32f1xx_hal_gpio.o(i.HAL_GPIO_Init)
    HAL_GPIO_ReadPin                         0x08000a5d   Thumb Code    16  stm32f1xx_hal_gpio.o(i.HAL_GPIO_ReadPin)
    HAL_GPIO_TogglePin                       0x08000a6d   Thumb Code    20  stm32f1xx_hal_gpio.o(i.HAL_GPIO_TogglePin)
    HAL_GPIO_WritePin                        0x08000a81   Thumb Code    12  stm32f1xx_hal_gpio.o(i.HAL_GPIO_WritePin)
    HAL_GetTick                              0x08000a8d   Thumb Code     6  stm32f1xx_hal.o(i.HAL_GetTick)
    HAL_Init                                 0x08000a99   Thumb Code    34  stm32f1xx_hal.o(i.HAL_Init)
    HAL_InitTick                             0x08000ac1   Thumb Code    64  stm32f1xx_hal.o(i.HAL_InitTick)
    HAL_MspInit                              0x08000b0d   Thumb Code     2  stm32f1xx_hal.o(i.HAL_MspInit)
    HAL_NVIC_EnableIRQ                       0x08000b0f   Thumb Code    32  stm32f1xx_hal_cortex.o(i.HAL_NVIC_EnableIRQ)
    HAL_NVIC_SetPriority                     0x08000b2f   Thumb Code   124  stm32f1xx_hal_cortex.o(i.HAL_NVIC_SetPriority)
    HAL_NVIC_SetPriorityGrouping             0x08000bad   Thumb Code    32  stm32f1xx_hal_cortex.o(i.HAL_NVIC_SetPriorityGrouping)
    HAL_RCC_ClockConfig                      0x08000bd5   Thumb Code   376  stm32f1xx_hal_rcc.o(i.HAL_RCC_ClockConfig)
    HAL_RCC_GetHCLKFreq                      0x08000d61   Thumb Code     6  stm32f1xx_hal_rcc.o(i.HAL_RCC_GetHCLKFreq)
    HAL_RCC_GetPCLK1Freq                     0x08000d6d   Thumb Code    22  stm32f1xx_hal_rcc.o(i.HAL_RCC_GetPCLK1Freq)
    HAL_RCC_GetPCLK2Freq                     0x08000d8d   Thumb Code    22  stm32f1xx_hal_rcc.o(i.HAL_RCC_GetPCLK2Freq)
    HAL_RCC_GetSysClockFreq                  0x08000dad   Thumb Code   116  stm32f1xx_hal_rcc.o(i.HAL_RCC_GetSysClockFreq)
    HAL_RCC_OscConfig                        0x08000e41   Thumb Code  1114  stm32f1xx_hal_rcc.o(i.HAL_RCC_OscConfig)
    HAL_SRAM_Init                            0x080012a5   Thumb Code   102  stm32f1xx_hal_sram.o(i.HAL_SRAM_Init)
    HAL_SRAM_MspInit                         0x0800130d   Thumb Code   130  lcd.o(i.HAL_SRAM_MspInit)
    HAL_SYSTICK_CLKSourceConfig              0x0800139d   Thumb Code    40  stm32f1xx_hal_cortex.o(i.HAL_SYSTICK_CLKSourceConfig)
    HAL_SYSTICK_Config                       0x080013c5   Thumb Code    52  stm32f1xx_hal_cortex.o(i.HAL_SYSTICK_Config)
    HAL_UART_ErrorCallback                   0x080013f9   Thumb Code     2  stm32f1xx_hal_uart.o(i.HAL_UART_ErrorCallback)
    HAL_UART_IRQHandler                      0x080013fd   Thumb Code   334  stm32f1xx_hal_uart.o(i.HAL_UART_IRQHandler)
    HAL_UART_Init                            0x08001551   Thumb Code   114  stm32f1xx_hal_uart.o(i.HAL_UART_Init)
    HAL_UART_MspInit                         0x080015c5   Thumb Code   168  usart.o(i.HAL_UART_MspInit)
    HAL_UART_Receive_IT                      0x08001679   Thumb Code   112  stm32f1xx_hal_uart.o(i.HAL_UART_Receive_IT)
    HAL_UART_RxCpltCallback                  0x080016e9   Thumb Code   134  usart.o(i.HAL_UART_RxCpltCallback)
    HAL_UART_TxCpltCallback                  0x08001785   Thumb Code     2  stm32f1xx_hal_uart.o(i.HAL_UART_TxCpltCallback)
    HardFault_Handler                        0x08001787   Thumb Code     4  stm32f1xx_it.o(i.HardFault_Handler)
    MemManage_Handler                        0x0800178b   Thumb Code     4  stm32f1xx_it.o(i.MemManage_Handler)
    NMI_Handler                              0x0800178f   Thumb Code     2  stm32f1xx_it.o(i.NMI_Handler)
    SVC_Handler                              0x080017b9   Thumb Code     2  stm32f1xx_it.o(i.SVC_Handler)
    SystemInit                               0x080017bb   Thumb Code     2  system_stm32f1xx.o(i.SystemInit)
    USART1_IRQHandler                        0x08001a0d   Thumb Code    10  usart.o(i.USART1_IRQHandler)
    UsageFault_Handler                       0x08001a1d   Thumb Code     4  stm32f1xx_it.o(i.UsageFault_Handler)
    _sys_exit                                0x08001a59   Thumb Code     4  usart.o(i._sys_exit)
    atk_ms7620_get_gesture                   0x08001a5d   Thumb Code   162  atk_ms7620.o(i.atk_ms7620_get_gesture)
    atk_ms7620_iic_ack                       0x08001b21   Thumb Code    80  atk_ms7620_iic.o(i.atk_ms7620_iic_ack)
    atk_ms7620_iic_init                      0x08001b81   Thumb Code   124  atk_ms7620_iic.o(i.atk_ms7620_iic_init)
    atk_ms7620_iic_nack                      0x08001c05   Thumb Code    60  atk_ms7620_iic.o(i.atk_ms7620_iic_nack)
    atk_ms7620_iic_read_byte                 0x08001c45   Thumb Code    92  atk_ms7620_iic.o(i.atk_ms7620_iic_read_byte)
    atk_ms7620_iic_send_byte                 0x08001ca5   Thumb Code   106  atk_ms7620_iic.o(i.atk_ms7620_iic_send_byte)
    atk_ms7620_iic_start                     0x08001d15   Thumb Code    76  atk_ms7620_iic.o(i.atk_ms7620_iic_start)
    atk_ms7620_iic_stop                      0x08001d65   Thumb Code    60  atk_ms7620_iic.o(i.atk_ms7620_iic_stop)
    atk_ms7620_iic_wait_ack                  0x08001da5   Thumb Code   100  atk_ms7620_iic.o(i.atk_ms7620_iic_wait_ack)
    atk_ms7620_init                          0x08001e0d   Thumb Code    32  atk_ms7620.o(i.atk_ms7620_init)
    atk_ms7620_mode_config                   0x08001e55   Thumb Code    66  atk_ms7620.o(i.atk_ms7620_mode_config)
    delay_init                               0x08001fe9   Thumb Code    34  delay.o(i.delay_init)
    delay_ms                                 0x08002011   Thumb Code    50  delay.o(i.delay_ms)
    delay_us                                 0x08002049   Thumb Code    72  delay.o(i.delay_us)
    demo_run                                 0x08002095   Thumb Code   196  demo.o(i.demo_run)
    fputc                                    0x08002265   Thumb Code    24  usart.o(i.fputc)
    key_init                                 0x08002281   Thumb Code   226  key.o(i.key_init)
    lcd_clear                                0x08002371   Thumb Code    42  lcd.o(i.lcd_clear)
    lcd_display_dir                          0x080023a5   Thumb Code   360  lcd.o(i.lcd_display_dir)
    lcd_draw_point                           0x08002511   Thumb Code    26  lcd.o(i.lcd_draw_point)
    lcd_ex_ili9341_reginit                   0x08002531   Thumb Code   556  lcd.o(i.lcd_ex_ili9341_reginit)
    lcd_ex_ili9806_reginit                   0x0800275d   Thumb Code   832  lcd.o(i.lcd_ex_ili9806_reginit)
    lcd_ex_nt35310_reginit                   0x08002a9d   Thumb Code  3826  lcd.o(i.lcd_ex_nt35310_reginit)
    lcd_ex_nt35510_reginit                   0x0800398f   Thumb Code  3836  lcd.o(i.lcd_ex_nt35510_reginit)
    lcd_ex_ssd1963_reginit                   0x0800488b   Thumb Code   366  lcd.o(i.lcd_ex_ssd1963_reginit)
    lcd_ex_st7789_reginit                    0x080049f9   Thumb Code   424  lcd.o(i.lcd_ex_st7789_reginit)
    lcd_ex_st7796_reginit                    0x08004ba1   Thumb Code   454  lcd.o(i.lcd_ex_st7796_reginit)
    lcd_init                                 0x08004d69   Thumb Code  1120  lcd.o(i.lcd_init)
    lcd_scan_dir                             0x080051f5   Thumb Code   568  lcd.o(i.lcd_scan_dir)
    lcd_set_cursor                           0x08005431   Thumb Code   282  lcd.o(i.lcd_set_cursor)
    lcd_show_char                            0x08005551   Thumb Code   294  lcd.o(i.lcd_show_char)
    lcd_show_string                          0x08005691   Thumb Code   106  lcd.o(i.lcd_show_string)
    lcd_ssd_backlight_set                    0x080056fd   Thumb Code    80  lcd.o(i.lcd_ssd_backlight_set)
    lcd_wr_data                              0x08005751   Thumb Code    18  lcd.o(i.lcd_wr_data)
    lcd_wr_regno                             0x08005769   Thumb Code    18  lcd.o(i.lcd_wr_regno)
    lcd_write_ram_prepare                    0x08005781   Thumb Code    10  lcd.o(i.lcd_write_ram_prepare)
    lcd_write_reg                            0x08005795   Thumb Code    10  lcd.o(i.lcd_write_reg)
    led_init                                 0x080057a5   Thumb Code   132  led.o(i.led_init)
    main                                     0x08005835   Thumb Code    52  main.o(i.main)
    show_mesg                                0x08005869   Thumb Code   124  main.o(i.show_mesg)
    sys_stm32_clock_init                     0x08005959   Thumb Code    86  sys.o(i.sys_stm32_clock_init)
    usart_init                               0x080059b1   Thumb Code    44  usart.o(i.usart_init)
    __aeabi_d2uiz                            0x080059e9   Thumb Code     0  dfixu.o(x$fpl$dfixu)
    _dfixu                                   0x080059e9   Thumb Code    90  dfixu.o(x$fpl$dfixu)
    __aeabi_ui2d                             0x08005a43   Thumb Code     0  dflt_clz.o(x$fpl$dfltu)
    _dfltu                                   0x08005a43   Thumb Code    38  dflt_clz.o(x$fpl$dfltu)
    __aeabi_dmul                             0x08005a69   Thumb Code     0  dmul.o(x$fpl$dmul)
    _dmul                                    0x08005a69   Thumb Code   332  dmul.o(x$fpl$dmul)
    __fpl_dnaninf                            0x08005bbd   Thumb Code   156  dnaninf.o(x$fpl$dnaninf)
    __fpl_dretinf                            0x08005c59   Thumb Code    12  dretinf.o(x$fpl$dretinf)
    AHBPrescTable                            0x08005c64   Data          16  system_stm32f1xx.o(.constdata)
    __I$use$fp                               0x08005c64   Number         0  usenofp.o(x$fpl$usenofp)
    APBPrescTable                            0x08005c74   Data           8  system_stm32f1xx.o(.constdata)
    asc2_1206                                0x08005c7c   Data        1140  lcd.o(.constdata)
    asc2_1608                                0x080060f0   Data        1520  lcd.o(.constdata)
    asc2_2412                                0x080066e0   Data        3420  lcd.o(.constdata)
    asc2_3216                                0x0800743c   Data        6080  lcd.o(.constdata)
    Region$$Table$$Base                      0x08008c24   Number         0  anon$$obj.o(Region$$Table)
    Region$$Table$$Limit                     0x08008c44   Number         0  anon$$obj.o(Region$$Table)
    SystemCoreClock                          0x20000000   Data           4  system_stm32f1xx.o(.data)
    __stdout                                 0x20000008   Data           4  usart.o(.data)
    g_usart_rx_sta                           0x2000000c   Data           2  usart.o(.data)
    g_rx_buffer                              0x2000000e   Data           1  usart.o(.data)
    uwTick                                   0x20000010   Data           4  stm32f1xx_hal.o(.data)
    uwTickPrio                               0x20000014   Data           4  stm32f1xx_hal.o(.data)
    uwTickFreq                               0x20000018   Data           1  stm32f1xx_hal.o(.data)
    g_point_color                            0x2000001c   Data           4  lcd.o(.data)
    g_back_color                             0x20000020   Data           4  lcd.o(.data)
    g_usart_rx_buf                           0x2000010c   Data         200  usart.o(.bss)
    g_uart1_handle                           0x200001d4   Data          64  usart.o(.bss)
    g_sram_handle                            0x20000214   Data          72  lcd.o(.bss)
    lcddev                                   0x2000025c   Data          14  lcd.o(.bss)
    __libspace_start                         0x2000026c   Data          96  libspace.o(.bss)
    __temporary_stack_top$libspace           0x200002cc   Data           0  libspace.o(.bss)



==============================================================================

Memory Map of the image

  Image Entry point : 0x08000131

  Load Region LR_IROM1 (Base: 0x08000000, Size: 0x00008d50, Max: 0x00080000, ABSOLUTE)

    Execution Region ER_IROM1 (Exec base: 0x08000000, Load base: 0x08000000, Size: 0x00008c44, Max: 0x00080000, ABSOLUTE)

    Exec Addr    Load Addr    Size         Type   Attr      Idx    E Section Name        Object

    0x08000000   0x08000000   0x00000130   Data   RO            3    RESET               startup_stm32f103xe.o
    0x08000130   0x08000130   0x00000008   Code   RO         3827  * !!!main             c_w.l(__main.o)
    0x08000138   0x08000138   0x00000034   Code   RO         4007    !!!scatter          c_w.l(__scatter.o)
    0x0800016c   0x0800016c   0x0000001a   Code   RO         4009    !!handler_copy      c_w.l(__scatter_copy.o)
    0x08000186   0x08000186   0x00000002   PAD
    0x08000188   0x08000188   0x0000001c   Code   RO         4011    !!handler_zi        c_w.l(__scatter_zi.o)
    0x080001a4   0x080001a4   0x00000000   Code   RO         3824    .ARM.Collect$$_printf_percent$$00000000  c_w.l(_printf_percent.o)
    0x080001a4   0x080001a4   0x00000006   Code   RO         3823    .ARM.Collect$$_printf_percent$$0000000C  c_w.l(_printf_x.o)
    0x080001aa   0x080001aa   0x00000004   Code   RO         3848    .ARM.Collect$$_printf_percent$$00000017  c_w.l(_printf_percent_end.o)
    0x080001ae   0x080001ae   0x00000002   Code   RO         3886    .ARM.Collect$$libinit$$00000000  c_w.l(libinit.o)
    0x080001b0   0x080001b0   0x00000000   Code   RO         3893    .ARM.Collect$$libinit$$00000002  c_w.l(libinit2.o)
    0x080001b0   0x080001b0   0x00000000   Code   RO         3895    .ARM.Collect$$libinit$$00000004  c_w.l(libinit2.o)
    0x080001b0   0x080001b0   0x00000000   Code   RO         3898    .ARM.Collect$$libinit$$0000000A  c_w.l(libinit2.o)
    0x080001b0   0x080001b0   0x00000000   Code   RO         3900    .ARM.Collect$$libinit$$0000000C  c_w.l(libinit2.o)
    0x080001b0   0x080001b0   0x00000000   Code   RO         3902    .ARM.Collect$$libinit$$0000000E  c_w.l(libinit2.o)
    0x080001b0   0x080001b0   0x00000000   Code   RO         3905    .ARM.Collect$$libinit$$00000011  c_w.l(libinit2.o)
    0x080001b0   0x080001b0   0x00000000   Code   RO         3907    .ARM.Collect$$libinit$$00000013  c_w.l(libinit2.o)
    0x080001b0   0x080001b0   0x00000000   Code   RO         3909    .ARM.Collect$$libinit$$00000015  c_w.l(libinit2.o)
    0x080001b0   0x080001b0   0x00000000   Code   RO         3911    .ARM.Collect$$libinit$$00000017  c_w.l(libinit2.o)
    0x080001b0   0x080001b0   0x00000000   Code   RO         3913    .ARM.Collect$$libinit$$00000019  c_w.l(libinit2.o)
    0x080001b0   0x080001b0   0x00000000   Code   RO         3915    .ARM.Collect$$libinit$$0000001B  c_w.l(libinit2.o)
    0x080001b0   0x080001b0   0x00000000   Code   RO         3917    .ARM.Collect$$libinit$$0000001D  c_w.l(libinit2.o)
    0x080001b0   0x080001b0   0x00000000   Code   RO         3919    .ARM.Collect$$libinit$$0000001F  c_w.l(libinit2.o)
    0x080001b0   0x080001b0   0x00000000   Code   RO         3921    .ARM.Collect$$libinit$$00000021  c_w.l(libinit2.o)
    0x080001b0   0x080001b0   0x00000000   Code   RO         3923    .ARM.Collect$$libinit$$00000023  c_w.l(libinit2.o)
    0x080001b0   0x080001b0   0x00000000   Code   RO         3925    .ARM.Collect$$libinit$$00000025  c_w.l(libinit2.o)
    0x080001b0   0x080001b0   0x00000000   Code   RO         3929    .ARM.Collect$$libinit$$0000002C  c_w.l(libinit2.o)
    0x080001b0   0x080001b0   0x00000000   Code   RO         3931    .ARM.Collect$$libinit$$0000002E  c_w.l(libinit2.o)
    0x080001b0   0x080001b0   0x00000000   Code   RO         3933    .ARM.Collect$$libinit$$00000030  c_w.l(libinit2.o)
    0x080001b0   0x080001b0   0x00000000   Code   RO         3935    .ARM.Collect$$libinit$$00000032  c_w.l(libinit2.o)
    0x080001b0   0x080001b0   0x00000002   Code   RO         3936    .ARM.Collect$$libinit$$00000033  c_w.l(libinit2.o)
    0x080001b2   0x080001b2   0x00000002   Code   RO         3954    .ARM.Collect$$libshutdown$$00000000  c_w.l(libshutdown.o)
    0x080001b4   0x080001b4   0x00000000   Code   RO         3962    .ARM.Collect$$libshutdown$$00000002  c_w.l(libshutdown2.o)
    0x080001b4   0x080001b4   0x00000000   Code   RO         3964    .ARM.Collect$$libshutdown$$00000004  c_w.l(libshutdown2.o)
    0x080001b4   0x080001b4   0x00000000   Code   RO         3967    .ARM.Collect$$libshutdown$$00000007  c_w.l(libshutdown2.o)
    0x080001b4   0x080001b4   0x00000000   Code   RO         3970    .ARM.Collect$$libshutdown$$0000000A  c_w.l(libshutdown2.o)
    0x080001b4   0x080001b4   0x00000000   Code   RO         3972    .ARM.Collect$$libshutdown$$0000000C  c_w.l(libshutdown2.o)
    0x080001b4   0x080001b4   0x00000000   Code   RO         3975    .ARM.Collect$$libshutdown$$0000000F  c_w.l(libshutdown2.o)
    0x080001b4   0x080001b4   0x00000002   Code   RO         3976    .ARM.Collect$$libshutdown$$00000010  c_w.l(libshutdown2.o)
    0x080001b6   0x080001b6   0x00000000   Code   RO         3843    .ARM.Collect$$rtentry$$00000000  c_w.l(__rtentry.o)
    0x080001b6   0x080001b6   0x00000000   Code   RO         3855    .ARM.Collect$$rtentry$$00000002  c_w.l(__rtentry2.o)
    0x080001b6   0x080001b6   0x00000006   Code   RO         3867    .ARM.Collect$$rtentry$$00000004  c_w.l(__rtentry4.o)
    0x080001bc   0x080001bc   0x00000000   Code   RO         3857    .ARM.Collect$$rtentry$$00000009  c_w.l(__rtentry2.o)
    0x080001bc   0x080001bc   0x00000004   Code   RO         3858    .ARM.Collect$$rtentry$$0000000A  c_w.l(__rtentry2.o)
    0x080001c0   0x080001c0   0x00000000   Code   RO         3860    .ARM.Collect$$rtentry$$0000000C  c_w.l(__rtentry2.o)
    0x080001c0   0x080001c0   0x00000008   Code   RO         3861    .ARM.Collect$$rtentry$$0000000D  c_w.l(__rtentry2.o)
    0x080001c8   0x080001c8   0x00000002   Code   RO         3890    .ARM.Collect$$rtexit$$00000000  c_w.l(rtexit.o)
    0x080001ca   0x080001ca   0x00000000   Code   RO         3938    .ARM.Collect$$rtexit$$00000002  c_w.l(rtexit2.o)
    0x080001ca   0x080001ca   0x00000004   Code   RO         3939    .ARM.Collect$$rtexit$$00000003  c_w.l(rtexit2.o)
    0x080001ce   0x080001ce   0x00000006   Code   RO         3940    .ARM.Collect$$rtexit$$00000004  c_w.l(rtexit2.o)
    0x080001d4   0x080001d4   0x00000040   Code   RO            4    .text               startup_stm32f103xe.o
    0x08000214   0x08000214   0x00000002   Code   RO         3774    .text               c_w.l(use_no_semi_2.o)
    0x08000216   0x08000216   0x00000002   PAD
    0x08000218   0x08000218   0x00000018   Code   RO         3778    .text               c_w.l(noretval__2printf.o)
    0x08000230   0x08000230   0x00000068   Code   RO         3780    .text               c_w.l(__printf.o)
    0x08000298   0x08000298   0x00000058   Code   RO         3785    .text               c_w.l(_printf_hex_int.o)
    0x080002f0   0x080002f0   0x00000006   Code   RO         3825    .text               c_w.l(heapauxi.o)
    0x080002f6   0x080002f6   0x00000002   Code   RO         3841    .text               c_w.l(use_no_semi.o)
    0x080002f8   0x080002f8   0x000000b2   Code   RO         3844    .text               c_w.l(_printf_intcommon.o)
    0x080003aa   0x080003aa   0x00000002   PAD
    0x080003ac   0x080003ac   0x00000024   Code   RO         3846    .text               c_w.l(_printf_char_file.o)
    0x080003d0   0x080003d0   0x00000030   Code   RO         3869    .text               c_w.l(_printf_char_common.o)
    0x08000400   0x08000400   0x00000008   Code   RO         3871    .text               c_w.l(ferror.o)
    0x08000408   0x08000408   0x0000004a   Code   RO         3875    .text               c_w.l(sys_stackheap_outer.o)
    0x08000452   0x08000452   0x00000012   Code   RO         3879    .text               c_w.l(exit.o)
    0x08000464   0x08000464   0x00000008   Code   RO         3887    .text               c_w.l(libspace.o)
    0x0800046c   0x0800046c   0x00000004   Code   RO          285    i.BusFault_Handler  stm32f1xx_it.o
    0x08000470   0x08000470   0x00000002   Code   RO          286    i.DebugMon_Handler  stm32f1xx_it.o
    0x08000472   0x08000472   0x00000002   PAD
    0x08000474   0x08000474   0x00000044   Code   RO         2198    i.FSMC_NORSRAM_Extended_Timing_Init  stm32f1xx_ll_fsmc.o
    0x080004b8   0x080004b8   0x00000078   Code   RO         2199    i.FSMC_NORSRAM_Init  stm32f1xx_ll_fsmc.o
    0x08000530   0x08000530   0x00000042   Code   RO         2200    i.FSMC_NORSRAM_Timing_Init  stm32f1xx_ll_fsmc.o
    0x08000572   0x08000572   0x00000002   PAD
    0x08000574   0x08000574   0x000001a8   Code   RO          995    i.HAL_DMA_Abort_IT  stm32f1xx_hal_dma.o
    0x0800071c   0x0800071c   0x00000340   Code   RO         1091    i.HAL_GPIO_Init     stm32f1xx_hal_gpio.o
    0x08000a5c   0x08000a5c   0x00000010   Code   RO         1093    i.HAL_GPIO_ReadPin  stm32f1xx_hal_gpio.o
    0x08000a6c   0x08000a6c   0x00000014   Code   RO         1094    i.HAL_GPIO_TogglePin  stm32f1xx_hal_gpio.o
    0x08000a80   0x08000a80   0x0000000c   Code   RO         1095    i.HAL_GPIO_WritePin  stm32f1xx_hal_gpio.o
    0x08000a8c   0x08000a8c   0x0000000c   Code   RO          708    i.HAL_GetTick       stm32f1xx_hal.o
    0x08000a98   0x08000a98   0x00000028   Code   RO          715    i.HAL_Init          stm32f1xx_hal.o
    0x08000ac0   0x08000ac0   0x0000004c   Code   RO          716    i.HAL_InitTick      stm32f1xx_hal.o
    0x08000b0c   0x08000b0c   0x00000002   Code   RO          718    i.HAL_MspInit       stm32f1xx_hal.o
    0x08000b0e   0x08000b0e   0x00000020   Code   RO          873    i.HAL_NVIC_EnableIRQ  stm32f1xx_hal_cortex.o
    0x08000b2e   0x08000b2e   0x0000007c   Code   RO          879    i.HAL_NVIC_SetPriority  stm32f1xx_hal_cortex.o
    0x08000baa   0x08000baa   0x00000002   PAD
    0x08000bac   0x08000bac   0x00000028   Code   RO          880    i.HAL_NVIC_SetPriorityGrouping  stm32f1xx_hal_cortex.o
    0x08000bd4   0x08000bd4   0x0000018c   Code   RO         1316    i.HAL_RCC_ClockConfig  stm32f1xx_hal_rcc.o
    0x08000d60   0x08000d60   0x0000000c   Code   RO         1321    i.HAL_RCC_GetHCLKFreq  stm32f1xx_hal_rcc.o
    0x08000d6c   0x08000d6c   0x00000020   Code   RO         1323    i.HAL_RCC_GetPCLK1Freq  stm32f1xx_hal_rcc.o
    0x08000d8c   0x08000d8c   0x00000020   Code   RO         1324    i.HAL_RCC_GetPCLK2Freq  stm32f1xx_hal_rcc.o
    0x08000dac   0x08000dac   0x00000094   Code   RO         1325    i.HAL_RCC_GetSysClockFreq  stm32f1xx_hal_rcc.o
    0x08000e40   0x08000e40   0x00000464   Code   RO         1328    i.HAL_RCC_OscConfig  stm32f1xx_hal_rcc.o
    0x080012a4   0x080012a4   0x00000066   Code   RO         2059    i.HAL_SRAM_Init     stm32f1xx_hal_sram.o
    0x0800130a   0x0800130a   0x00000002   PAD
    0x0800130c   0x0800130c   0x00000090   Code   RO         3355    i.HAL_SRAM_MspInit  lcd.o
    0x0800139c   0x0800139c   0x00000028   Code   RO          882    i.HAL_SYSTICK_CLKSourceConfig  stm32f1xx_hal_cortex.o
    0x080013c4   0x080013c4   0x00000034   Code   RO          884    i.HAL_SYSTICK_Config  stm32f1xx_hal_cortex.o
    0x080013f8   0x080013f8   0x00000002   Code   RO         1479    i.HAL_UART_ErrorCallback  stm32f1xx_hal_uart.o
    0x080013fa   0x080013fa   0x00000002   PAD
    0x080013fc   0x080013fc   0x00000154   Code   RO         1482    i.HAL_UART_IRQHandler  stm32f1xx_hal_uart.o
    0x08001550   0x08001550   0x00000072   Code   RO         1483    i.HAL_UART_Init     stm32f1xx_hal_uart.o
    0x080015c2   0x080015c2   0x00000002   PAD
    0x080015c4   0x080015c4   0x000000b4   Code   RO          620    i.HAL_UART_MspInit  usart.o
    0x08001678   0x08001678   0x00000070   Code   RO         1488    i.HAL_UART_Receive_IT  stm32f1xx_hal_uart.o
    0x080016e8   0x080016e8   0x0000009c   Code   RO          621    i.HAL_UART_RxCpltCallback  usart.o
    0x08001784   0x08001784   0x00000002   Code   RO         1494    i.HAL_UART_TxCpltCallback  stm32f1xx_hal_uart.o
    0x08001786   0x08001786   0x00000004   Code   RO          287    i.HardFault_Handler  stm32f1xx_it.o
    0x0800178a   0x0800178a   0x00000004   Code   RO          288    i.MemManage_Handler  stm32f1xx_it.o
    0x0800178e   0x0800178e   0x00000002   Code   RO          289    i.NMI_Handler       stm32f1xx_it.o
    0x08001790   0x08001790   0x00000028   Code   RO         1329    i.RCC_Delay         stm32f1xx_hal_rcc.o
    0x080017b8   0x080017b8   0x00000002   Code   RO          290    i.SVC_Handler       stm32f1xx_it.o
    0x080017ba   0x080017ba   0x00000002   Code   RO          249    i.SystemInit        system_stm32f1xx.o
    0x080017bc   0x080017bc   0x00000014   Code   RO         1496    i.UART_DMAAbortOnError  stm32f1xx_hal_uart.o
    0x080017d0   0x080017d0   0x00000020   Code   RO         1506    i.UART_EndRxTransfer  stm32f1xx_hal_uart.o
    0x080017f0   0x080017f0   0x00000020   Code   RO         1507    i.UART_EndTransmit_IT  stm32f1xx_hal_uart.o
    0x08001810   0x08001810   0x000000a0   Code   RO         1509    i.UART_Receive_IT   stm32f1xx_hal_uart.o
    0x080018b0   0x080018b0   0x000000fc   Code   RO         1510    i.UART_SetConfig    stm32f1xx_hal_uart.o
    0x080019ac   0x080019ac   0x00000060   Code   RO         1511    i.UART_Transmit_IT  stm32f1xx_hal_uart.o
    0x08001a0c   0x08001a0c   0x00000010   Code   RO          622    i.USART1_IRQHandler  usart.o
    0x08001a1c   0x08001a1c   0x00000004   Code   RO          291    i.UsageFault_Handler  stm32f1xx_it.o
    0x08001a20   0x08001a20   0x00000010   Code   RO          886    i.__NVIC_GetPriorityGrouping  stm32f1xx_hal_cortex.o
    0x08001a30   0x08001a30   0x00000028   Code   RO          887    i.__NVIC_SetPriority  stm32f1xx_hal_cortex.o
    0x08001a58   0x08001a58   0x00000004   Code   RO          624    i._sys_exit         usart.o
    0x08001a5c   0x08001a5c   0x000000a2   Code   RO         3616    i.atk_ms7620_get_gesture  atk_ms7620.o
    0x08001afe   0x08001afe   0x00000022   Code   RO         3619    i.atk_ms7620_get_wakeup_status  atk_ms7620.o
    0x08001b20   0x08001b20   0x00000054   Code   RO         3704    i.atk_ms7620_iic_ack  atk_ms7620_iic.o
    0x08001b74   0x08001b74   0x0000000a   Code   RO         3705    i.atk_ms7620_iic_delay  atk_ms7620_iic.o
    0x08001b7e   0x08001b7e   0x00000002   PAD
    0x08001b80   0x08001b80   0x00000084   Code   RO         3706    i.atk_ms7620_iic_init  atk_ms7620_iic.o
    0x08001c04   0x08001c04   0x00000040   Code   RO         3707    i.atk_ms7620_iic_nack  atk_ms7620_iic.o
    0x08001c44   0x08001c44   0x00000060   Code   RO         3708    i.atk_ms7620_iic_read_byte  atk_ms7620_iic.o
    0x08001ca4   0x08001ca4   0x00000070   Code   RO         3709    i.atk_ms7620_iic_send_byte  atk_ms7620_iic.o
    0x08001d14   0x08001d14   0x00000050   Code   RO         3710    i.atk_ms7620_iic_start  atk_ms7620_iic.o
    0x08001d64   0x08001d64   0x00000040   Code   RO         3711    i.atk_ms7620_iic_stop  atk_ms7620_iic.o
    0x08001da4   0x08001da4   0x00000068   Code   RO         3712    i.atk_ms7620_iic_wait_ack  atk_ms7620_iic.o
    0x08001e0c   0x08001e0c   0x00000020   Code   RO         3620    i.atk_ms7620_init   atk_ms7620.o
    0x08001e2c   0x08001e2c   0x00000028   Code   RO         3621    i.atk_ms7620_initial_register  atk_ms7620.o
    0x08001e54   0x08001e54   0x0000004c   Code   RO         3622    i.atk_ms7620_mode_config  atk_ms7620.o
    0x08001ea0   0x08001ea0   0x0000008a   Code   RO         3623    i.atk_ms7620_read   atk_ms7620.o
    0x08001f2a   0x08001f2a   0x00000016   Code   RO         3624    i.atk_ms7620_read_byte  atk_ms7620.o
    0x08001f40   0x08001f40   0x00000022   Code   RO         3625    i.atk_ms7620_switch_reg_bank  atk_ms7620.o
    0x08001f62   0x08001f62   0x00000070   Code   RO         3626    i.atk_ms7620_write  atk_ms7620.o
    0x08001fd2   0x08001fd2   0x00000014   Code   RO         3627    i.atk_ms7620_write_byte  atk_ms7620.o
    0x08001fe6   0x08001fe6   0x00000002   PAD
    0x08001fe8   0x08001fe8   0x00000028   Code   RO          504    i.delay_init        delay.o
    0x08002010   0x08002010   0x00000038   Code   RO          505    i.delay_ms          delay.o
    0x08002048   0x08002048   0x0000004c   Code   RO          506    i.delay_us          delay.o
    0x08002094   0x08002094   0x000001d0   Code   RO          476    i.demo_run          demo.o
    0x08002264   0x08002264   0x0000001c   Code   RO          626    i.fputc             usart.o
    0x08002280   0x08002280   0x000000f0   Code   RO         3324    i.key_init          key.o
    0x08002370   0x08002370   0x00000034   Code   RO         3356    i.lcd_clear         lcd.o
    0x080023a4   0x080023a4   0x0000016c   Code   RO         3358    i.lcd_display_dir   lcd.o
    0x08002510   0x08002510   0x00000020   Code   RO         3364    i.lcd_draw_point    lcd.o
    0x08002530   0x08002530   0x0000022c   Code   RO         3366    i.lcd_ex_ili9341_reginit  lcd.o
    0x0800275c   0x0800275c   0x00000340   Code   RO         3367    i.lcd_ex_ili9806_reginit  lcd.o
    0x08002a9c   0x08002a9c   0x00000ef2   Code   RO         3368    i.lcd_ex_nt35310_reginit  lcd.o
    0x0800398e   0x0800398e   0x00000efc   Code   RO         3369    i.lcd_ex_nt35510_reginit  lcd.o
    0x0800488a   0x0800488a   0x0000016e   Code   RO         3370    i.lcd_ex_ssd1963_reginit  lcd.o
    0x080049f8   0x080049f8   0x000001a8   Code   RO         3371    i.lcd_ex_st7789_reginit  lcd.o
    0x08004ba0   0x08004ba0   0x000001c6   Code   RO         3372    i.lcd_ex_st7796_reginit  lcd.o
    0x08004d66   0x08004d66   0x00000002   PAD
    0x08004d68   0x08004d68   0x00000468   Code   RO         3375    i.lcd_init          lcd.o
    0x080051d0   0x080051d0   0x0000000c   Code   RO         3376    i.lcd_opt_delay     lcd.o
    0x080051dc   0x080051dc   0x00000018   Code   RO         3378    i.lcd_rd_data       lcd.o
    0x080051f4   0x080051f4   0x0000023c   Code   RO         3380    i.lcd_scan_dir      lcd.o
    0x08005430   0x08005430   0x00000120   Code   RO         3381    i.lcd_set_cursor    lcd.o
    0x08005550   0x08005550   0x00000140   Code   RO         3383    i.lcd_show_char     lcd.o
    0x08005690   0x08005690   0x0000006a   Code   RO         3385    i.lcd_show_string   lcd.o
    0x080056fa   0x080056fa   0x00000002   PAD
    0x080056fc   0x080056fc   0x00000054   Code   RO         3387    i.lcd_ssd_backlight_set  lcd.o
    0x08005750   0x08005750   0x00000018   Code   RO         3388    i.lcd_wr_data       lcd.o
    0x08005768   0x08005768   0x00000018   Code   RO         3389    i.lcd_wr_regno      lcd.o
    0x08005780   0x08005780   0x00000014   Code   RO         3390    i.lcd_write_ram_prepare  lcd.o
    0x08005794   0x08005794   0x00000010   Code   RO         3391    i.lcd_write_reg     lcd.o
    0x080057a4   0x080057a4   0x00000090   Code   RO         3300    i.led_init          led.o
    0x08005834   0x08005834   0x00000034   Code   RO           13    i.main              main.o
    0x08005868   0x08005868   0x000000f0   Code   RO           14    i.show_mesg         main.o
    0x08005958   0x08005958   0x00000056   Code   RO          553    i.sys_stm32_clock_init  sys.o
    0x080059ae   0x080059ae   0x00000002   PAD
    0x080059b0   0x080059b0   0x00000038   Code   RO          627    i.usart_init        usart.o
    0x080059e8   0x080059e8   0x0000005a   Code   RO         3829    x$fpl$dfixu         fz_ws.l(dfixu.o)
    0x08005a42   0x08005a42   0x00000026   Code   RO         3833    x$fpl$dfltu         fz_ws.l(dflt_clz.o)
    0x08005a68   0x08005a68   0x00000154   Code   RO         3839    x$fpl$dmul          fz_ws.l(dmul.o)
    0x08005bbc   0x08005bbc   0x0000009c   Code   RO         3849    x$fpl$dnaninf       fz_ws.l(dnaninf.o)
    0x08005c58   0x08005c58   0x0000000c   Code   RO         3851    x$fpl$dretinf       fz_ws.l(dretinf.o)
    0x08005c64   0x08005c64   0x00000000   Code   RO         3853    x$fpl$usenofp       fz_ws.l(usenofp.o)
    0x08005c64   0x08005c64   0x00000018   Data   RO          250    .constdata          system_stm32f1xx.o
    0x08005c7c   0x08005c7c   0x00002f80   Data   RO         3393    .constdata          lcd.o
    0x08008bfc   0x08008bfc   0x00000028   Data   RO         3786    .constdata          c_w.l(_printf_hex_int.o)
    0x08008c24   0x08008c24   0x00000020   Data   RO         4005    Region$$Table       anon$$obj.o


    Execution Region RW_IRAM1 (Exec base: 0x20000000, Load base: 0x08008c44, Size: 0x000008d0, Max: 0x00010000, ABSOLUTE)

    Exec Addr    Load Addr    Size         Type   Attr      Idx    E Section Name        Object

    0x20000000   0x08008c44   0x00000004   Data   RW          251    .data               system_stm32f1xx.o
    0x20000004   0x08008c48   0x00000002   Data   RW          507    .data               delay.o
    0x20000006   0x08008c4a   0x00000002   PAD
    0x20000008   0x08008c4c   0x00000007   Data   RW          629    .data               usart.o
    0x2000000f   0x08008c53   0x00000001   PAD
    0x20000010   0x08008c54   0x00000009   Data   RW          722    .data               stm32f1xx_hal.o
    0x20000019   0x08008c5d   0x00000003   PAD
    0x2000001c   0x08008c60   0x00000008   Data   RW         3394    .data               lcd.o
    0x20000024   0x08008c68   0x000000e8   Data   RW         3628    .data               atk_ms7620.o
    0x2000010c        -       0x00000108   Zero   RW          628    .bss                usart.o
    0x20000214        -       0x00000056   Zero   RW         3392    .bss                lcd.o
    0x2000026a   0x08008d50   0x00000002   PAD
    0x2000026c        -       0x00000060   Zero   RW         3888    .bss                c_w.l(libspace.o)
    0x200002cc   0x08008d50   0x00000004   PAD
    0x200002d0        -       0x00000200   Zero   RW            2    HEAP                startup_stm32f103xe.o
    0x200004d0        -       0x00000400   Zero   RW            1    STACK               startup_stm32f103xe.o


==============================================================================

Image component sizes


      Code (inc. data)   RO Data    RW Data    ZI Data      Debug   Object Name

       670         14          0        232          0      10520   atk_ms7620.o
       746         38          0          0          0       7622   atk_ms7620_iic.o
       172         16          0          2          0       2671   delay.o
       464        278          0          0          0       1819   demo.o
       240         14          0          0          0       1451   key.o
     13504        172      12160          8         86      29187   lcd.o
       144         12          0          0          0       1303   led.o
       292        116          0          0          0     466831   main.o
        64         26        304          0       1536       1076   startup_stm32f103xe.o
       130         24          0          9          0       7285   stm32f1xx_hal.o
       344         22          0          0          0      31629   stm32f1xx_hal_cortex.o
       424         10          0          0          0       1631   stm32f1xx_hal_dma.o
       880         40          0          0          0       4956   stm32f1xx_hal_gpio.o
      1784        110          0          0          0       7620   stm32f1xx_hal_rcc.o
       102          0          0          0          0       1600   stm32f1xx_hal_sram.o
      1162         10          0          0          0      10107   stm32f1xx_hal_uart.o
        22          0          0          0          0       4387   stm32f1xx_it.o
       254         10          0          0          0       4639   stm32f1xx_ll_fsmc.o
        86          0          0          0          0        915   sys.o
         2          0         24          4          0       1931   system_stm32f1xx.o
       440         56          0          7        264       7021   usart.o

    ----------------------------------------------------------------------
     21948        968      12520        268       1888     606201   Object Totals
         0          0         32          0          0          0   (incl. Generated)
        22          0          0          6          2          0   (incl. Padding)

    ----------------------------------------------------------------------

      Code (inc. data)   RO Data    RW Data    ZI Data      Debug   Library Member Name

         8          0          0          0          0         68   __main.o
       104          0          0          0          0         84   __printf.o
         0          0          0          0          0          0   __rtentry.o
        12          0          0          0          0          0   __rtentry2.o
         6          0          0          0          0          0   __rtentry4.o
        52          8          0          0          0          0   __scatter.o
        26          0          0          0          0          0   __scatter_copy.o
        28          0          0          0          0          0   __scatter_zi.o
        48          6          0          0          0         96   _printf_char_common.o
        36          4          0          0          0         80   _printf_char_file.o
        88          4         40          0          0         88   _printf_hex_int.o
       178          0          0          0          0         88   _printf_intcommon.o
         0          0          0          0          0          0   _printf_percent.o
         4          0          0          0          0          0   _printf_percent_end.o
         6          0          0          0          0          0   _printf_x.o
        18          0          0          0          0         80   exit.o
         8          0          0          0          0         68   ferror.o
         6          0          0          0          0        152   heapauxi.o
         2          0          0          0          0          0   libinit.o
         2          0          0          0          0          0   libinit2.o
         2          0          0          0          0          0   libshutdown.o
         2          0          0          0          0          0   libshutdown2.o
         8          4          0          0         96         68   libspace.o
        24          4          0          0          0         84   noretval__2printf.o
         2          0          0          0          0          0   rtexit.o
        10          0          0          0          0          0   rtexit2.o
        74          0          0          0          0         80   sys_stackheap_outer.o
         2          0          0          0          0         68   use_no_semi.o
         2          0          0          0          0         68   use_no_semi_2.o
        90          4          0          0          0         92   dfixu.o
        38          0          0          0          0         68   dflt_clz.o
       340         12          0          0          0        104   dmul.o
       156          4          0          0          0         92   dnaninf.o
        12          0          0          0          0         68   dretinf.o
         0          0          0          0          0          0   usenofp.o

    ----------------------------------------------------------------------
      1400         50         40          0        100       1596   Library Totals
         6          0          0          0          4          0   (incl. Padding)

    ----------------------------------------------------------------------

      Code (inc. data)   RO Data    RW Data    ZI Data      Debug   Library Name

       758         30         40          0         96       1172   c_w.l
       636         20          0          0          0        424   fz_ws.l

    ----------------------------------------------------------------------
      1400         50         40          0        100       1596   Library Totals

    ----------------------------------------------------------------------

==============================================================================


      Code (inc. data)   RO Data    RW Data    ZI Data      Debug   

     23348       1018      12560        268       1988     601969   Grand Totals
     23348       1018      12560        268       1988     601969   ELF Image Totals
     23348       1018      12560        268          0          0   ROM Totals

==============================================================================

    Total RO  Size (Code + RO Data)                35908 (  35.07kB)
    Total RW  Size (RW Data + ZI Data)              2256 (   2.20kB)
    Total ROM Size (Code + RO Data + RW Data)      36176 (  35.33kB)

==============================================================================

