<html>
<body>
<pre>
<h1>µVision Build Log</h1>
<h2>Tool Versions:</h2>
IDE-Version: ¦ÌVision V5.28.0.0
Copyright (C) 2019 ARM Ltd and ARM Germany GmbH. All rights reserved.
License Information: 1 1, 1, LIC=76F5U-S6INI-FWB2N-YI6GF-7LG2Z-TECWC
 
Tool Versions:
Toolchain:       MDK-ARM Plus  Version: 5.28.0.0
Toolchain Path:  D:\software_work\keil5\ARM\ARMCC\Bin
C Compiler:      Armcc.exe V5.06 update 6 (build 750)
Assembler:       Armasm.exe V5.06 update 6 (build 750)
Linker/Locator:  ArmLink.exe V5.06 update 6 (build 750)
Library Manager: ArmAr.exe V5.06 update 6 (build 750)
Hex Converter:   FromElf.exe V5.06 update 6 (build 750)
CPU DLL:         SARMCM3.DLL V5.28.0.0
Dialog DLL:      DCM.DLL V1.17.3.0
Target DLL:      STLink\ST-LINKIII-KEIL_SWO.dll V3.0.6.0
Dialog DLL:      TCM.DLL V1.36.2.0
 
<h2>Project:</h2>
F:\DeskTop\STM32H750XB\cubemx_pro\STM32H750XB\MDK-ARM\STM32H750XB.uvprojx
Project File Date:  07/20/2023

<h2>Output:</h2>
*** Using Compiler 'V5.06 update 6 (build 750)', folder: 'D:\software_work\keil5\ARM\ARMCC\Bin'
Rebuild target 'STM32H750XB'
assembling startup_stm32h750xx.s...
compiling i2c.c...
compiling gpio.c...
compiling usart.c...
compiling stm32h7xx_hal_msp.c...
compiling stm32h7xx_hal_timebase_tim.c...
compiling stm32h7xx_it.c...
compiling tim.c...
compiling main.c...
compiling stm32h7xx_hal_adc_ex.c...
compiling adc.c...
compiling stm32h7xx_hal_adc.c...
compiling stm32h7xx_hal_rcc.c...
compiling stm32h7xx_hal_flash.c...
compiling stm32h7xx_hal_flash_ex.c...
compiling stm32h7xx_hal_gpio.c...
compiling stm32h7xx_hal_rcc_ex.c...
compiling stm32h7xx_hal_pwr.c...
compiling stm32h7xx_hal_hsem.c...
compiling stm32h7xx_hal_dma_ex.c...
compiling stm32h7xx_hal_pwr_ex.c...
compiling stm32h7xx_hal_mdma.c...
compiling stm32h7xx_hal_cortex.c...
compiling stm32h7xx_hal.c...
compiling stm32h7xx_hal_dma.c...
compiling stm32h7xx_hal_i2c_ex.c...
compiling stm32h7xx_hal_exti.c...
compiling system_stm32h7xx.c...
compiling stm32h7xx_hal_tim_ex.c...
compiling stm32_u8g2.c...
compiling paj7620u2.c...
compiling oled.c...
..\BSP\OLED\oled.h(17): warning:  #2532-D: support for trigraphs is disabled
  #define OLED0561_ADD	0x78  // OLED?I2C??(????)
..\BSP\OLED\oled.c: 1 warning, 0 errors
compiling stm32h7xx_hal_i2c.c...
compiling stm32h7xx_hal_uart_ex.c...
compiling paj7620u2_iic.c...
compiling stm32h7xx_hal_uart.c...
compiling u8g2_box.c...
compiling u8g2_bitmap.c...
compiling mui.c...
compiling stm32h7xx_hal_tim.c...
compiling u8g2_cleardisplay.c...
compiling u8g2_d_memory.c...
compiling test.c...
compiling mui_u8g2.c...
compiling app.c...
compiling u8g2_buffer.c...
compiling u8g2_button.c...
compiling u8g2_circle.c...
compiling u8g2_input_value.c...
compiling u8g2_font.c...
compiling u8g2_intersection.c...
compiling u8g2_hvline.c...
compiling u8g2_line.c...
compiling u8g2_message.c...
compiling u8g2_kerning.c...
compiling u8g2_polygon.c...
compiling u8g2_selection_list.c...
compiling u8g2_ll_hvline.c...
compiling u8log_u8x8.c...
compiling u8log.c...
compiling u8g2_d_setup.c...
compiling u8x8_8x8.c...
compiling u8log_u8g2.c...
compiling u8g2_setup.c...
..\BSP\OLED\u8g2\csrc\u8g2_setup.c(468): warning:  #1-D: last line of file ends without a newline
    
..\BSP\OLED\u8g2\csrc\u8g2_setup.c: 1 warning, 0 errors
compiling u8x8_d_ist3020.c...
compiling u8x8_byte.c...
compiling u8x8_d_gu800.c...
compiling u8x8_d_ist3088.c...
compiling u8x8_capture.c...
compiling u8x8_d_il3820_296x128.c...
..\BSP\OLED\u8g2\csrc\u8x8_d_il3820_296x128.c(43): warning:  #2532-D: support for trigraphs is disabled
      bit 5:	Load Temparture Value (???)
..\BSP\OLED\u8g2\csrc\u8x8_d_il3820_296x128.c: 1 warning, 0 errors
compiling u8x8_cad.c...
compiling u8x8_d_gp1287ai.c...
compiling u8x8_d_gp1247ai.c...
compiling u8x8_d_hd44102.c...
compiling u8x8_d_a2printer.c...
..\BSP\OLED\u8g2\csrc\u8x8_d_a2printer.c(182): warning:  #1-D: last line of file ends without a newline
    
..\BSP\OLED\u8g2\csrc\u8x8_d_a2printer.c: 1 warning, 0 errors
compiling u8x8_d_lc7981.c...
compiling u8x8_d_ist7920.c...
compiling u8x8_d_ks0108.c...
compiling u8x8_d_pcf8814_hx1230.c...
compiling u8x8_d_pcd8544_84x48.c...
compiling u8x8_d_pcf8812.c...
compiling u8x8_d_s1d15e06.c...
compiling u8x8_d_max7219.c...
compiling u8x8_d_ld7032_60x32.c...
compiling u8x8_d_ls013b7dh03.c...
compiling u8x8_d_sed1330.c...
compiling u8x8_d_sh1107.c...
compiling u8x8_d_sh1108.c...
compiling u8x8_d_sh1106_72x40.c...
compiling u8x8_d_sbn1661.c...
compiling u8x8_d_sh1106_64x32.c...
compiling u8x8_d_s1d15721.c...
compiling u8x8_d_ssd1306_96x16.c...
compiling u8x8_d_ssd1306_48x64.c...
compiling u8x8_d_ssd1306_72x40.c...
compiling u8x8_d_ssd1306_64x48.c...
compiling u8x8_d_ssd1306_64x32.c...
compiling u8x8_d_ssd1305.c...
compiling u8x8_d_sh1122.c...
compiling u8x8_d_ssd1306_96x40.c...
compiling u8x8_d_ssd1316.c...
compiling u8x8_d_ssd1318.c...
compiling u8x8_d_ssd1309.c...
compiling u8x8_d_ssd1306_2040x16.c...
compiling u8x8_d_ssd1306_128x64_noname.c...
compiling u8x8_d_ssd1317.c...
compiling u8g2_fonts.c...
compiling u8x8_d_ssd1306_128x32.c...
compiling u8x8_d_ssd1329.c...
compiling u8x8_d_ssd1606_172x72.c...
..\BSP\OLED\u8g2\csrc\u8x8_d_ssd1606_172x72.c(43): warning:  #2532-D: support for trigraphs is disabled
      bit 5:	Load Temparture Value (???)
..\BSP\OLED\u8g2\csrc\u8x8_d_ssd1606_172x72.c: 1 warning, 0 errors
compiling u8x8_d_ssd1607_200x200.c...
..\BSP\OLED\u8g2\csrc\u8x8_d_ssd1607_200x200.c(43): warning:  #2532-D: support for trigraphs is disabled
      bit 5:	Load Temparture Value (???)
..\BSP\OLED\u8g2\csrc\u8x8_d_ssd1607_200x200.c: 1 warning, 0 errors
compiling u8x8_d_ssd1320.c...
compiling u8x8_d_ssd1325.c...
compiling u8x8_d_ssd1326.c...
compiling u8x8_d_ssd1322.c...
compiling u8x8_d_ssd1327.c...
compiling u8x8_d_st7586s_ymc240160.c...
compiling u8x8_d_st7588.c...
compiling u8x8_d_st7586s_s028hn118a.c...
compiling u8x8_d_st7586s_erc240160.c...
compiling u8x8_d_st7571.c...
compiling u8x8_d_st7528.c...
..\BSP\OLED\u8g2\csrc\u8x8_d_st7528.c(124): warning:  #111-D: statement is unreachable
        break;
..\BSP\OLED\u8g2\csrc\u8x8_d_st7528.c: 1 warning, 0 errors
compiling u8x8_d_st7565.c...
compiling u8x8_d_st7567.c...
compiling u8x8_d_st7511.c...
compiling u8x8_d_st75160.c...
compiling u8x8_d_st75320.c...
compiling u8x8_d_st75256.c...
compiling u8x8_d_st7920.c...
compiling u8x8_d_stdio.c...
compiling u8x8_d_uc1611.c...
compiling u8x8_d_t6963.c...
compiling u8x8_d_uc1610.c...
compiling u8x8_d_uc1638.c...
compiling u8x8_d_uc1617.c...
compiling u8x8_d_uc1701_dogs102.c...
compiling u8x8_d_uc1608.c...
compiling u8x8_d_uc1604.c...
compiling u8x8_d_uc1609.c...
compiling u8x8_d_uc1601.c...
compiling u8x8_debounce.c...
compiling u8x8_display.c...
compiling u8x8_d_uc1701_mini12864.c...
compiling u8x8_gpio.c...
compiling u8x8_setup.c...
compiling u8x8_u16toa.c...
compiling u8x8_input_value.c...
compiling u8x8_u8toa.c...
compiling u8x8_fonts.c...
compiling u8x8_message.c...
compiling u8x8_string.c...
compiling u8x8_selection_list.c...
linking...
Program Size: Code=26948 RO-data=22956 RW-data=68 ZI-data=3348  
FromELF: creating hex file...
"STM32H750XB\STM32H750XB.axf" - 0 Error(s), 7 Warning(s).

<h2>Software Packages used:</h2>

Package Vendor: ARM
                http://www.keil.com/pack/ARM.CMSIS.5.9.0.pack
                ARM.CMSIS.5.9.0
                CMSIS (Common Microcontroller Software Interface Standard)
   * Component: CORE Version: 5.6.0

Package Vendor: Keil
                http://www.keil.com/pack/Keil.STM32H7xx_DFP.3.0.0.pack
                Keil.STM32H7xx_DFP.3.0.0
                STMicroelectronics STM32H7 Series Device Support and Examples

<h2>Collection of Component include folders:</h2>
  .\RTE\_STM32H750XB
  D:\software_work\keil5\ARM\CMSIS\5.9.0\CMSIS\Core\Include
  D:\software_work\keil5\Keil\STM32H7xx_DFP\3.0.0\Drivers\CMSIS\Device\ST\STM32H7xx\Include

<h2>Collection of Component Files used:</h2>

   * Component: ARM::CMSIS:CORE:5.6.0
      Include file:  CMSIS\Core\Include\tz_context.h
Build Time Elapsed:  00:00:18
</pre>
</body>
</html>
