Component: ARM Compiler 5.06 update 6 (build 750) Tool: armlink [4d35ed]

==============================================================================

Section Cross References

    startup_stm32h750xx.o(STACK) refers (Special) to heapauxi.o(.text) for __use_two_region_memory
    startup_stm32h750xx.o(HEAP) refers (Special) to heapauxi.o(.text) for __use_two_region_memory
    startup_stm32h750xx.o(RESET) refers (Special) to heapauxi.o(.text) for __use_two_region_memory
    startup_stm32h750xx.o(RESET) refers to startup_stm32h750xx.o(STACK) for __initial_sp
    startup_stm32h750xx.o(RESET) refers to startup_stm32h750xx.o(.text) for Reset_Handler
    startup_stm32h750xx.o(RESET) refers to stm32h7xx_it.o(i.NMI_Handler) for NMI_Handler
    startup_stm32h750xx.o(RESET) refers to stm32h7xx_it.o(i.HardFault_Handler) for HardFault_Handler
    startup_stm32h750xx.o(RESET) refers to stm32h7xx_it.o(i.MemManage_Handler) for MemManage_Handler
    startup_stm32h750xx.o(RESET) refers to stm32h7xx_it.o(i.BusFault_Handler) for BusFault_Handler
    startup_stm32h750xx.o(RESET) refers to stm32h7xx_it.o(i.UsageFault_Handler) for UsageFault_Handler
    startup_stm32h750xx.o(RESET) refers to stm32h7xx_it.o(i.SVC_Handler) for SVC_Handler
    startup_stm32h750xx.o(RESET) refers to stm32h7xx_it.o(i.DebugMon_Handler) for DebugMon_Handler
    startup_stm32h750xx.o(RESET) refers to stm32h7xx_it.o(i.PendSV_Handler) for PendSV_Handler
    startup_stm32h750xx.o(RESET) refers to stm32h7xx_it.o(i.SysTick_Handler) for SysTick_Handler
    startup_stm32h750xx.o(RESET) refers to stm32h7xx_it.o(i.EXTI3_IRQHandler) for EXTI3_IRQHandler
    startup_stm32h750xx.o(RESET) refers to stm32h7xx_it.o(i.EXTI4_IRQHandler) for EXTI4_IRQHandler
    startup_stm32h750xx.o(RESET) refers to stm32h7xx_it.o(i.TIM6_DAC_IRQHandler) for TIM6_DAC_IRQHandler
    startup_stm32h750xx.o(RESET) refers to stm32h7xx_it.o(i.TIM7_IRQHandler) for TIM7_IRQHandler
    startup_stm32h750xx.o(.text) refers (Special) to heapauxi.o(.text) for __use_two_region_memory
    startup_stm32h750xx.o(.text) refers to system_stm32h7xx.o(i.SystemInit) for SystemInit
    startup_stm32h750xx.o(.text) refers to __main.o(!!!main) for __main
    startup_stm32h750xx.o(.text) refers to startup_stm32h750xx.o(HEAP) for Heap_Mem
    startup_stm32h750xx.o(.text) refers to startup_stm32h750xx.o(STACK) for Stack_Mem
    main.o(i.HAL_TIM_PeriodElapsedCallback) refers to stm32h7xx_hal.o(i.HAL_IncTick) for HAL_IncTick
    main.o(i.PAJ7620_Init) refers to noretval__2printf.o(.text) for __2printf
    main.o(i.PAJ7620_Init) refers to stm32h7xx_hal.o(i.HAL_Delay) for HAL_Delay
    main.o(i.PAJ7620_Init) refers to paj7620u2.o(i.paj7620u2_init) for paj7620u2_init
    main.o(i.PAJ7620_Init) refers to paj7620u2.o(i.Gesture_Init) for Gesture_Init
    main.o(i.SystemClock_Config) refers to rt_memclr_w.o(.text) for __aeabi_memclr4
    main.o(i.SystemClock_Config) refers to stm32h7xx_hal_pwr_ex.o(i.HAL_PWREx_ConfigSupply) for HAL_PWREx_ConfigSupply
    main.o(i.SystemClock_Config) refers to stm32h7xx_hal_rcc.o(i.HAL_RCC_OscConfig) for HAL_RCC_OscConfig
    main.o(i.SystemClock_Config) refers to stm32h7xx_hal_rcc.o(i.HAL_RCC_ClockConfig) for HAL_RCC_ClockConfig
    main.o(i.main) refers to stm32h7xx_hal.o(i.HAL_Init) for HAL_Init
    main.o(i.main) refers to main.o(i.SystemClock_Config) for SystemClock_Config
    main.o(i.main) refers to gpio.o(i.MX_GPIO_Init) for MX_GPIO_Init
    main.o(i.main) refers to usart.o(i.MX_UART4_Init) for MX_UART4_Init
    main.o(i.main) refers to adc.o(i.MX_ADC3_Init) for MX_ADC3_Init
    main.o(i.main) refers to tim.o(i.MX_TIM6_Init) for MX_TIM6_Init
    main.o(i.main) refers to i2c.o(i.MX_I2C1_Init) for MX_I2C1_Init
    main.o(i.main) refers to tim.o(i.MX_TIM1_Init) for MX_TIM1_Init
    main.o(i.main) refers to stm32h7xx_hal_adc_ex.o(i.HAL_ADCEx_Calibration_Start) for HAL_ADCEx_Calibration_Start
    main.o(i.main) refers to stm32h7xx_hal_tim.o(i.HAL_TIM_Base_Start_IT) for HAL_TIM_Base_Start_IT
    main.o(i.main) refers to noretval__2printf.o(.text) for __2printf
    main.o(i.main) refers to stm32_u8g2.o(i.u8g2Init) for u8g2Init
    main.o(i.main) refers to u8g2_buffer.o(i.u8g2_FirstPage) for u8g2_FirstPage
    main.o(i.main) refers to stm32_u8g2.o(i.draw) for draw
    main.o(i.main) refers to test.o(i.u8g2DrawTest) for u8g2DrawTest
    main.o(i.main) refers to u8g2_buffer.o(i.u8g2_NextPage) for u8g2_NextPage
    main.o(i.main) refers to adc.o(.bss) for hadc3
    main.o(i.main) refers to tim.o(.bss) for htim6
    main.o(i.readInternalVoltage) refers to stm32h7xx_hal_adc.o(i.HAL_ADC_Start) for HAL_ADC_Start
    main.o(i.readInternalVoltage) refers to stm32h7xx_hal_adc.o(i.HAL_ADC_PollForConversion) for HAL_ADC_PollForConversion
    main.o(i.readInternalVoltage) refers to stm32h7xx_hal_adc.o(i.HAL_ADC_GetValue) for HAL_ADC_GetValue
    main.o(i.readInternalVoltage) refers to stm32h7xx_hal_adc.o(i.HAL_ADC_Stop) for HAL_ADC_Stop
    main.o(i.readInternalVoltage) refers to adc.o(.bss) for hadc3
[...]
    __ARM_use_no_argv                        0x00000000   Number         0  main.o ABSOLUTE
    __ARM_exceptions_init                     - Undefined Weak Reference
    __alloca_initialize                       - Undefined Weak Reference
    __arm_preinit_                            - Undefined Weak Reference
    __cpp_initialize__aeabi_                  - Undefined Weak Reference
    __cxa_finalize                            - Undefined Weak Reference
    __rt_locale                               - Undefined Weak Reference
    __sigvec_lookup                           - Undefined Weak Reference
    _atexit_init                              - Undefined Weak Reference
    _call_atexit_fns                          - Undefined Weak Reference
    _clock_init                               - Undefined Weak Reference
    _fp_trap_init                             - Undefined Weak Reference
    _fp_trap_shutdown                         - Undefined Weak Reference
    _get_lc_collate                           - Undefined Weak Reference
    _get_lc_ctype                             - Undefined Weak Reference
    _get_lc_monetary                          - Undefined Weak Reference
    _get_lc_numeric                           - Undefined Weak Reference
    _get_lc_time                              - Undefined Weak Reference
    _getenv_init                              - Undefined Weak Reference
    _handle_redirection                       - Undefined Weak Reference
    _init_alloc                               - Undefined Weak Reference
    _init_user_alloc                          - Undefined Weak Reference
    _initio                                   - Undefined Weak Reference
    _mutex_acquire                            - Undefined Weak Reference
    _mutex_release                            - Undefined Weak Reference
    _printf_post_padding                      - Undefined Weak Reference
    _printf_pre_padding                       - Undefined Weak Reference
    _printf_truncate_signed                   - Undefined Weak Reference
    _printf_truncate_unsigned                 - Undefined Weak Reference
    _rand_init                                - Undefined Weak Reference
    _signal_finish                            - Undefined Weak Reference
    _signal_init                              - Undefined Weak Reference
    _terminate_alloc                          - Undefined Weak Reference
    _terminate_user_alloc                     - Undefined Weak Reference
    _terminateio                              - Undefined Weak Reference
    __Vectors_Size                           0x00000298   Number         0  startup_stm32h750xx.o ABSOLUTE
    __Vectors                                0x08000000   Data           4  startup_stm32h750xx.o(RESET)
    __Vectors_End                            0x08000298   Data           0  startup_stm32h750xx.o(RESET)
    __main                                   0x08000299   Thumb Code     8  __main.o(!!!main)
    __scatterload                            0x080002a1   Thumb Code     0  __scatter.o(!!!scatter)
    __scatterload_rt2                        0x080002a1   Thumb Code    44  __scatter.o(!!!scatter)
    __scatterload_rt2_thumb_only             0x080002a1   Thumb Code     0  __scatter.o(!!!scatter)
    __scatterload_null                       0x080002af   Thumb Code     0  __scatter.o(!!!scatter)
    __scatterload_copy                       0x080002d5   Thumb Code    26  __scatter_copy.o(!!handler_copy)
    __scatterload_zeroinit                   0x080002f1   Thumb Code    28  __scatter_zi.o(!!handler_zi)
    _printf_d                                0x0800030d   Thumb Code     0  _printf_d.o(.ARM.Collect$$_printf_percent$$00000009)
    _printf_percent                          0x0800030d   Thumb Code     0  _printf_percent.o(.ARM.Collect$$_printf_percent$$00000000)
    _printf_percent_end                      0x08000313   Thumb Code     0  _printf_percent_end.o(.ARM.Collect$$_printf_percent$$00000017)
    __rt_lib_init                            0x08000317   Thumb Code     0  libinit.o(.ARM.Collect$$libinit$$00000000)
    __rt_lib_init_fp_1                       0x08000319   Thumb Code     0  libinit2.o(.ARM.Collect$$libinit$$00000001)
    __rt_lib_init_alloca_1                   0x0800031d   Thumb Code     0  libinit2.o(.ARM.Collect$$libinit$$0000002E)
    __rt_lib_init_argv_1                     0x0800031d   Thumb Code     0  libinit2.o(.ARM.Collect$$libinit$$0000002C)
    __rt_lib_init_atexit_1                   0x0800031d   Thumb Code     0  libinit2.o(.ARM.Collect$$libinit$$0000001B)
    __rt_lib_init_clock_1                    0x0800031d   Thumb Code     0  libinit2.o(.ARM.Collect$$libinit$$00000021)
    __rt_lib_init_cpp_1                      0x0800031d   Thumb Code     0  libinit2.o(.ARM.Collect$$libinit$$00000032)
    __rt_lib_init_exceptions_1               0x0800031d   Thumb Code     0  libinit2.o(.ARM.Collect$$libinit$$00000030)
    __rt_lib_init_fp_trap_1                  0x0800031d   Thumb Code     0  libinit2.o(.ARM.Collect$$libinit$$0000001F)
    __rt_lib_init_getenv_1                   0x0800031d   Thumb Code     0  libinit2.o(.ARM.Collect$$libinit$$00000023)
    __rt_lib_init_heap_1                     0x0800031d   Thumb Code     0  libinit2.o(.ARM.Collect$$libinit$$0000000A)
    __rt_lib_init_lc_collate_1               0x0800031d   Thumb Code     0  libinit2.o(.ARM.Collect$$libinit$$00000011)
    __rt_lib_init_lc_ctype_1                 0x0800031d   Thumb Code     0  libinit2.o(.ARM.Collect$$libinit$$00000013)
    __rt_lib_init_lc_monetary_1              0x0800031d   Thumb Code     0  libinit2.o(.ARM.Collect$$libinit$$00000015)
    __rt_lib_init_lc_numeric_1               0x0800031d   Thumb Code     0  libinit2.o(.ARM.Collect$$libinit$$00000017)
    __rt_lib_init_lc_time_1                  0x0800031d   Thumb Code     0  libinit2.o(.ARM.Collect$$libinit$$00000019)
    __rt_lib_init_preinit_1                  0x0800031d   Thumb Code     0  libinit2.o(.ARM.Collect$$libinit$$00000004)
    __rt_lib_init_rand_1                     0x0800031d   Thumb Code     0  libinit2.o(.ARM.Collect$$libinit$$0000000E)
    __rt_lib_init_return                     0x0800031d   Thumb Code     0  libinit2.o(.ARM.Collect$$libinit$$00000033)
    __rt_lib_init_signal_1                   0x0800031d   Thumb Code     0  libinit2.o(.ARM.Collect$$libinit$$0000001D)
    __rt_lib_init_stdio_1                    0x0800031d   Thumb Code     0  libinit2.o(.ARM.Collect$$libinit$$00000025)
    __rt_lib_init_user_alloc_1               0x0800031d   Thumb Code     0  libinit2.o(.ARM.Collect$$libinit$$0000000C)
    __rt_lib_shutdown                        0x0800031f   Thumb Code     0  libshutdown.o(.ARM.Collect$$libshutdown$$00000000)
    __rt_lib_shutdown_cpp_1                  0x08000321   Thumb Code     0  libshutdown2.o(.ARM.Collect$$libshutdown$$00000002)
    __rt_lib_shutdown_fp_trap_1              0x08000321   Thumb Code     0  libshutdown2.o(.ARM.Collect$$libshutdown$$00000007)
    __rt_lib_shutdown_heap_1                 0x08000321   Thumb Code     0  libshutdown2.o(.ARM.Collect$$libshutdown$$0000000F)
    __rt_lib_shutdown_return                 0x08000321   Thumb Code     0  libshutdown2.o(.ARM.Collect$$libshutdown$$00000010)
    __rt_lib_shutdown_signal_1               0x08000321   Thumb Code     0  libshutdown2.o(.ARM.Collect$$libshutdown$$0000000A)
    __rt_lib_shutdown_stdio_1                0x08000321   Thumb Code     0  libshutdown2.o(.ARM.Collect$$libshutdown$$00000004)
    __rt_lib_shutdown_user_alloc_1           0x08000321   Thumb Code     0  libshutdown2.o(.ARM.Collect$$libshutdown$$0000000C)
    __rt_entry                               0x08000323   Thumb Code     0  __rtentry.o(.ARM.Collect$$rtentry$$00000000)
    __rt_entry_presh_1                       0x08000323   Thumb Code     0  __rtentry2.o(.ARM.Collect$$rtentry$$00000002)
    __rt_entry_sh                            0x08000323   Thumb Code     0  __rtentry4.o(.ARM.Collect$$rtentry$$00000004)
    __rt_entry_li                            0x08000329   Thumb Code     0  __rtentry2.o(.ARM.Collect$$rtentry$$0000000A)
    __rt_entry_postsh_1                      0x08000329   Thumb Code     0  __rtentry2.o(.ARM.Collect$$rtentry$$00000009)
    __rt_entry_main                          0x0800032d   Thumb Code     0  __rtentry2.o(.ARM.Collect$$rtentry$$0000000D)
    __rt_entry_postli_1                      0x0800032d   Thumb Code     0  __rtentry2.o(.ARM.Collect$$rtentry$$0000000C)
    __rt_exit                                0x08000335   Thumb Code     0  rtexit.o(.ARM.Collect$$rtexit$$00000000)
    __rt_exit_ls                             0x08000337   Thumb Code     0  rtexit2.o(.ARM.Collect$$rtexit$$00000003)
    __rt_exit_prels_1                        0x08000337   Thumb Code     0  rtexit2.o(.ARM.Collect$$rtexit$$00000002)
    __rt_exit_exit                           0x0800033b   Thumb Code     0  rtexit2.o(.ARM.Collect$$rtexit$$00000004)
    Reset_Handler                            0x08000341   Thumb Code     8  startup_stm32h750xx.o(.text)
    ADC3_IRQHandler                          0x0800035b   Thumb Code     0  startup_stm32h750xx.o(.text)
    ADC_IRQHandler                           0x0800035b   Thumb Code     0  startup_stm32h750xx.o(.text)
    BDMA_Channel0_IRQHandler                 0x0800035b   Thumb Code     0  startup_stm32h750xx.o(.text)
    BDMA_Channel1_IRQHandler                 0x0800035b   Thumb Code     0  startup_stm32h750xx.o(.text)
    BDMA_Channel2_IRQHandler                 0x0800035b   Thumb Code     0  startup_stm32h750xx.o(.text)
    BDMA_Channel3_IRQHandler                 0x0800035b   Thumb Code     0  startup_stm32h750xx.o(.text)
    BDMA_Channel4_IRQHandler                 0x0800035b   Thumb Code     0  startup_stm32h750xx.o(.text)
    BDMA_Channel5_IRQHandler                 0x0800035b   Thumb Code     0  startup_stm32h750xx.o(.text)
    BDMA_Channel6_IRQHandler                 0x0800035b   Thumb Code     0  startup_stm32h750xx.o(.text)
    BDMA_Channel7_IRQHandler                 0x0800035b   Thumb Code     0  startup_stm32h750xx.o(.text)
    CEC_IRQHandler                           0x0800035b   Thumb Code     0  startup_stm32h750xx.o(.text)
    COMP1_IRQHandler                         0x0800035b   Thumb Code     0  startup_stm32h750xx.o(.text)
    CRS_IRQHandler                           0x0800035b   Thumb Code     0  startup_stm32h750xx.o(.text)
    CRYP_IRQHandler                          0x0800035b   Thumb Code     0  startup_stm32h750xx.o(.text)
    DCMI_IRQHandler                          0x0800035b   Thumb Code     0  startup_stm32h750xx.o(.text)
    DFSDM1_FLT0_IRQHandler                   0x0800035b   Thumb Code     0  startup_stm32h750xx.o(.text)
    DFSDM1_FLT1_IRQHandler                   0x0800035b   Thumb Code     0  startup_stm32h750xx.o(.text)
    DFSDM1_FLT2_IRQHandler                   0x0800035b   Thumb Code     0  startup_stm32h750xx.o(.text)
    DFSDM1_FLT3_IRQHandler                   0x0800035b   Thumb Code     0  startup_stm32h750xx.o(.text)
    DMA1_Stream0_IRQHandler                  0x0800035b   Thumb Code     0  startup_stm32h750xx.o(.text)
    DMA1_Stream1_IRQHandler                  0x0800035b   Thumb Code     0  startup_stm32h750xx.o(.text)
    DMA1_Stream2_IRQHandler                  0x0800035b   Thumb Code     0  startup_stm32h750xx.o(.text)
    DMA1_Stream3_IRQHandler                  0x0800035b   Thumb Code     0  startup_stm32h750xx.o(.text)
    DMA1_Stream4_IRQHandler                  0x0800035b   Thumb Code     0  startup_stm32h750xx.o(.text)
    DMA1_Stream5_IRQHandler                  0x0800035b   Thumb Code     0  startup_stm32h750xx.o(.text)
    DMA1_Stream6_IRQHandler                  0x0800035b   Thumb Code     0  startup_stm32h750xx.o(.text)
    DMA1_Stream7_IRQHandler                  0x0800035b   Thumb Code     0  startup_stm32h750xx.o(.text)
    DMA2D_IRQHandler                         0x0800035b   Thumb Code     0  startup_stm32h750xx.o(.text)
    DMA2_Stream0_IRQHandler                  0x0800035b   Thumb Code     0  startup_stm32h750xx.o(.text)
    DMA2_Stream1_IRQHandler                  0x0800035b   Thumb Code     0  startup_stm32h750xx.o(.text)
    DMA2_Stream2_IRQHandler                  0x0800035b   Thumb Code     0  startup_stm32h750xx.o(.text)
    DMA2_Stream3_IRQHandler                  0x0800035b   Thumb Code     0  startup_stm32h750xx.o(.text)
    DMA2_Stream4_IRQHandler                  0x0800035b   Thumb Code     0  startup_stm32h750xx.o(.text)
    DMA2_Stream5_IRQHandler                  0x0800035b   Thumb Code     0  startup_stm32h750xx.o(.text)
    DMA2_Stream6_IRQHandler                  0x0800035b   Thumb Code     0  startup_stm32h750xx.o(.text)
    DMA2_Stream7_IRQHandler                  0x0800035b   Thumb Code     0  startup_stm32h750xx.o(.text)
    DMAMUX1_OVR_IRQHandler                   0x0800035b   Thumb Code     0  startup_stm32h750xx.o(.text)
    DMAMUX2_OVR_IRQHandler                   0x0800035b   Thumb Code     0  startup_stm32h750xx.o(.text)
    ECC_IRQHandler                           0x0800035b   Thumb Code     0  startup_stm32h750xx.o(.text)
    ETH_IRQHandler                           0x0800035b   Thumb Code     0  startup_stm32h750xx.o(.text)
    ETH_WKUP_IRQHandler                      0x0800035b   Thumb Code     0  startup_stm32h750xx.o(.text)
    EXTI0_IRQHandler                         0x0800035b   Thumb Code     0  startup_stm32h750xx.o(.text)
    EXTI15_10_IRQHandler                     0x0800035b   Thumb Code     0  startup_stm32h750xx.o(.text)
    EXTI1_IRQHandler                         0x0800035b   Thumb Code     0  startup_stm32h750xx.o(.text)
    EXTI2_IRQHandler                         0x0800035b   Thumb Code     0  startup_stm32h750xx.o(.text)
    EXTI9_5_IRQHandler                       0x0800035b   Thumb Code     0  startup_stm32h750xx.o(.text)
    FDCAN1_IT0_IRQHandler                    0x0800035b   Thumb Code     0  startup_stm32h750xx.o(.text)
    FDCAN1_IT1_IRQHandler                    0x0800035b   Thumb Code     0  startup_stm32h750xx.o(.text)
    FDCAN2_IT0_IRQHandler                    0x0800035b   Thumb Code     0  startup_stm32h750xx.o(.text)
    FDCAN2_IT1_IRQHandler                    0x0800035b   Thumb Code     0  startup_stm32h750xx.o(.text)
    FDCAN_CAL_IRQHandler                     0x0800035b   Thumb Code     0  startup_stm32h750xx.o(.text)
    FLASH_IRQHandler                         0x0800035b   Thumb Code     0  startup_stm32h750xx.o(.text)
    FMC_IRQHandler                           0x0800035b   Thumb Code     0  startup_stm32h750xx.o(.text)
    FPU_IRQHandler                           0x0800035b   Thumb Code     0  startup_stm32h750xx.o(.text)
    HASH_RNG_IRQHandler                      0x0800035b   Thumb Code     0  startup_stm32h750xx.o(.text)
    HRTIM1_FLT_IRQHandler                    0x0800035b   Thumb Code     0  startup_stm32h750xx.o(.text)
    HRTIM1_Master_IRQHandler                 0x0800035b   Thumb Code     0  startup_stm32h750xx.o(.text)
    HRTIM1_TIMA_IRQHandler                   0x0800035b   Thumb Code     0  startup_stm32h750xx.o(.text)
    HRTIM1_TIMB_IRQHandler                   0x0800035b   Thumb Code     0  startup_stm32h750xx.o(.text)
    HRTIM1_TIMC_IRQHandler                   0x0800035b   Thumb Code     0  startup_stm32h750xx.o(.text)
    HRTIM1_TIMD_IRQHandler                   0x0800035b   Thumb Code     0  startup_stm32h750xx.o(.text)
    HRTIM1_TIME_IRQHandler                   0x0800035b   Thumb Code     0  startup_stm32h750xx.o(.text)
    HSEM1_IRQHandler                         0x0800035b   Thumb Code     0  startup_stm32h750xx.o(.text)
    I2C1_ER_IRQHandler                       0x0800035b   Thumb Code     0  startup_stm32h750xx.o(.text)
    I2C1_EV_IRQHandler                       0x0800035b   Thumb Code     0  startup_stm32h750xx.o(.text)
    I2C2_ER_IRQHandler                       0x0800035b   Thumb Code     0  startup_stm32h750xx.o(.text)
    I2C2_EV_IRQHandler                       0x0800035b   Thumb Code     0  startup_stm32h750xx.o(.text)
    I2C3_ER_IRQHandler                       0x0800035b   Thumb Code     0  startup_stm32h750xx.o(.text)
    I2C3_EV_IRQHandler                       0x0800035b   Thumb Code     0  startup_stm32h750xx.o(.text)
    I2C4_ER_IRQHandler                       0x0800035b   Thumb Code     0  startup_stm32h750xx.o(.text)
    I2C4_EV_IRQHandler                       0x0800035b   Thumb Code     0  startup_stm32h750xx.o(.text)
    JPEG_IRQHandler                          0x0800035b   Thumb Code     0  startup_stm32h750xx.o(.text)
    LPTIM1_IRQHandler                        0x0800035b   Thumb Code     0  startup_stm32h750xx.o(.text)
    LPTIM2_IRQHandler                        0x0800035b   Thumb Code     0  startup_stm32h750xx.o(.text)
    LPTIM3_IRQHandler                        0x0800035b   Thumb Code     0  startup_stm32h750xx.o(.text)
    LPTIM4_IRQHandler                        0x0800035b   Thumb Code     0  startup_stm32h750xx.o(.text)
    LPTIM5_IRQHandler                        0x0800035b   Thumb Code     0  startup_stm32h750xx.o(.text)
    LPUART1_IRQHandler                       0x0800035b   Thumb Code     0  startup_stm32h750xx.o(.text)
    LTDC_ER_IRQHandler                       0x0800035b   Thumb Code     0  startup_stm32h750xx.o(.text)
    LTDC_IRQHandler                          0x0800035b   Thumb Code     0  startup_stm32h750xx.o(.text)
    MDIOS_IRQHandler                         0x0800035b   Thumb Code     0  startup_stm32h750xx.o(.text)
    MDIOS_WKUP_IRQHandler                    0x0800035b   Thumb Code     0  startup_stm32h750xx.o(.text)
    MDMA_IRQHandler                          0x0800035b   Thumb Code     0  startup_stm32h750xx.o(.text)
    OTG_FS_EP1_IN_IRQHandler                 0x0800035b   Thumb Code     0  startup_stm32h750xx.o(.text)
    OTG_FS_EP1_OUT_IRQHandler                0x0800035b   Thumb Code     0  startup_stm32h750xx.o(.text)
    OTG_FS_IRQHandler                        0x0800035b   Thumb Code     0  startup_stm32h750xx.o(.text)
    OTG_FS_WKUP_IRQHandler                   0x0800035b   Thumb Code     0  startup_stm32h750xx.o(.text)
    OTG_HS_EP1_IN_IRQHandler                 0x0800035b   Thumb Code     0  startup_stm32h750xx.o(.text)
    OTG_HS_EP1_OUT_IRQHandler                0x0800035b   Thumb Code     0  startup_stm32h750xx.o(.text)
    OTG_HS_IRQHandler                        0x0800035b   Thumb Code     0  startup_stm32h750xx.o(.text)
    OTG_HS_WKUP_IRQHandler                   0x0800035b   Thumb Code     0  startup_stm32h750xx.o(.text)
    PVD_AVD_IRQHandler                       0x0800035b   Thumb Code     0  startup_stm32h750xx.o(.text)
    QUADSPI_IRQHandler                       0x0800035b   Thumb Code     0  startup_stm32h750xx.o(.text)
    RCC_IRQHandler                           0x0800035b   Thumb Code     0  startup_stm32h750xx.o(.text)
    RTC_Alarm_IRQHandler                     0x0800035b   Thumb Code     0  startup_stm32h750xx.o(.text)
    RTC_WKUP_IRQHandler                      0x0800035b   Thumb Code     0  startup_stm32h750xx.o(.text)
    SAI1_IRQHandler                          0x0800035b   Thumb Code     0  startup_stm32h750xx.o(.text)
    SAI2_IRQHandler                          0x0800035b   Thumb Code     0  startup_stm32h750xx.o(.text)
    SAI3_IRQHandler                          0x0800035b   Thumb Code     0  startup_stm32h750xx.o(.text)
    SAI4_IRQHandler                          0x0800035b   Thumb Code     0  startup_stm32h750xx.o(.text)
    SDMMC1_IRQHandler                        0x0800035b   Thumb Code     0  startup_stm32h750xx.o(.text)
    SDMMC2_IRQHandler                        0x0800035b   Thumb Code     0  startup_stm32h750xx.o(.text)
    SPDIF_RX_IRQHandler                      0x0800035b   Thumb Code     0  startup_stm32h750xx.o(.text)
    SPI1_IRQHandler                          0x0800035b   Thumb Code     0  startup_stm32h750xx.o(.text)
    SPI2_IRQHandler                          0x0800035b   Thumb Code     0  startup_stm32h750xx.o(.text)
    SPI3_IRQHandler                          0x0800035b   Thumb Code     0  startup_stm32h750xx.o(.text)
    SPI4_IRQHandler                          0x0800035b   Thumb Code     0  startup_stm32h750xx.o(.text)
    SPI5_IRQHandler                          0x0800035b   Thumb Code     0  startup_stm32h750xx.o(.text)
    SPI6_IRQHandler                          0x0800035b   Thumb Code     0  startup_stm32h750xx.o(.text)
    SWPMI1_IRQHandler                        0x0800035b   Thumb Code     0  startup_stm32h750xx.o(.text)
    TAMP_STAMP_IRQHandler                    0x0800035b   Thumb Code     0  startup_stm32h750xx.o(.text)
    TIM15_IRQHandler                         0x0800035b   Thumb Code     0  startup_stm32h750xx.o(.text)
    TIM16_IRQHandler                         0x0800035b   Thumb Code     0  startup_stm32h750xx.o(.text)
    TIM17_IRQHandler                         0x0800035b   Thumb Code     0  startup_stm32h750xx.o(.text)
    TIM1_BRK_IRQHandler                      0x0800035b   Thumb Code     0  startup_stm32h750xx.o(.text)
    TIM1_CC_IRQHandler                       0x0800035b   Thumb Code     0  startup_stm32h750xx.o(.text)
    TIM1_TRG_COM_IRQHandler                  0x0800035b   Thumb Code     0  startup_stm32h750xx.o(.text)
    TIM1_UP_IRQHandler                       0x0800035b   Thumb Code     0  startup_stm32h750xx.o(.text)
    TIM2_IRQHandler                          0x0800035b   Thumb Code     0  startup_stm32h750xx.o(.text)
    TIM3_IRQHandler                          0x0800035b   Thumb Code     0  startup_stm32h750xx.o(.text)
    TIM4_IRQHandler                          0x0800035b   Thumb Code     0  startup_stm32h750xx.o(.text)
    TIM5_IRQHandler                          0x0800035b   Thumb Code     0  startup_stm32h750xx.o(.text)
    TIM8_BRK_TIM12_IRQHandler                0x0800035b   Thumb Code     0  startup_stm32h750xx.o(.text)
    TIM8_CC_IRQHandler                       0x0800035b   Thumb Code     0  startup_stm32h750xx.o(.text)
    TIM8_TRG_COM_TIM14_IRQHandler            0x0800035b   Thumb Code     0  startup_stm32h750xx.o(.text)
    TIM8_UP_TIM13_IRQHandler                 0x0800035b   Thumb Code     0  startup_stm32h750xx.o(.text)
    UART4_IRQHandler                         0x0800035b   Thumb Code     0  startup_stm32h750xx.o(.text)
    UART5_IRQHandler                         0x0800035b   Thumb Code     0  startup_stm32h750xx.o(.text)
    UART7_IRQHandler                         0x0800035b   Thumb Code     0  startup_stm32h750xx.o(.text)
    UART8_IRQHandler                         0x0800035b   Thumb Code     0  startup_stm32h750xx.o(.text)
    USART1_IRQHandler                        0x0800035b   Thumb Code     0  startup_stm32h750xx.o(.text)
    USART2_IRQHandler                        0x0800035b   Thumb Code     0  startup_stm32h750xx.o(.text)
    USART3_IRQHandler                        0x0800035b   Thumb Code     0  startup_stm32h750xx.o(.text)
    USART6_IRQHandler                        0x0800035b   Thumb Code     0  startup_stm32h750xx.o(.text)
    WAKEUP_PIN_IRQHandler                    0x0800035b   Thumb Code     0  startup_stm32h750xx.o(.text)
    WWDG_IRQHandler                          0x0800035b   Thumb Code     0  startup_stm32h750xx.o(.text)
    __user_initial_stackheap                 0x0800035d   Thumb Code     0  startup_stm32h750xx.o(.text)
    __use_no_semihosting                     0x08000381   Thumb Code     2  use_no_semi_2.o(.text)
    __aeabi_uldivmod                         0x08000383   Thumb Code     0  lludivv7m.o(.text)
    _ll_udiv                                 0x08000383   Thumb Code   238  lludivv7m.o(.text)
    __2printf                                0x08000471   Thumb Code    20  noretval__2printf.o(.text)
    __2sprintf                               0x08000489   Thumb Code    34  noretval__2sprintf.o(.text)
    __printf                                 0x080004b1   Thumb Code   104  __printf.o(.text)
    _printf_int_dec                          0x08000519   Thumb Code   104  _printf_dec.o(.text)
    __aeabi_memclr                           0x08000591   Thumb Code     0  rt_memclr.o(.text)
    __rt_memclr                              0x08000591   Thumb Code    68  rt_memclr.o(.text)
    _memset                                  0x08000595   Thumb Code     0  rt_memclr.o(.text)
    __aeabi_memclr4                          0x080005d5   Thumb Code     0  rt_memclr_w.o(.text)
    __aeabi_memclr8                          0x080005d5   Thumb Code     0  rt_memclr_w.o(.text)
    __rt_memclr_w                            0x080005d5   Thumb Code    78  rt_memclr_w.o(.text)
    _memset_w                                0x080005d9   Thumb Code     0  rt_memclr_w.o(.text)
    __use_two_region_memory                  0x08000623   Thumb Code     2  heapauxi.o(.text)
    __rt_heap_escrow$2region                 0x08000625   Thumb Code     2  heapauxi.o(.text)
    __rt_heap_expand$2region                 0x08000627   Thumb Code     2  heapauxi.o(.text)
    __I$use$semihosting                      0x08000629   Thumb Code     0  use_no_semi.o(.text)
    __use_no_semihosting_swi                 0x08000629   Thumb Code     2  use_no_semi.o(.text)
    _printf_int_common                       0x0800062b   Thumb Code   178  _printf_intcommon.o(.text)
    _printf_char_common                      0x080006e7   Thumb Code    32  _printf_char_common.o(.text)
    _sputc                                   0x0800070d   Thumb Code    10  _sputc.o(.text)
    _printf_char_file                        0x08000719   Thumb Code    32  _printf_char_file.o(.text)
    ferror                                   0x0800073d   Thumb Code     8  ferror.o(.text)
    __user_setup_stackheap                   0x08000745   Thumb Code    74  sys_stackheap_outer.o(.text)
    exit                                     0x0800078f   Thumb Code    18  exit.o(.text)
    __user_libspace                          0x080007a1   Thumb Code     8  libspace.o(.text)
    __user_perproc_libspace                  0x080007a1   Thumb Code     0  libspace.o(.text)
    __user_perthread_libspace                0x080007a1   Thumb Code     0  libspace.o(.text)
    ADC_ConfigureBoostMode                   0x080007a9   Thumb Code   236  stm32h7xx_hal_adc.o(i.ADC_ConfigureBoostMode)
    ADC_Disable                              0x080008b1   Thumb Code   106  stm32h7xx_hal_adc.o(i.ADC_Disable)
    BusFault_Handler                         0x08000921   Thumb Code     2  stm32h7xx_it.o(i.BusFault_Handler)
    DebugMon_Handler                         0x08000923   Thumb Code     2  stm32h7xx_it.o(i.DebugMon_Handler)
    EXTI3_IRQHandler                         0x08000925   Thumb Code     6  stm32h7xx_it.o(i.EXTI3_IRQHandler)
    EXTI4_IRQHandler                         0x0800092b   Thumb Code     6  stm32h7xx_it.o(i.EXTI4_IRQHandler)
    Error_Handler                            0x08000931   Thumb Code     4  main.o(i.Error_Handler)
    HAL_ADCEx_Calibration_Start              0x08000935   Thumb Code   146  stm32h7xx_hal_adc_ex.o(i.HAL_ADCEx_Calibration_Start)
    HAL_ADC_ConfigChannel                    0x080009d1   Thumb Code   928  stm32h7xx_hal_adc.o(i.HAL_ADC_ConfigChannel)
    HAL_ADC_Init                             0x08000da9   Thumb Code   498  stm32h7xx_hal_adc.o(i.HAL_ADC_Init)
    HAL_ADC_MspInit                          0x08000fd1   Thumb Code   132  adc.o(i.HAL_ADC_MspInit)
    HAL_Delay                                0x0800105d   Thumb Code    32  stm32h7xx_hal.o(i.HAL_Delay)
    HAL_GPIO_EXTI_Callback                   0x08001081   Thumb Code    32  stm32h7xx_it.o(i.HAL_GPIO_EXTI_Callback)
    HAL_GPIO_EXTI_IRQHandler                 0x080010a9   Thumb Code    24  stm32h7xx_hal_gpio.o(i.HAL_GPIO_EXTI_IRQHandler)
    HAL_GPIO_Init                            0x080010c1   Thumb Code   506  stm32h7xx_hal_gpio.o(i.HAL_GPIO_Init)
    HAL_GPIO_WritePin                        0x080012ed   Thumb Code    10  stm32h7xx_hal_gpio.o(i.HAL_GPIO_WritePin)
    HAL_GetREVID                             0x080012f9   Thumb Code     8  stm32h7xx_hal.o(i.HAL_GetREVID)
    HAL_GetTick                              0x08001305   Thumb Code     6  stm32h7xx_hal.o(i.HAL_GetTick)
    HAL_I2CEx_ConfigAnalogFilter             0x08001311   Thumb Code    88  stm32h7xx_hal_i2c_ex.o(i.HAL_I2CEx_ConfigAnalogFilter)
    HAL_I2CEx_ConfigDigitalFilter            0x08001369   Thumb Code    84  stm32h7xx_hal_i2c_ex.o(i.HAL_I2CEx_ConfigDigitalFilter)
    HAL_I2C_Init                             0x080013bd   Thumb Code   180  stm32h7xx_hal_i2c.o(i.HAL_I2C_Init)
    HAL_I2C_Master_Transmit                  0x08001475   Thumb Code   282  stm32h7xx_hal_i2c.o(i.HAL_I2C_Master_Transmit)
    HAL_I2C_MspInit                          0x08001599   Thumb Code   122  i2c.o(i.HAL_I2C_MspInit)
    HAL_IncTick                              0x08001621   Thumb Code    12  stm32h7xx_hal.o(i.HAL_IncTick)
    HAL_Init                                 0x08001631   Thumb Code    74  stm32h7xx_hal.o(i.HAL_Init)
    HAL_InitTick                             0x0800168d   Thumb Code   120  stm32h7xx_hal_timebase_tim.o(i.HAL_InitTick)
    HAL_MspInit                              0x08001719   Thumb Code    22  stm32h7xx_hal_msp.o(i.HAL_MspInit)
    HAL_NVIC_EnableIRQ                       0x08001735   Thumb Code    26  stm32h7xx_hal_cortex.o(i.HAL_NVIC_EnableIRQ)
    HAL_NVIC_SetPriority                     0x08001751   Thumb Code    60  stm32h7xx_hal_cortex.o(i.HAL_NVIC_SetPriority)
    HAL_NVIC_SetPriorityGrouping             0x08001791   Thumb Code    28  stm32h7xx_hal_cortex.o(i.HAL_NVIC_SetPriorityGrouping)
    HAL_PWREx_ConfigSupply                   0x080017b5   Thumb Code    78  stm32h7xx_hal_pwr_ex.o(i.HAL_PWREx_ConfigSupply)
    HAL_RCCEx_GetD3PCLK1Freq                 0x08001809   Thumb Code    26  stm32h7xx_hal_rcc_ex.o(i.HAL_RCCEx_GetD3PCLK1Freq)
    HAL_RCCEx_GetPLL1ClockFreq               0x0800182d   Thumb Code   298  stm32h7xx_hal_rcc_ex.o(i.HAL_RCCEx_GetPLL1ClockFreq)
    HAL_RCCEx_GetPLL2ClockFreq               0x08001975   Thumb Code   296  stm32h7xx_hal_rcc_ex.o(i.HAL_RCCEx_GetPLL2ClockFreq)
    HAL_RCCEx_GetPLL3ClockFreq               0x08001ab9   Thumb Code   296  stm32h7xx_hal_rcc_ex.o(i.HAL_RCCEx_GetPLL3ClockFreq)
    HAL_RCCEx_GetPeriphCLKFreq               0x08001bfd   Thumb Code   692  stm32h7xx_hal_rcc_ex.o(i.HAL_RCCEx_GetPeriphCLKFreq)
    HAL_RCCEx_PeriphCLKConfig                0x08001ec5   Thumb Code  2472  stm32h7xx_hal_rcc_ex.o(i.HAL_RCCEx_PeriphCLKConfig)
    HAL_RCC_ClockConfig                      0x08002871   Thumb Code   580  stm32h7xx_hal_rcc.o(i.HAL_RCC_ClockConfig)
    HAL_RCC_GetClockConfig                   0x08002acd   Thumb Code    84  stm32h7xx_hal_rcc.o(i.HAL_RCC_GetClockConfig)
    HAL_RCC_GetHCLKFreq                      0x08002b29   Thumb Code    52  stm32h7xx_hal_rcc.o(i.HAL_RCC_GetHCLKFreq)
    HAL_RCC_GetPCLK1Freq                     0x08002b6d   Thumb Code    26  stm32h7xx_hal_rcc.o(i.HAL_RCC_GetPCLK1Freq)
    HAL_RCC_GetPCLK2Freq                     0x08002b91   Thumb Code    26  stm32h7xx_hal_rcc.o(i.HAL_RCC_GetPCLK2Freq)
    HAL_RCC_GetSysClockFreq                  0x08002bb5   Thumb Code   278  stm32h7xx_hal_rcc.o(i.HAL_RCC_GetSysClockFreq)
    HAL_RCC_OscConfig                        0x08002ced   Thumb Code  1410  stm32h7xx_hal_rcc.o(i.HAL_RCC_OscConfig)
    HAL_SYSCFG_AnalogSwitchConfig            0x08003271   Thumb Code    12  stm32h7xx_hal.o(i.HAL_SYSCFG_AnalogSwitchConfig)
    HAL_TIMEx_Break2Callback                 0x08003281   Thumb Code     2  stm32h7xx_hal_tim_ex.o(i.HAL_TIMEx_Break2Callback)
    HAL_TIMEx_BreakCallback                  0x08003283   Thumb Code     2  stm32h7xx_hal_tim_ex.o(i.HAL_TIMEx_BreakCallback)
    HAL_TIMEx_CommutCallback                 0x08003285   Thumb Code     2  stm32h7xx_hal_tim_ex.o(i.HAL_TIMEx_CommutCallback)
    HAL_TIMEx_MasterConfigSynchronization    0x08003289   Thumb Code   134  stm32h7xx_hal_tim_ex.o(i.HAL_TIMEx_MasterConfigSynchronization)
    HAL_TIM_Base_Init                        0x0800332d   Thumb Code    98  stm32h7xx_hal_tim.o(i.HAL_TIM_Base_Init)
    HAL_TIM_Base_MspInit                     0x08003391   Thumb Code    76  tim.o(i.HAL_TIM_Base_MspInit)
    HAL_TIM_Base_Start_IT                    0x080033e9   Thumb Code   106  stm32h7xx_hal_tim.o(i.HAL_TIM_Base_Start_IT)
    HAL_TIM_Base_Stop                        0x08003475   Thumb Code    38  stm32h7xx_hal_tim.o(i.HAL_TIM_Base_Stop)
    HAL_TIM_ConfigClockSource                0x0800349d   Thumb Code   248  stm32h7xx_hal_tim.o(i.HAL_TIM_ConfigClockSource)
    HAL_TIM_IC_CaptureCallback               0x08003599   Thumb Code     2  stm32h7xx_hal_tim.o(i.HAL_TIM_IC_CaptureCallback)
    HAL_TIM_IRQHandler                       0x0800359b   Thumb Code   386  stm32h7xx_hal_tim.o(i.HAL_TIM_IRQHandler)
    HAL_TIM_OC_DelayElapsedCallback          0x0800371d   Thumb Code     2  stm32h7xx_hal_tim.o(i.HAL_TIM_OC_DelayElapsedCallback)
    HAL_TIM_PWM_PulseFinishedCallback        0x0800371f   Thumb Code     2  stm32h7xx_hal_tim.o(i.HAL_TIM_PWM_PulseFinishedCallback)
    HAL_TIM_PeriodElapsedCallback            0x08003721   Thumb Code    14  main.o(i.HAL_TIM_PeriodElapsedCallback)
    HAL_TIM_TriggerCallback                  0x08003735   Thumb Code     2  stm32h7xx_hal_tim.o(i.HAL_TIM_TriggerCallback)
    HAL_UARTEx_DisableFifoMode               0x08003737   Thumb Code    64  stm32h7xx_hal_uart_ex.o(i.HAL_UARTEx_DisableFifoMode)
    HAL_UARTEx_SetRxFifoThreshold            0x08003777   Thumb Code    76  stm32h7xx_hal_uart_ex.o(i.HAL_UARTEx_SetRxFifoThreshold)
    HAL_UARTEx_SetTxFifoThreshold            0x080037c3   Thumb Code    76  stm32h7xx_hal_uart_ex.o(i.HAL_UARTEx_SetTxFifoThreshold)
    HAL_UART_Init                            0x0800380f   Thumb Code   106  stm32h7xx_hal_uart.o(i.HAL_UART_Init)
    HAL_UART_MspInit                         0x08003879   Thumb Code   156  usart.o(i.HAL_UART_MspInit)
    HAL_UART_Transmit                        0x08003925   Thumb Code   176  stm32h7xx_hal_uart.o(i.HAL_UART_Transmit)
    HardFault_Handler                        0x080039d5   Thumb Code     2  stm32h7xx_it.o(i.HardFault_Handler)
    MX_ADC3_Init                             0x08003c89   Thumb Code   104  adc.o(i.MX_ADC3_Init)
    MX_GPIO_Init                             0x08003cfd   Thumb Code   306  gpio.o(i.MX_GPIO_Init)
    MX_I2C1_Init                             0x08003e45   Thumb Code    76  i2c.o(i.MX_I2C1_Init)
    MX_TIM1_Init                             0x08003e9d   Thumb Code    98  tim.o(i.MX_TIM1_Init)
    MX_TIM6_Init                             0x08003f09   Thumb Code    62  tim.o(i.MX_TIM6_Init)
    MX_UART4_Init                            0x08003f51   Thumb Code    94  usart.o(i.MX_UART4_Init)
    MemManage_Handler                        0x08003fb9   Thumb Code     2  stm32h7xx_it.o(i.MemManage_Handler)
    NMI_Handler                              0x08003fbb   Thumb Code     2  stm32h7xx_it.o(i.NMI_Handler)
    PendSV_Handler                           0x08003fbd   Thumb Code     2  stm32h7xx_it.o(i.PendSV_Handler)
    SVC_Handler                              0x08004201   Thumb Code     2  stm32h7xx_it.o(i.SVC_Handler)
    SysTick_Handler                          0x08004203   Thumb Code     2  stm32h7xx_it.o(i.SysTick_Handler)
    SystemClock_Config                       0x08004205   Thumb Code   208  main.o(i.SystemClock_Config)
    SystemInit                               0x080042e1   Thumb Code   180  system_stm32h7xx.o(i.SystemInit)
    TIM6_DAC_IRQHandler                      0x080043bd   Thumb Code    46  stm32h7xx_it.o(i.TIM6_DAC_IRQHandler)
    TIM7_IRQHandler                          0x080043f5   Thumb Code    70  stm32h7xx_it.o(i.TIM7_IRQHandler)
    TIM_Base_SetConfig                       0x08004449   Thumb Code   162  stm32h7xx_hal_tim.o(i.TIM_Base_SetConfig)
    TIM_ETR_SetConfig                        0x0800450d   Thumb Code    18  stm32h7xx_hal_tim.o(i.TIM_ETR_SetConfig)
    UART_AdvFeatureConfig                    0x080045c1   Thumb Code   200  stm32h7xx_hal_uart.o(i.UART_AdvFeatureConfig)
    UART_CheckIdleState                      0x08004689   Thumb Code   170  stm32h7xx_hal_uart.o(i.UART_CheckIdleState)
    UART_SetConfig                           0x08004789   Thumb Code   876  stm32h7xx_hal_uart.o(i.UART_SetConfig)
    UART_WaitOnFlagUntilTimeout              0x08004b35   Thumb Code   140  stm32h7xx_hal_uart.o(i.UART_WaitOnFlagUntilTimeout)
    UsageFault_Handler                       0x08004bc1   Thumb Code     2  stm32h7xx_it.o(i.UsageFault_Handler)
    _sys_exit                                0x08004be5   Thumb Code     2  usart.o(i._sys_exit)
    draw                                     0x08004be9   Thumb Code   198  stm32_u8g2.o(i.draw)
    fputc                                    0x08004ce9   Thumb Code    18  usart.o(i.fputc)
    main                                     0x08004d01   Thumb Code    94  main.o(i.main)
    testDrawCircle                           0x08004d7d   Thumb Code   202  test.o(i.testDrawCircle)
    testDrawFilledEllipse                    0x08004e55   Thumb Code   196  test.o(i.testDrawFilledEllipse)
    testDrawFrame                            0x08004f2d   Thumb Code    84  test.o(i.testDrawFrame)
    testDrawMulti                            0x08004f8d   Thumb Code   430  test.o(i.testDrawMulti)
    testDrawProcess                          0x0800513d   Thumb Code   164  test.o(i.testDrawProcess)
    testDrawRBox                             0x0800520d   Thumb Code    90  test.o(i.testDrawRBox)
    testDrawXBM                              0x08005275   Thumb Code   108  test.o(i.testDrawXBM)
    testShowFont                             0x080052fd   Thumb Code   120  test.o(i.testShowFont)
    u8g2DrawTest                             0x08005385   Thumb Code    54  test.o(i.u8g2DrawTest)
    u8g2Init                                 0x080053bd   Thumb Code    38  stm32_u8g2.o(i.u8g2Init)
    u8g2_ClearBuffer                         0x080053f1   Thumb Code    20  u8g2_buffer.o(i.u8g2_ClearBuffer)
    u8g2_DrawBox                             0x08005405   Thumb Code    68  u8g2_box.o(i.u8g2_DrawBox)
    u8g2_DrawCircle                          0x08005449   Thumb Code    64  u8g2_circle.o(i.u8g2_DrawCircle)
    u8g2_DrawDisc                            0x08005489   Thumb Code    64  u8g2_circle.o(i.u8g2_DrawDisc)
    u8g2_DrawEllipse                         0x080054c9   Thumb Code    68  u8g2_circle.o(i.u8g2_DrawEllipse)
    u8g2_DrawFilledEllipse                   0x0800550d   Thumb Code    68  u8g2_circle.o(i.u8g2_DrawFilledEllipse)
    u8g2_DrawFrame                           0x08005551   Thumb Code   136  u8g2_box.o(i.u8g2_DrawFrame)
    u8g2_DrawGlyph                           0x080055d9   Thumb Code   110  u8g2_font.o(i.u8g2_DrawGlyph)
    u8g2_DrawHLine                           0x08005647   Thumb Code    12  u8g2_hvline.o(i.u8g2_DrawHLine)
    u8g2_DrawHVLine                          0x08005655   Thumb Code   172  u8g2_hvline.o(i.u8g2_DrawHVLine)
    u8g2_DrawHXBM                            0x08005701   Thumb Code   148  u8g2_bitmap.o(i.u8g2_DrawHXBM)
    u8g2_DrawPixel                           0x08005795   Thumb Code    46  u8g2_hvline.o(i.u8g2_DrawPixel)
    u8g2_DrawRBox                            0x080057c3   Thumb Code   224  u8g2_box.o(i.u8g2_DrawRBox)
    u8g2_DrawRFrame                          0x080058a3   Thumb Code   258  u8g2_box.o(i.u8g2_DrawRFrame)
    u8g2_DrawStr                             0x080059a5   Thumb Code    12  u8g2_font.o(i.u8g2_DrawStr)
    u8g2_DrawVLine                           0x080059b5   Thumb Code    12  u8g2_hvline.o(i.u8g2_DrawVLine)
    u8g2_DrawXBM                             0x080059c1   Thumb Code    80  u8g2_bitmap.o(i.u8g2_DrawXBM)
    u8g2_FirstPage                           0x08005a11   Thumb Code    28  u8g2_buffer.o(i.u8g2_FirstPage)
    u8g2_IsIntersection                      0x08005a2d   Thumb Code    48  u8g2_intersection.o(i.u8g2_IsIntersection)
    u8g2_NextPage                            0x08005a5d   Thumb Code    62  u8g2_buffer.o(i.u8g2_NextPage)
    u8g2_SendBuffer                          0x08005a9b   Thumb Code    18  u8g2_buffer.o(i.u8g2_SendBuffer)
    u8g2_SetBufferCurrTileRow                0x08005aad   Thumb Code    28  u8g2_buffer.o(i.u8g2_SetBufferCurrTileRow)
    u8g2_SetFont                             0x08005ac9   Thumb Code    32  u8g2_font.o(i.u8g2_SetFont)
    u8g2_SetFontDirection                    0x08005ae9   Thumb Code     6  u8g2_font.o(i.u8g2_SetFontDirection)
    u8g2_SetFontMode                         0x08005aef   Thumb Code     6  u8g2_font.o(i.u8g2_SetFontMode)
    u8g2_SetFontPosBaseline                  0x08005af5   Thumb Code     6  u8g2_font.o(i.u8g2_SetFontPosBaseline)
    u8g2_SetMaxClipWindow                    0x08005b01   Thumb Code    28  u8g2_setup.o(i.u8g2_SetMaxClipWindow)
    u8g2_SetupBuffer                         0x08005b1d   Thumb Code    66  u8g2_setup.o(i.u8g2_SetupBuffer)
    u8g2_Setup_ssd1306_i2c_128x64_noname_f   0x08005b61   Thumb Code    42  u8g2_d_setup.o(i.u8g2_Setup_ssd1306_i2c_128x64_noname_f)
    u8g2_UpdateRefHeight                     0x08005b99   Thumb Code    82  u8g2_font.o(i.u8g2_UpdateRefHeight)
    u8g2_add_vector_x                        0x08005beb   Thumb Code    28  u8g2_font.o(i.u8g2_add_vector_x)
    u8g2_add_vector_y                        0x08005c07   Thumb Code    28  u8g2_font.o(i.u8g2_add_vector_y)
    u8g2_draw_hv_line_2dir                   0x080061ab   Thumb Code    18  u8g2_hvline.o(i.u8g2_draw_hv_line_2dir)
    u8g2_draw_l90_r0                         0x080061bd   Thumb Code    12  u8g2_setup.o(i.u8g2_draw_l90_r0)
    u8g2_font_calc_vref_font                 0x0800623f   Thumb Code     4  u8g2_font.o(i.u8g2_font_calc_vref_font)
    u8g2_font_decode_get_signed_bits         0x08006243   Thumb Code    20  u8g2_font.o(i.u8g2_font_decode_get_signed_bits)
    u8g2_font_decode_get_unsigned_bits       0x08006257   Thumb Code    52  u8g2_font.o(i.u8g2_font_decode_get_unsigned_bits)
    u8g2_font_decode_glyph                   0x0800628b   Thumb Code   288  u8g2_font.o(i.u8g2_font_decode_glyph)
    u8g2_font_decode_len                     0x080063ab   Thumb Code   140  u8g2_font.o(i.u8g2_font_decode_len)
    u8g2_font_get_glyph_data                 0x08006437   Thumb Code   118  u8g2_font.o(i.u8g2_font_get_glyph_data)
    u8g2_is_intersection_decision_tree       0x080064f5   Thumb Code    24  u8g2_intersection.o(i.u8g2_is_intersection_decision_tree)
    u8g2_ll_hvline_vertical_top_lsb          0x0800650d   Thumb Code   152  u8g2_ll_hvline.o(i.u8g2_ll_hvline_vertical_top_lsb)
    u8g2_m_16_8_f                            0x080065a5   Thumb Code     8  u8g2_d_memory.o(i.u8g2_m_16_8_f)
    u8g2_read_font_info                      0x080065b1   Thumb Code   106  u8g2_font.o(i.u8g2_read_font_info)
    u8g2_update_dimension_r0                 0x080066b5   Thumb Code     4  u8g2_setup.o(i.u8g2_update_dimension_r0)
    u8g2_update_page_win_r0                  0x080066b9   Thumb Code    38  u8g2_setup.o(i.u8g2_update_page_win_r0)
    u8x8_DrawTile                            0x080066df   Thumb Code    30  u8x8_display.o(i.u8x8_DrawTile)
    u8x8_InitDisplay                         0x080066fd   Thumb Code    16  u8x8_display.o(i.u8x8_InitDisplay)
    u8x8_RefreshDisplay                      0x0800670d   Thumb Code    16  u8x8_display.o(i.u8x8_RefreshDisplay)
    u8x8_SetPowerSave                        0x0800671d   Thumb Code    16  u8x8_display.o(i.u8x8_SetPowerSave)
    u8x8_Setup                               0x0800672d   Thumb Code    38  u8x8_setup.o(i.u8x8_Setup)
    u8x8_SetupDefaults                       0x08006755   Thumb Code    36  u8x8_setup.o(i.u8x8_SetupDefaults)
    u8x8_SetupMemory                         0x0800677d   Thumb Code    16  u8x8_display.o(i.u8x8_SetupMemory)
    u8x8_ascii_next                          0x0800678d   Thumb Code    14  u8x8_8x8.o(i.u8x8_ascii_next)
    u8x8_byte_EndTransfer                    0x0800679b   Thumb Code    16  u8x8_byte.o(i.u8x8_byte_EndTransfer)
    u8x8_byte_SendByte                       0x080067ab   Thumb Code    12  u8x8_byte.o(i.u8x8_byte_SendByte)
    u8x8_byte_SendBytes                      0x080067b7   Thumb Code    16  u8x8_byte.o(i.u8x8_byte_SendBytes)
    u8x8_byte_StartTransfer                  0x080067c7   Thumb Code    16  u8x8_byte.o(i.u8x8_byte_StartTransfer)
    u8x8_byte_hw_i2c                         0x080067d9   Thumb Code    98  stm32_u8g2.o(i.u8x8_byte_hw_i2c)
    u8x8_cad_EndTransfer                     0x08006849   Thumb Code    16  u8x8_cad.o(i.u8x8_cad_EndTransfer)
    u8x8_cad_SendArg                         0x08006859   Thumb Code    16  u8x8_cad.o(i.u8x8_cad_SendArg)
    u8x8_cad_SendCmd                         0x08006869   Thumb Code    16  u8x8_cad.o(i.u8x8_cad_SendCmd)
    u8x8_cad_SendData                        0x08006879   Thumb Code    16  u8x8_cad.o(i.u8x8_cad_SendData)
    u8x8_cad_SendSequence                    0x08006889   Thumb Code   104  u8x8_cad.o(i.u8x8_cad_SendSequence)
    u8x8_cad_StartTransfer                   0x080068f1   Thumb Code    16  u8x8_cad.o(i.u8x8_cad_StartTransfer)
    u8x8_cad_ssd13xx_fast_i2c                0x08006901   Thumb Code   182  u8x8_cad.o(i.u8x8_cad_ssd13xx_fast_i2c)
    u8x8_d_helper_display_init               0x080069bd   Thumb Code    96  u8x8_display.o(i.u8x8_d_helper_display_init)
    u8x8_d_helper_display_setup_memory       0x08006a1d   Thumb Code    10  u8x8_display.o(i.u8x8_d_helper_display_setup_memory)
    u8x8_d_ssd1306_128x64_noname             0x08006a29   Thumb Code    52  u8x8_d_ssd1306_128x64_noname.o(i.u8x8_d_ssd1306_128x64_noname)
    u8x8_dummy_cb                            0x08006b2d   Thumb Code     4  u8x8_setup.o(i.u8x8_dummy_cb)
    u8x8_gpio_and_delay                      0x08006b31   Thumb Code    98  stm32_u8g2.o(i.u8x8_gpio_and_delay)
    u8x8_gpio_call                           0x08006b93   Thumb Code    12  u8x8_gpio.o(i.u8x8_gpio_call)
    u8x8_utf8_init                           0x08006bcb   Thumb Code     8  u8x8_8x8.o(i.u8x8_utf8_init)
    _fp_init                                 0x08006bd3   Thumb Code    10  fpinit.o(x$fpl$fpinit)
    __fplib_config_fpu_vfp                   0x08006bdb   Thumb Code     0  fpinit.o(x$fpl$fpinit)
    __fplib_config_pureend_doubles           0x08006bdb   Thumb Code     0  fpinit.o(x$fpl$fpinit)
    UARTPrescTable                           0x08006bdc   Data          24  stm32h7xx_hal_uart.o(.constdata)
    D1CorePrescTable                         0x08006c04   Data          16  system_stm32h7xx.o(.constdata)
    bilibili                                 0x08006c14   Data         768  test.o(.constdata)
    three_support                            0x08006f14   Data         768  test.o(.constdata)
    u8g2_font_u8glib_4_tf                    0x08007222   Data        1838  u8g2_fonts.o(.constdata)
    u8g2_font_4x6_tr                         0x08007950   Data         734  u8g2_fonts.o(.constdata)
    u8g2_font_ncenB08_tf                     0x08007c2e   Data        2518  u8g2_fonts.o(.constdata)
    u8g2_font_ncenB10_tr                     0x08008604   Data        1619  u8g2_fonts.o(.constdata)
    u8g2_font_ncenB12_tf                     0x08008c57   Data        3953  u8g2_fonts.o(.constdata)
    u8g2_font_inb24_mf                       0x08009bc8   Data        8831  u8g2_fonts.o(.constdata)
    u8g2_font_inb30_mn                       0x0800be47   Data         805  u8g2_fonts.o(.constdata)
    u8g2_cb_r0                               0x0800c16c   Data          12  u8g2_setup.o(.constdata)
    Region$$Table$$Base                      0x0800c2d0   Number         0  anon$$obj.o(Region$$Table)
    Region$$Table$$Limit                     0x0800c2f0   Number         0  anon$$obj.o(Region$$Table)
    __stdout                                 0x24000000   Data           4  usart.o(.data)
    buttonPressCount                         0x24000004   Data           1  stm32h7xx_it.o(.data)
    isValueChanged                           0x24000005   Data           1  stm32h7xx_it.o(.data)
    irda_count                               0x2400000a   Data           2  stm32h7xx_it.o(.data)
    buttonPressTime                          0x24000014   Data           4  stm32h7xx_it.o(.data)
    buzzer_flag                              0x24000024   Data           4  stm32h7xx_it.o(.data)
    uwTickFreq                               0x24000028   Data           1  stm32h7xx_hal.o(.data)
    uwTickPrio                               0x2400002c   Data           4  stm32h7xx_hal.o(.data)
    uwTick                                   0x24000030   Data           4  stm32h7xx_hal.o(.data)
    SystemCoreClock                          0x24000034   Data           4  system_stm32h7xx.o(.data)
    SystemD2Clock                            0x24000038   Data           4  system_stm32h7xx.o(.data)
    hadc3                                    0x24000044   Data         100  adc.o(.bss)
    hi2c1                                    0x240000a8   Data          84  i2c.o(.bss)
    htim1                                    0x240000fc   Data          76  tim.o(.bss)
    htim6                                    0x24000148   Data          76  tim.o(.bss)
    huart4                                   0x24000194   Data         148  usart.o(.bss)
    htim7                                    0x24000228   Data          76  stm32h7xx_hal_timebase_tim.o(.bss)
    __libspace_start                         0x240006f4   Data          96  libspace.o(.bss)
    __temporary_stack_top$libspace           0x24000754   Data           0  libspace.o(.bss)



==============================================================================

Memory Map of the image

  Image Entry point : 0x08000299

  Load Region LR_IROM1 (Base: 0x08000000, Size: 0x0000c334, Max: 0x00020000, ABSOLUTE)

    Execution Region ER_IROM1 (Exec base: 0x08000000, Load base: 0x08000000, Size: 0x0000c2f0, Max: 0x00020000, ABSOLUTE)

    Exec Addr    Load Addr    Size         Type   Attr      Idx    E Section Name        Object

    0x08000000   0x08000000   0x00000298   Data   RO            3    RESET               startup_stm32h750xx.o
    0x08000298   0x08000298   0x00000008   Code   RO        12145  * !!!main             c_w.l(__main.o)
    0x080002a0   0x080002a0   0x00000034   Code   RO        12325    !!!scatter          c_w.l(__scatter.o)
    0x080002d4   0x080002d4   0x0000001a   Code   RO        12327    !!handler_copy      c_w.l(__scatter_copy.o)
    0x080002ee   0x080002ee   0x00000002   PAD
    0x080002f0   0x080002f0   0x0000001c   Code   RO        12329    !!handler_zi        c_w.l(__scatter_zi.o)
    0x0800030c   0x0800030c   0x00000000   Code   RO        12138    .ARM.Collect$$_printf_percent$$00000000  c_w.l(_printf_percent.o)
    0x0800030c   0x0800030c   0x00000006   Code   RO        12137    .ARM.Collect$$_printf_percent$$00000009  c_w.l(_printf_d.o)
    0x08000312   0x08000312   0x00000004   Code   RO        12162    .ARM.Collect$$_printf_percent$$00000017  c_w.l(_printf_percent_end.o)
    0x08000316   0x08000316   0x00000002   Code   RO        12199    .ARM.Collect$$libinit$$00000000  c_w.l(libinit.o)
    0x08000318   0x08000318   0x00000004   Code   RO        12211    .ARM.Collect$$libinit$$00000001  c_w.l(libinit2.o)
    0x0800031c   0x0800031c   0x00000000   Code   RO        12214    .ARM.Collect$$libinit$$00000004  c_w.l(libinit2.o)
    0x0800031c   0x0800031c   0x00000000   Code   RO        12217    .ARM.Collect$$libinit$$0000000A  c_w.l(libinit2.o)
    0x0800031c   0x0800031c   0x00000000   Code   RO        12219    .ARM.Collect$$libinit$$0000000C  c_w.l(libinit2.o)
    0x0800031c   0x0800031c   0x00000000   Code   RO        12221    .ARM.Collect$$libinit$$0000000E  c_w.l(libinit2.o)
    0x0800031c   0x0800031c   0x00000000   Code   RO        12224    .ARM.Collect$$libinit$$00000011  c_w.l(libinit2.o)
    0x0800031c   0x0800031c   0x00000000   Code   RO        12226    .ARM.Collect$$libinit$$00000013  c_w.l(libinit2.o)
    0x0800031c   0x0800031c   0x00000000   Code   RO        12228    .ARM.Collect$$libinit$$00000015  c_w.l(libinit2.o)
    0x0800031c   0x0800031c   0x00000000   Code   RO        12230    .ARM.Collect$$libinit$$00000017  c_w.l(libinit2.o)
    0x0800031c   0x0800031c   0x00000000   Code   RO        12232    .ARM.Collect$$libinit$$00000019  c_w.l(libinit2.o)
    0x0800031c   0x0800031c   0x00000000   Code   RO        12234    .ARM.Collect$$libinit$$0000001B  c_w.l(libinit2.o)
    0x0800031c   0x0800031c   0x00000000   Code   RO        12236    .ARM.Collect$$libinit$$0000001D  c_w.l(libinit2.o)
    0x0800031c   0x0800031c   0x00000000   Code   RO        12238    .ARM.Collect$$libinit$$0000001F  c_w.l(libinit2.o)
    0x0800031c   0x0800031c   0x00000000   Code   RO        12240    .ARM.Collect$$libinit$$00000021  c_w.l(libinit2.o)
    0x0800031c   0x0800031c   0x00000000   Code   RO        12242    .ARM.Collect$$libinit$$00000023  c_w.l(libinit2.o)
    0x0800031c   0x0800031c   0x00000000   Code   RO        12244    .ARM.Collect$$libinit$$00000025  c_w.l(libinit2.o)
    0x0800031c   0x0800031c   0x00000000   Code   RO        12248    .ARM.Collect$$libinit$$0000002C  c_w.l(libinit2.o)
    0x0800031c   0x0800031c   0x00000000   Code   RO        12250    .ARM.Collect$$libinit$$0000002E  c_w.l(libinit2.o)
    0x0800031c   0x0800031c   0x00000000   Code   RO        12252    .ARM.Collect$$libinit$$00000030  c_w.l(libinit2.o)
    0x0800031c   0x0800031c   0x00000000   Code   RO        12254    .ARM.Collect$$libinit$$00000032  c_w.l(libinit2.o)
    0x0800031c   0x0800031c   0x00000002   Code   RO        12255    .ARM.Collect$$libinit$$00000033  c_w.l(libinit2.o)
    0x0800031e   0x0800031e   0x00000002   Code   RO        12281    .ARM.Collect$$libshutdown$$00000000  c_w.l(libshutdown.o)
    0x08000320   0x08000320   0x00000000   Code   RO        12308    .ARM.Collect$$libshutdown$$00000002  c_w.l(libshutdown2.o)
    0x08000320   0x08000320   0x00000000   Code   RO        12310    .ARM.Collect$$libshutdown$$00000004  c_w.l(libshutdown2.o)
    0x08000320   0x08000320   0x00000000   Code   RO        12313    .ARM.Collect$$libshutdown$$00000007  c_w.l(libshutdown2.o)
    0x08000320   0x08000320   0x00000000   Code   RO        12316    .ARM.Collect$$libshutdown$$0000000A  c_w.l(libshutdown2.o)
    0x08000320   0x08000320   0x00000000   Code   RO        12318    .ARM.Collect$$libshutdown$$0000000C  c_w.l(libshutdown2.o)
    0x08000320   0x08000320   0x00000000   Code   RO        12321    .ARM.Collect$$libshutdown$$0000000F  c_w.l(libshutdown2.o)
    0x08000320   0x08000320   0x00000002   Code   RO        12322    .ARM.Collect$$libshutdown$$00000010  c_w.l(libshutdown2.o)
    0x08000322   0x08000322   0x00000000   Code   RO        12149    .ARM.Collect$$rtentry$$00000000  c_w.l(__rtentry.o)
    0x08000322   0x08000322   0x00000000   Code   RO        12164    .ARM.Collect$$rtentry$$00000002  c_w.l(__rtentry2.o)
    0x08000322   0x08000322   0x00000006   Code   RO        12176    .ARM.Collect$$rtentry$$00000004  c_w.l(__rtentry4.o)
    0x08000328   0x08000328   0x00000000   Code   RO        12166    .ARM.Collect$$rtentry$$00000009  c_w.l(__rtentry2.o)
    0x08000328   0x08000328   0x00000004   Code   RO        12167    .ARM.Collect$$rtentry$$0000000A  c_w.l(__rtentry2.o)
    0x0800032c   0x0800032c   0x00000000   Code   RO        12169    .ARM.Collect$$rtentry$$0000000C  c_w.l(__rtentry2.o)
    0x0800032c   0x0800032c   0x00000008   Code   RO        12170    .ARM.Collect$$rtentry$$0000000D  c_w.l(__rtentry2.o)
    0x08000334   0x08000334   0x00000002   Code   RO        12203    .ARM.Collect$$rtexit$$00000000  c_w.l(rtexit.o)
    0x08000336   0x08000336   0x00000000   Code   RO        12257    .ARM.Collect$$rtexit$$00000002  c_w.l(rtexit2.o)
    0x08000336   0x08000336   0x00000004   Code   RO        12258    .ARM.Collect$$rtexit$$00000003  c_w.l(rtexit2.o)
    0x0800033a   0x0800033a   0x00000006   Code   RO        12259    .ARM.Collect$$rtexit$$00000004  c_w.l(rtexit2.o)
    0x08000340   0x08000340   0x00000040   Code   RO            4    .text               startup_stm32h750xx.o
    0x08000380   0x08000380   0x00000002   Code   RO        12101    .text               c_w.l(use_no_semi_2.o)
    0x08000382   0x08000382   0x000000ee   Code   RO        12103    .text               c_w.l(lludivv7m.o)
    0x08000470   0x08000470   0x00000018   Code   RO        12109    .text               c_w.l(noretval__2printf.o)
    0x08000488   0x08000488   0x00000028   Code   RO        12111    .text               c_w.l(noretval__2sprintf.o)
    0x080004b0   0x080004b0   0x00000068   Code   RO        12113    .text               c_w.l(__printf.o)
    0x08000518   0x08000518   0x00000078   Code   RO        12115    .text               c_w.l(_printf_dec.o)
    0x08000590   0x08000590   0x00000044   Code   RO        12139    .text               c_w.l(rt_memclr.o)
    0x080005d4   0x080005d4   0x0000004e   Code   RO        12141    .text               c_w.l(rt_memclr_w.o)
    0x08000622   0x08000622   0x00000006   Code   RO        12143    .text               c_w.l(heapauxi.o)
    0x08000628   0x08000628   0x00000002   Code   RO        12147    .text               c_w.l(use_no_semi.o)
    0x0800062a   0x0800062a   0x000000b2   Code   RO        12154    .text               c_w.l(_printf_intcommon.o)
    0x080006dc   0x080006dc   0x00000030   Code   RO        12156    .text               c_w.l(_printf_char_common.o)
    0x0800070c   0x0800070c   0x0000000a   Code   RO        12158    .text               c_w.l(_sputc.o)
    0x08000716   0x08000716   0x00000002   PAD
    0x08000718   0x08000718   0x00000024   Code   RO        12160    .text               c_w.l(_printf_char_file.o)
    0x0800073c   0x0800073c   0x00000008   Code   RO        12182    .text               c_w.l(ferror.o)
    0x08000744   0x08000744   0x0000004a   Code   RO        12186    .text               c_w.l(sys_stackheap_outer.o)
    0x0800078e   0x0800078e   0x00000012   Code   RO        12188    .text               c_w.l(exit.o)
    0x080007a0   0x080007a0   0x00000008   Code   RO        12200    .text               c_w.l(libspace.o)
    0x080007a8   0x080007a8   0x00000108   Code   RO          683    i.ADC_ConfigureBoostMode  stm32h7xx_hal_adc.o
    0x080008b0   0x080008b0   0x00000070   Code   RO          688    i.ADC_Disable       stm32h7xx_hal_adc.o
    0x08000920   0x08000920   0x00000002   Code   RO          485    i.BusFault_Handler  stm32h7xx_it.o
    0x08000922   0x08000922   0x00000002   Code   RO          486    i.DebugMon_Handler  stm32h7xx_it.o
    0x08000924   0x08000924   0x00000006   Code   RO          487    i.EXTI3_IRQHandler  stm32h7xx_it.o
    0x0800092a   0x0800092a   0x00000006   Code   RO          488    i.EXTI4_IRQHandler  stm32h7xx_it.o
    0x08000930   0x08000930   0x00000004   Code   RO           13    i.Error_Handler     main.o
    0x08000934   0x08000934   0x0000009c   Code   RO          905    i.HAL_ADCEx_Calibration_Start  stm32h7xx_hal_adc_ex.o
    0x080009d0   0x080009d0   0x000003d8   Code   RO          691    i.HAL_ADC_ConfigChannel  stm32h7xx_hal_adc.o
    0x08000da8   0x08000da8   0x00000228   Code   RO          700    i.HAL_ADC_Init      stm32h7xx_hal_adc.o
    0x08000fd0   0x08000fd0   0x0000008c   Code   RO          282    i.HAL_ADC_MspInit   adc.o
    0x0800105c   0x0800105c   0x00000024   Code   RO         2609    i.HAL_Delay         stm32h7xx_hal.o
    0x08001080   0x08001080   0x00000028   Code   RO          489    i.HAL_GPIO_EXTI_Callback  stm32h7xx_it.o
    0x080010a8   0x080010a8   0x00000018   Code   RO         1606    i.HAL_GPIO_EXTI_IRQHandler  stm32h7xx_hal_gpio.o
    0x080010c0   0x080010c0   0x0000022c   Code   RO         1607    i.HAL_GPIO_Init     stm32h7xx_hal_gpio.o
    0x080012ec   0x080012ec   0x0000000a   Code   RO         1611    i.HAL_GPIO_WritePin  stm32h7xx_hal_gpio.o
    0x080012f6   0x080012f6   0x00000002   PAD
    0x080012f8   0x080012f8   0x0000000c   Code   RO         2620    i.HAL_GetREVID      stm32h7xx_hal.o
    0x08001304   0x08001304   0x0000000c   Code   RO         2621    i.HAL_GetTick       stm32h7xx_hal.o
    0x08001310   0x08001310   0x00000058   Code   RO         3386    i.HAL_I2CEx_ConfigAnalogFilter  stm32h7xx_hal_i2c_ex.o
    0x08001368   0x08001368   0x00000054   Code   RO         3387    i.HAL_I2CEx_ConfigDigitalFilter  stm32h7xx_hal_i2c_ex.o
    0x080013bc   0x080013bc   0x000000b8   Code   RO         2925    i.HAL_I2C_Init      stm32h7xx_hal_i2c.o
    0x08001474   0x08001474   0x00000124   Code   RO         2938    i.HAL_I2C_Master_Transmit  stm32h7xx_hal_i2c.o
    0x08001598   0x08001598   0x00000088   Code   RO          324    i.HAL_I2C_MspInit   i2c.o
    0x08001620   0x08001620   0x00000010   Code   RO         2627    i.HAL_IncTick       stm32h7xx_hal.o
    0x08001630   0x08001630   0x0000005c   Code   RO         2628    i.HAL_Init          stm32h7xx_hal.o
    0x0800168c   0x0800168c   0x0000008c   Code   RO          644    i.HAL_InitTick      stm32h7xx_hal_timebase_tim.o
    0x08001718   0x08001718   0x0000001c   Code   RO          620    i.HAL_MspInit       stm32h7xx_hal_msp.o
    0x08001734   0x08001734   0x0000001a   Code   RO         2467    i.HAL_NVIC_EnableIRQ  stm32h7xx_hal_cortex.o
    0x0800174e   0x0800174e   0x00000002   PAD
    0x08001750   0x08001750   0x00000040   Code   RO         2473    i.HAL_NVIC_SetPriority  stm32h7xx_hal_cortex.o
    0x08001790   0x08001790   0x00000024   Code   RO         2474    i.HAL_NVIC_SetPriorityGrouping  stm32h7xx_hal_cortex.o
    0x080017b4   0x080017b4   0x00000054   Code   RO         2208    i.HAL_PWREx_ConfigSupply  stm32h7xx_hal_pwr_ex.o
    0x08001808   0x08001808   0x00000024   Code   RO         1250    i.HAL_RCCEx_GetD3PCLK1Freq  stm32h7xx_hal_rcc_ex.o
    0x0800182c   0x0800182c   0x00000148   Code   RO         1251    i.HAL_RCCEx_GetPLL1ClockFreq  stm32h7xx_hal_rcc_ex.o
    0x08001974   0x08001974   0x00000144   Code   RO         1252    i.HAL_RCCEx_GetPLL2ClockFreq  stm32h7xx_hal_rcc_ex.o
    0x08001ab8   0x08001ab8   0x00000144   Code   RO         1253    i.HAL_RCCEx_GetPLL3ClockFreq  stm32h7xx_hal_rcc_ex.o
    0x08001bfc   0x08001bfc   0x000002c8   Code   RO         1255    i.HAL_RCCEx_GetPeriphCLKFreq  stm32h7xx_hal_rcc_ex.o
    0x08001ec4   0x08001ec4   0x000009ac   Code   RO         1259    i.HAL_RCCEx_PeriphCLKConfig  stm32h7xx_hal_rcc_ex.o
    0x08002870   0x08002870   0x0000025c   Code   RO         1135    i.HAL_RCC_ClockConfig  stm32h7xx_hal_rcc.o
    0x08002acc   0x08002acc   0x0000005c   Code   RO         1139    i.HAL_RCC_GetClockConfig  stm32h7xx_hal_rcc.o
    0x08002b28   0x08002b28   0x00000044   Code   RO         1140    i.HAL_RCC_GetHCLKFreq  stm32h7xx_hal_rcc.o
    0x08002b6c   0x08002b6c   0x00000024   Code   RO         1142    i.HAL_RCC_GetPCLK1Freq  stm32h7xx_hal_rcc.o
    0x08002b90   0x08002b90   0x00000024   Code   RO         1143    i.HAL_RCC_GetPCLK2Freq  stm32h7xx_hal_rcc.o
    0x08002bb4   0x08002bb4   0x00000138   Code   RO         1144    i.HAL_RCC_GetSysClockFreq  stm32h7xx_hal_rcc.o
    0x08002cec   0x08002cec   0x00000582   Code   RO         1147    i.HAL_RCC_OscConfig  stm32h7xx_hal_rcc.o
    0x0800326e   0x0800326e   0x00000002   PAD
    0x08003270   0x08003270   0x00000010   Code   RO         2633    i.HAL_SYSCFG_AnalogSwitchConfig  stm32h7xx_hal.o
    0x08003280   0x08003280   0x00000002   Code   RO         4228    i.HAL_TIMEx_Break2Callback  stm32h7xx_hal_tim_ex.o
    0x08003282   0x08003282   0x00000002   Code   RO         4229    i.HAL_TIMEx_BreakCallback  stm32h7xx_hal_tim_ex.o
    0x08003284   0x08003284   0x00000002   Code   RO         4230    i.HAL_TIMEx_CommutCallback  stm32h7xx_hal_tim_ex.o
    0x08003286   0x08003286   0x00000002   PAD
    0x08003288   0x08003288   0x000000a4   Code   RO         4250    i.HAL_TIMEx_MasterConfigSynchronization  stm32h7xx_hal_tim_ex.o
    0x0800332c   0x0800332c   0x00000062   Code   RO         3514    i.HAL_TIM_Base_Init  stm32h7xx_hal_tim.o
    0x0800338e   0x0800338e   0x00000002   PAD
    0x08003390   0x08003390   0x00000058   Code   RO          366    i.HAL_TIM_Base_MspInit  tim.o
    0x080033e8   0x080033e8   0x0000008c   Code   RO         3519    i.HAL_TIM_Base_Start_IT  stm32h7xx_hal_tim.o
    0x08003474   0x08003474   0x00000026   Code   RO         3520    i.HAL_TIM_Base_Stop  stm32h7xx_hal_tim.o
    0x0800349a   0x0800349a   0x00000002   PAD
    0x0800349c   0x0800349c   0x000000fc   Code   RO         3523    i.HAL_TIM_ConfigClockSource  stm32h7xx_hal_tim.o
    0x08003598   0x08003598   0x00000002   Code   RO         3548    i.HAL_TIM_IC_CaptureCallback  stm32h7xx_hal_tim.o
    0x0800359a   0x0800359a   0x00000182   Code   RO         3562    i.HAL_TIM_IRQHandler  stm32h7xx_hal_tim.o
    0x0800371c   0x0800371c   0x00000002   Code   RO         3565    i.HAL_TIM_OC_DelayElapsedCallback  stm32h7xx_hal_tim.o
    0x0800371e   0x0800371e   0x00000002   Code   RO         3592    i.HAL_TIM_PWM_PulseFinishedCallback  stm32h7xx_hal_tim.o
    0x08003720   0x08003720   0x00000014   Code   RO           14    i.HAL_TIM_PeriodElapsedCallback  main.o
    0x08003734   0x08003734   0x00000002   Code   RO         3605    i.HAL_TIM_TriggerCallback  stm32h7xx_hal_tim.o
    0x08003736   0x08003736   0x00000040   Code   RO         4939    i.HAL_UARTEx_DisableFifoMode  stm32h7xx_hal_uart_ex.o
    0x08003776   0x08003776   0x0000004c   Code   RO         4948    i.HAL_UARTEx_SetRxFifoThreshold  stm32h7xx_hal_uart_ex.o
    0x080037c2   0x080037c2   0x0000004c   Code   RO         4949    i.HAL_UARTEx_SetTxFifoThreshold  stm32h7xx_hal_uart_ex.o
    0x0800380e   0x0800380e   0x0000006a   Code   RO         4548    i.HAL_UART_Init     stm32h7xx_hal_uart.o
    0x08003878   0x08003878   0x000000ac   Code   RO          420    i.HAL_UART_MspInit  usart.o
    0x08003924   0x08003924   0x000000b0   Code   RO         4557    i.HAL_UART_Transmit  stm32h7xx_hal_uart.o
    0x080039d4   0x080039d4   0x00000002   Code   RO          490    i.HardFault_Handler  stm32h7xx_it.o
    0x080039d6   0x080039d6   0x00000022   Code   RO         2972    i.I2C_Flush_TXDR    stm32h7xx_hal_i2c.o
    0x080039f8   0x080039f8   0x00000110   Code   RO         2980    i.I2C_IsErrorOccurred  stm32h7xx_hal_i2c.o
    0x08003b08   0x08003b08   0x00000030   Code   RO         2989    i.I2C_TransferConfig  stm32h7xx_hal_i2c.o
    0x08003b38   0x08003b38   0x0000006e   Code   RO         2991    i.I2C_WaitOnFlagUntilTimeout  stm32h7xx_hal_i2c.o
    0x08003ba6   0x08003ba6   0x00000058   Code   RO         2993    i.I2C_WaitOnSTOPFlagUntilTimeout  stm32h7xx_hal_i2c.o
    0x08003bfe   0x08003bfe   0x0000005c   Code   RO         2994    i.I2C_WaitOnTXISFlagUntilTimeout  stm32h7xx_hal_i2c.o
    0x08003c5a   0x08003c5a   0x00000008   Code   RO          712    i.LL_ADC_INJ_IsConversionOngoing  stm32h7xx_hal_adc.o
    0x08003c62   0x08003c62   0x00000008   Code   RO          713    i.LL_ADC_REG_IsConversionOngoing  stm32h7xx_hal_adc.o
    0x08003c6a   0x08003c6a   0x0000001e   Code   RO          716    i.LL_ADC_SetChannelSamplingTime  stm32h7xx_hal_adc.o
    0x08003c88   0x08003c88   0x00000074   Code   RO          283    i.MX_ADC3_Init      adc.o
    0x08003cfc   0x08003cfc   0x00000148   Code   RO          257    i.MX_GPIO_Init      gpio.o
    0x08003e44   0x08003e44   0x00000058   Code   RO          325    i.MX_I2C1_Init      i2c.o
    0x08003e9c   0x08003e9c   0x0000006c   Code   RO          367    i.MX_TIM1_Init      tim.o
    0x08003f08   0x08003f08   0x00000048   Code   RO          368    i.MX_TIM6_Init      tim.o
    0x08003f50   0x08003f50   0x00000068   Code   RO          421    i.MX_UART4_Init     usart.o
    0x08003fb8   0x08003fb8   0x00000002   Code   RO          491    i.MemManage_Handler  stm32h7xx_it.o
    0x08003fba   0x08003fba   0x00000002   Code   RO          492    i.NMI_Handler       stm32h7xx_it.o
    0x08003fbc   0x08003fbc   0x00000002   Code   RO          493    i.PendSV_Handler    stm32h7xx_it.o
    0x08003fbe   0x08003fbe   0x00000002   PAD
    0x08003fc0   0x08003fc0   0x00000120   Code   RO         1262    i.RCCEx_PLL2_Config  stm32h7xx_hal_rcc_ex.o
    0x080040e0   0x080040e0   0x00000120   Code   RO         1263    i.RCCEx_PLL3_Config  stm32h7xx_hal_rcc_ex.o
    0x08004200   0x08004200   0x00000002   Code   RO          494    i.SVC_Handler       stm32h7xx_it.o
    0x08004202   0x08004202   0x00000002   Code   RO          495    i.SysTick_Handler   stm32h7xx_it.o
    0x08004204   0x08004204   0x000000dc   Code   RO           16    i.SystemClock_Config  main.o
    0x080042e0   0x080042e0   0x000000dc   Code   RO         5058    i.SystemInit        system_stm32h7xx.o
    0x080043bc   0x080043bc   0x00000038   Code   RO          496    i.TIM6_DAC_IRQHandler  stm32h7xx_it.o
    0x080043f4   0x080043f4   0x00000054   Code   RO          497    i.TIM7_IRQHandler   stm32h7xx_it.o
    0x08004448   0x08004448   0x000000c4   Code   RO         3607    i.TIM_Base_SetConfig  stm32h7xx_hal_tim.o
    0x0800450c   0x0800450c   0x00000012   Code   RO         3618    i.TIM_ETR_SetConfig  stm32h7xx_hal_tim.o
    0x0800451e   0x0800451e   0x00000002   PAD
    0x08004520   0x08004520   0x00000014   Code   RO         3619    i.TIM_ITRx_SetConfig  stm32h7xx_hal_tim.o
    0x08004534   0x08004534   0x00000022   Code   RO         3627    i.TIM_TI1_ConfigInputStage  stm32h7xx_hal_tim.o
    0x08004556   0x08004556   0x00000024   Code   RO         3629    i.TIM_TI2_ConfigInputStage  stm32h7xx_hal_tim.o
    0x0800457a   0x0800457a   0x00000002   PAD
    0x0800457c   0x0800457c   0x00000044   Code   RO         4953    i.UARTEx_SetNbDataToProcess  stm32h7xx_hal_uart_ex.o
    0x080045c0   0x080045c0   0x000000c8   Code   RO         4562    i.UART_AdvFeatureConfig  stm32h7xx_hal_uart.o
    0x08004688   0x08004688   0x000000aa   Code   RO         4563    i.UART_CheckIdleState  stm32h7xx_hal_uart.o
    0x08004732   0x08004732   0x00000002   PAD
    0x08004734   0x08004734   0x00000054   Code   RO         4574    i.UART_EndRxTransfer  stm32h7xx_hal_uart.o
    0x08004788   0x08004788   0x000003ac   Code   RO         4580    i.UART_SetConfig    stm32h7xx_hal_uart.o
    0x08004b34   0x08004b34   0x0000008c   Code   RO         4587    i.UART_WaitOnFlagUntilTimeout  stm32h7xx_hal_uart.o
    0x08004bc0   0x08004bc0   0x00000002   Code   RO          498    i.UsageFault_Handler  stm32h7xx_it.o
    0x08004bc2   0x08004bc2   0x00000022   Code   RO         2480    i.__NVIC_SetPriority  stm32h7xx_hal_cortex.o
    0x08004be4   0x08004be4   0x00000002   Code   RO          422    i._sys_exit         usart.o
    0x08004be6   0x08004be6   0x00000002   PAD
    0x08004be8   0x08004be8   0x00000100   Code   RO         5371    i.draw              stm32_u8g2.o
    0x08004ce8   0x08004ce8   0x00000018   Code   RO          424    i.fputc             usart.o
    0x08004d00   0x08004d00   0x0000007c   Code   RO           17    i.main              main.o
    0x08004d7c   0x08004d7c   0x000000d8   Code   RO         5424    i.testDrawCircle    test.o
    0x08004e54   0x08004e54   0x000000d8   Code   RO         5425    i.testDrawFilledEllipse  test.o
    0x08004f2c   0x08004f2c   0x00000060   Code   RO         5426    i.testDrawFrame     test.o
    0x08004f8c   0x08004f8c   0x000001ae   Code   RO         5427    i.testDrawMulti     test.o
    0x0800513a   0x0800513a   0x00000002   PAD
    0x0800513c   0x0800513c   0x000000d0   Code   RO         5428    i.testDrawProcess   test.o
    0x0800520c   0x0800520c   0x00000068   Code   RO         5429    i.testDrawRBox      test.o
    0x08005274   0x08005274   0x00000088   Code   RO         5430    i.testDrawXBM       test.o
    0x080052fc   0x080052fc   0x00000088   Code   RO         5431    i.testShowFont      test.o
    0x08005384   0x08005384   0x00000036   Code   RO         5432    i.u8g2DrawTest      test.o
    0x080053ba   0x080053ba   0x00000002   PAD
    0x080053bc   0x080053bc   0x00000034   Code   RO         5373    i.u8g2Init          stm32_u8g2.o
    0x080053f0   0x080053f0   0x00000014   Code   RO         6208    i.u8g2_ClearBuffer  u8g2_buffer.o
    0x08005404   0x08005404   0x00000044   Code   RO         6178    i.u8g2_DrawBox      u8g2_box.o
    0x08005448   0x08005448   0x00000040   Code   RO         6303    i.u8g2_DrawCircle   u8g2_circle.o
    0x08005488   0x08005488   0x00000040   Code   RO         6304    i.u8g2_DrawDisc     u8g2_circle.o
    0x080054c8   0x080054c8   0x00000044   Code   RO         6305    i.u8g2_DrawEllipse  u8g2_circle.o
    0x0800550c   0x0800550c   0x00000044   Code   RO         6306    i.u8g2_DrawFilledEllipse  u8g2_circle.o
    0x08005550   0x08005550   0x00000088   Code   RO         6179    i.u8g2_DrawFrame    u8g2_box.o
    0x080055d8   0x080055d8   0x0000006e   Code   RO         6424    i.u8g2_DrawGlyph    u8g2_font.o
    0x08005646   0x08005646   0x0000000c   Code   RO         8655    i.u8g2_DrawHLine    u8g2_hvline.o
    0x08005652   0x08005652   0x00000002   PAD
    0x08005654   0x08005654   0x000000ac   Code   RO         8656    i.u8g2_DrawHVLine   u8g2_hvline.o
    0x08005700   0x08005700   0x00000094   Code   RO         6131    i.u8g2_DrawHXBM     u8g2_bitmap.o
    0x08005794   0x08005794   0x0000002e   Code   RO         8657    i.u8g2_DrawPixel    u8g2_hvline.o
    0x080057c2   0x080057c2   0x000000e0   Code   RO         6180    i.u8g2_DrawRBox     u8g2_box.o
    0x080058a2   0x080058a2   0x00000102   Code   RO         6181    i.u8g2_DrawRFrame   u8g2_box.o
    0x080059a4   0x080059a4   0x00000010   Code   RO         6426    i.u8g2_DrawStr      u8g2_font.o
    0x080059b4   0x080059b4   0x0000000c   Code   RO         8658    i.u8g2_DrawVLine    u8g2_hvline.o
    0x080059c0   0x080059c0   0x00000050   Code   RO         6134    i.u8g2_DrawXBM      u8g2_bitmap.o
    0x08005a10   0x08005a10   0x0000001c   Code   RO         6209    i.u8g2_FirstPage    u8g2_buffer.o
    0x08005a2c   0x08005a2c   0x00000030   Code   RO         8717    i.u8g2_IsIntersection  u8g2_intersection.o
    0x08005a5c   0x08005a5c   0x0000003e   Code   RO         6210    i.u8g2_NextPage     u8g2_buffer.o
    0x08005a9a   0x08005a9a   0x00000012   Code   RO         6211    i.u8g2_SendBuffer   u8g2_buffer.o
    0x08005aac   0x08005aac   0x0000001c   Code   RO         6212    i.u8g2_SetBufferCurrTileRow  u8g2_buffer.o
    0x08005ac8   0x08005ac8   0x00000020   Code   RO         6442    i.u8g2_SetFont      u8g2_font.o
    0x08005ae8   0x08005ae8   0x00000006   Code   RO         6443    i.u8g2_SetFontDirection  u8g2_font.o
    0x08005aee   0x08005aee   0x00000006   Code   RO         6444    i.u8g2_SetFontMode  u8g2_font.o
    0x08005af4   0x08005af4   0x0000000c   Code   RO         6445    i.u8g2_SetFontPosBaseline  u8g2_font.o
    0x08005b00   0x08005b00   0x0000001c   Code   RO         8910    i.u8g2_SetMaxClipWindow  u8g2_setup.o
    0x08005b1c   0x08005b1c   0x00000042   Code   RO         8911    i.u8g2_SetupBuffer  u8g2_setup.o
    0x08005b5e   0x08005b5e   0x00000002   PAD
    0x08005b60   0x08005b60   0x00000038   Code   RO         6401    i.u8g2_Setup_ssd1306_i2c_128x64_noname_f  u8g2_d_setup.o
    0x08005b98   0x08005b98   0x00000052   Code   RO         6452    i.u8g2_UpdateRefHeight  u8g2_font.o
    0x08005bea   0x08005bea   0x0000001c   Code   RO         6453    i.u8g2_add_vector_x  u8g2_font.o
    0x08005c06   0x08005c06   0x0000001c   Code   RO         6454    i.u8g2_add_vector_y  u8g2_font.o
    0x08005c22   0x08005c22   0x0000006e   Code   RO         8913    i.u8g2_apply_clip_window  u8g2_setup.o
    0x08005c90   0x08005c90   0x0000003c   Code   RO         8660    i.u8g2_clip_intersection2  u8g2_hvline.o
    0x08005ccc   0x08005ccc   0x0000006a   Code   RO         6307    i.u8g2_draw_circle  u8g2_circle.o
    0x08005d36   0x08005d36   0x000000ba   Code   RO         6308    i.u8g2_draw_circle_section  u8g2_circle.o
    0x08005df0   0x08005df0   0x0000006a   Code   RO         6309    i.u8g2_draw_disc    u8g2_circle.o
    0x08005e5a   0x08005e5a   0x000000ca   Code   RO         6310    i.u8g2_draw_disc_section  u8g2_circle.o
    0x08005f24   0x08005f24   0x000000de   Code   RO         6311    i.u8g2_draw_ellipse  u8g2_circle.o
    0x08006002   0x08006002   0x00000060   Code   RO         6312    i.u8g2_draw_ellipse_section  u8g2_circle.o
    0x08006062   0x08006062   0x000000de   Code   RO         6313    i.u8g2_draw_filled_ellipse  u8g2_circle.o
    0x08006140   0x08006140   0x0000006a   Code   RO         6314    i.u8g2_draw_filled_ellipse_section  u8g2_circle.o
    0x080061aa   0x080061aa   0x00000012   Code   RO         8661    i.u8g2_draw_hv_line_2dir  u8g2_hvline.o
    0x080061bc   0x080061bc   0x0000000c   Code   RO         8915    i.u8g2_draw_l90_r0  u8g2_setup.o
    0x080061c8   0x080061c8   0x00000076   Code   RO         6455    i.u8g2_draw_string  u8g2_font.o
    0x0800623e   0x0800623e   0x00000004   Code   RO         6461    i.u8g2_font_calc_vref_font  u8g2_font.o
    0x08006242   0x08006242   0x00000014   Code   RO         6463    i.u8g2_font_decode_get_signed_bits  u8g2_font.o
    0x08006256   0x08006256   0x00000034   Code   RO         6464    i.u8g2_font_decode_get_unsigned_bits  u8g2_font.o
    0x0800628a   0x0800628a   0x00000120   Code   RO         6465    i.u8g2_font_decode_glyph  u8g2_font.o
    0x080063aa   0x080063aa   0x0000008c   Code   RO         6466    i.u8g2_font_decode_len  u8g2_font.o
    0x08006436   0x08006436   0x00000076   Code   RO         6467    i.u8g2_font_get_glyph_data  u8g2_font.o
    0x080064ac   0x080064ac   0x00000014   Code   RO         6468    i.u8g2_font_get_word  u8g2_font.o
    0x080064c0   0x080064c0   0x00000034   Code   RO         6469    i.u8g2_font_setup_decode  u8g2_font.o
    0x080064f4   0x080064f4   0x00000018   Code   RO         8718    i.u8g2_is_intersection_decision_tree  u8g2_intersection.o
    0x0800650c   0x0800650c   0x00000098   Code   RO         8766    i.u8g2_ll_hvline_vertical_top_lsb  u8g2_ll_hvline.o
    0x080065a4   0x080065a4   0x0000000c   Code   RO         6385    i.u8g2_m_16_8_f     u8g2_d_memory.o
    0x080065b0   0x080065b0   0x0000006a   Code   RO         6471    i.u8g2_read_font_info  u8g2_font.o
    0x0800661a   0x0800661a   0x0000004e   Code   RO         6219    i.u8g2_send_buffer  u8g2_buffer.o
    0x08006668   0x08006668   0x0000004c   Code   RO         8920    i.u8g2_update_dimension_common  u8g2_setup.o
    0x080066b4   0x080066b4   0x00000004   Code   RO         8921    i.u8g2_update_dimension_r0  u8g2_setup.o
    0x080066b8   0x080066b8   0x00000026   Code   RO         8925    i.u8g2_update_page_win_r0  u8g2_setup.o
    0x080066de   0x080066de   0x0000001e   Code   RO        11680    i.u8x8_DrawTile     u8x8_display.o
    0x080066fc   0x080066fc   0x00000010   Code   RO        11682    i.u8x8_InitDisplay  u8x8_display.o
    0x0800670c   0x0800670c   0x00000010   Code   RO        11684    i.u8x8_RefreshDisplay  u8x8_display.o
    0x0800671c   0x0800671c   0x00000010   Code   RO        11687    i.u8x8_SetPowerSave  u8x8_display.o
    0x0800672c   0x0800672c   0x00000026   Code   RO        11986    i.u8x8_Setup        u8x8_setup.o
    0x08006752   0x08006752   0x00000002   PAD
    0x08006754   0x08006754   0x00000028   Code   RO        11987    i.u8x8_SetupDefaults  u8x8_setup.o
    0x0800677c   0x0800677c   0x00000010   Code   RO        11688    i.u8x8_SetupMemory  u8x8_display.o
    0x0800678c   0x0800678c   0x0000000e   Code   RO         9207    i.u8x8_ascii_next   u8x8_8x8.o
    0x0800679a   0x0800679a   0x00000010   Code   RO         9333    i.u8x8_byte_EndTransfer  u8x8_byte.o
    0x080067aa   0x080067aa   0x0000000c   Code   RO         9334    i.u8x8_byte_SendByte  u8x8_byte.o
    0x080067b6   0x080067b6   0x00000010   Code   RO         9335    i.u8x8_byte_SendBytes  u8x8_byte.o
    0x080067c6   0x080067c6   0x00000010   Code   RO         9337    i.u8x8_byte_StartTransfer  u8x8_byte.o
    0x080067d6   0x080067d6   0x00000002   PAD
    0x080067d8   0x080067d8   0x00000070   Code   RO         5374    i.u8x8_byte_hw_i2c  stm32_u8g2.o
    0x08006848   0x08006848   0x00000010   Code   RO         9453    i.u8x8_cad_EndTransfer  u8x8_cad.o
    0x08006858   0x08006858   0x00000010   Code   RO         9454    i.u8x8_cad_SendArg  u8x8_cad.o
    0x08006868   0x08006868   0x00000010   Code   RO         9455    i.u8x8_cad_SendCmd  u8x8_cad.o
    0x08006878   0x08006878   0x00000010   Code   RO         9456    i.u8x8_cad_SendData  u8x8_cad.o
    0x08006888   0x08006888   0x00000068   Code   RO         9458    i.u8x8_cad_SendSequence  u8x8_cad.o
    0x080068f0   0x080068f0   0x00000010   Code   RO         9459    i.u8x8_cad_StartTransfer  u8x8_cad.o
    0x08006900   0x08006900   0x000000bc   Code   RO         9462    i.u8x8_cad_ssd13xx_fast_i2c  u8x8_cad.o
    0x080069bc   0x080069bc   0x00000060   Code   RO        11689    i.u8x8_d_helper_display_init  u8x8_display.o
    0x08006a1c   0x08006a1c   0x0000000a   Code   RO        11690    i.u8x8_d_helper_display_setup_memory  u8x8_display.o
    0x08006a26   0x08006a26   0x00000002   PAD
    0x08006a28   0x08006a28   0x0000003c   Code   RO        10471    i.u8x8_d_ssd1306_128x64_noname  u8x8_d_ssd1306_128x64_noname.o
    0x08006a64   0x08006a64   0x000000c8   Code   RO        10473    i.u8x8_d_ssd1306_sh1106_generic  u8x8_d_ssd1306_128x64_noname.o
    0x08006b2c   0x08006b2c   0x00000004   Code   RO        11989    i.u8x8_dummy_cb     u8x8_setup.o
    0x08006b30   0x08006b30   0x00000062   Code   RO         5375    i.u8x8_gpio_and_delay  stm32_u8g2.o
    0x08006b92   0x08006b92   0x0000000c   Code   RO        11908    i.u8x8_gpio_call    u8x8_gpio.o
    0x08006b9e   0x08006b9e   0x0000002c   Code   RO         9470    i.u8x8_i2c_data_transfer  u8x8_cad.o
    0x08006bca   0x08006bca   0x00000008   Code   RO         9215    i.u8x8_utf8_init    u8x8_8x8.o
    0x08006bd2   0x08006bd2   0x0000000a   Code   RO        12269    x$fpl$fpinit        fz_wv.l(fpinit.o)
    0x08006bdc   0x08006bdc   0x00000018   Data   RO         4588    .constdata          stm32h7xx_hal_uart.o
    0x08006bf4   0x08006bf4   0x00000010   Data   RO         4954    .constdata          stm32h7xx_hal_uart_ex.o
    0x08006c04   0x08006c04   0x00000010   Data   RO         5059    .constdata          system_stm32h7xx.o
    0x08006c14   0x08006c14   0x0000060e   Data   RO         5433    .constdata          test.o
    0x08007222   0x08007222   0x0000072e   Data   RO         6728    .constdata          u8g2_fonts.o
    0x08007950   0x08007950   0x000002de   Data   RO         6765    .constdata          u8g2_fonts.o
    0x08007c2e   0x08007c2e   0x000009d6   Data   RO         7992    .constdata          u8g2_fonts.o
    0x08008604   0x08008604   0x00000653   Data   RO         7997    .constdata          u8g2_fonts.o
    0x08008c57   0x08008c57   0x00000f71   Data   RO         8000    .constdata          u8g2_fonts.o
    0x08009bc8   0x08009bc8   0x0000227f   Data   RO         8513    .constdata          u8g2_fonts.o
    0x0800be47   0x0800be47   0x00000325   Data   RO         8521    .constdata          u8g2_fonts.o
    0x0800c16c   0x0800c16c   0x0000000c   Data   RO         8929    .constdata          u8g2_setup.o
    0x0800c178   0x0800c178   0x00000158   Data   RO        10475    .constdata          u8x8_d_ssd1306_128x64_noname.o
    0x0800c2d0   0x0800c2d0   0x00000020   Data   RO        12323    Region$$Table       anon$$obj.o


    Execution Region RW_IRAM1 (Exec base: 0x20000000, Load base: 0x0800c2f0, Size: 0x00000000, Max: 0x00020000, ABSOLUTE)

    **** No section assigned to this execution region ****


    Execution Region RW_IRAM2 (Exec base: 0x24000000, Load base: 0x0800c2f0, Size: 0x00000d58, Max: 0x00080000, ABSOLUTE)

    Exec Addr    Load Addr    Size         Type   Attr      Idx    E Section Name        Object

    0x24000000   0x0800c2f0   0x00000004   Data   RW          426    .data               usart.o
    0x24000004   0x0800c2f4   0x00000024   Data   RW          502    .data               stm32h7xx_it.o
    0x24000028   0x0800c318   0x0000000c   Data   RW         2650    .data               stm32h7xx_hal.o
    0x24000034   0x0800c324   0x00000008   Data   RW         5060    .data               system_stm32h7xx.o
    0x2400003c   0x0800c32c   0x00000001   Data   RW         5377    .data               stm32_u8g2.o
    0x2400003d   0x0800c32d   0x00000006   Data   RW         9472    .data               u8x8_cad.o
    0x24000043   0x0800c333   0x00000001   PAD
    0x24000044        -       0x00000064   Zero   RW          284    .bss                adc.o
    0x240000a8        -       0x00000054   Zero   RW          326    .bss                i2c.o
    0x240000fc        -       0x00000098   Zero   RW          370    .bss                tim.o
    0x24000194        -       0x00000094   Zero   RW          425    .bss                usart.o
    0x24000228        -       0x0000004c   Zero   RW          647    .bss                stm32h7xx_hal_timebase_tim.o
    0x24000274        -       0x00000080   Zero   RW         5376    .bss                stm32_u8g2.o
    0x240002f4        -       0x00000400   Zero   RW         6386    .bss                u8g2_d_memory.o
    0x240006f4        -       0x00000060   Zero   RW        12201    .bss                c_w.l(libspace.o)
    0x24000754   0x0800c333   0x00000004   PAD
    0x24000758        -       0x00000200   Zero   RW            2    HEAP                startup_stm32h750xx.o
    0x24000958        -       0x00000400   Zero   RW            1    STACK               startup_stm32h750xx.o


==============================================================================

Image component sizes


      Code (inc. data)   RO Data    RW Data    ZI Data      Debug   Object Name

       256         20          0          0        100       1957   adc.o
       328         22          0          0          0       1211   gpio.o
       224         26          0          0         84       1925   i2c.o
       368         48          0          0          0    1496124   main.o
         0          0          0          0          0     157336   mui_u8g2.o
        64         26        664          0       1536        852   startup_stm32h750xx.o
       518         86          0          1        128       3251   stm32_u8g2.o
       184         40          0         12          0      23465   stm32h7xx_hal.o
      1958        156          0          0          0      69614   stm32h7xx_hal_adc.o
       156         10          0          0          0      62294   stm32h7xx_hal_adc_ex.o
       160         12          0          0          0      38874   stm32h7xx_hal_cortex.o
       590         50          0          0          0       2987   stm32h7xx_hal_gpio.o
      1120         22          0          0          0       9577   stm32h7xx_hal_i2c.o
       172          0          0          0          0       2115   stm32h7xx_hal_i2c_ex.o
        28          6          0          0          0        954   stm32h7xx_hal_msp.o
        84          6          0          0          0        797   stm32h7xx_hal_pwr_ex.o
      2558        110          0          0          0       7961   stm32h7xx_hal_rcc.o
      4776        174          0          0          0      10659   stm32h7xx_hal_rcc_ex.o
      1226         84          0          0          0      11125   stm32h7xx_hal_tim.o
       170         30          0          0          0       3292   stm32h7xx_hal_tim_ex.o
       140         20          0          0         76       1635   stm32h7xx_hal_timebase_tim.o
      1816        112         24          0          0      26998   stm32h7xx_hal_uart.o
       284          6         16          0          0       3861   stm32h7xx_hal_uart_ex.o
       210         32          0         36          0       9194   stm32h7xx_it.o
       220         40         16          8          0       1538   system_stm32h7xx.o
      1596        148       1550          0          0       7283   test.o
       268         32          0          0        152       2487   tim.o
       228          0          0          0          0       2271   u8g2_bitmap.o
       686          0          0          0          0       3418   u8g2_box.o
       234          0          0          0          0       4550   u8g2_buffer.o
      1510          0          0          0          0      11738   u8g2_circle.o
        12          4          0          0       1024        988   u8g2_d_memory.o
        56         14          0          0          0       1221   u8g2_d_setup.o
      1238         10          0          0          0      15587   u8g2_font.o
         0          0      20298          0          0     143181   u8g2_fonts.o
       320          0          0          0          0       4650   u8g2_hvline.o
        72          0          0          0          0       2127   u8g2_intersection.o
       152          0          0          0          0       1534   u8g2_ll_hvline.o
       334          0         12          0          0     145213   u8g2_setup.o
        22          0          0          0          0       1871   u8x8_8x8.o
        60          0          0          0          0       3209   u8x8_byte.o
       416         12          0          6          0       9220   u8x8_cad.o
       260         12        344          0          0       3279   u8x8_d_ssd1306_128x64_noname.o
       200          0          0          0          0       4750   u8x8_display.o
        12          0          0          0          0        633   u8x8_gpio.o
        82          4          0          0          0       1894   u8x8_setup.o
       302         32          0          4        148       4328   usart.o

    ----------------------------------------------------------------------
     25706       1406      22956         68       3248    2325028   Object Totals
         0          0         32          0          0          0   (incl. Generated)
        36          0          0          1          0          0   (incl. Padding)

    ----------------------------------------------------------------------

      Code (inc. data)   RO Data    RW Data    ZI Data      Debug   Library Member Name

         8          0          0          0          0         68   __main.o
       104          0          0          0          0         84   __printf.o
         0          0          0          0          0          0   __rtentry.o
        12          0          0          0          0          0   __rtentry2.o
         6          0          0          0          0          0   __rtentry4.o
        52          8          0          0          0          0   __scatter.o
        26          0          0          0          0          0   __scatter_copy.o
        28          0          0          0          0          0   __scatter_zi.o
        48          6          0          0          0         96   _printf_char_common.o
        36          4          0          0          0         80   _printf_char_file.o
         6          0          0          0          0          0   _printf_d.o
       120         16          0          0          0         92   _printf_dec.o
       178          0          0          0          0         88   _printf_intcommon.o
         0          0          0          0          0          0   _printf_percent.o
         4          0          0          0          0          0   _printf_percent_end.o
        10          0          0          0          0         68   _sputc.o
        18          0          0          0          0         80   exit.o
         8          0          0          0          0         68   ferror.o
         6          0          0          0          0        152   heapauxi.o
         2          0          0          0          0          0   libinit.o
         6          0          0          0          0          0   libinit2.o
         2          0          0          0          0          0   libshutdown.o
         2          0          0          0          0          0   libshutdown2.o
         8          4          0          0         96         68   libspace.o
       238          0          0          0          0        100   lludivv7m.o
        24          4          0          0          0         84   noretval__2printf.o
        40          6          0          0          0         84   noretval__2sprintf.o
        68          0          0          0          0         68   rt_memclr.o
        78          0          0          0          0         80   rt_memclr_w.o
         2          0          0          0          0          0   rtexit.o
        10          0          0          0          0          0   rtexit2.o
        74          0          0          0          0         80   sys_stackheap_outer.o
         2          0          0          0          0         68   use_no_semi.o
         2          0          0          0          0         68   use_no_semi_2.o
        10          0          0          0          0        116   fpinit.o

    ----------------------------------------------------------------------
      1242         48          0          0        100       1692   Library Totals
         4          0          0          0          4          0   (incl. Padding)

    ----------------------------------------------------------------------

      Code (inc. data)   RO Data    RW Data    ZI Data      Debug   Library Name

      1228         48          0          0         96       1576   c_w.l
        10          0          0          0          0        116   fz_wv.l

    ----------------------------------------------------------------------
      1242         48          0          0        100       1692   Library Totals

    ----------------------------------------------------------------------

==============================================================================


      Code (inc. data)   RO Data    RW Data    ZI Data      Debug   

     26948       1454      22956         68       3348    2305940   Grand Totals
     26948       1454      22956         68       3348    2305940   ELF Image Totals
     26948       1454      22956         68          0          0   ROM Totals

==============================================================================

    Total RO  Size (Code + RO Data)                49904 (  48.73kB)
    Total RW  Size (RW Data + ZI Data)              3416 (   3.34kB)
    Total ROM Size (Code + RO Data + RW Data)      49972 (  48.80kB)

==============================================================================

